01-01 00:06:55.769 D/Hantro_omx_core(  111): Init Component OMX.hantro.G1.video.decoder = 0
01-01 00:06:55.769 E/G1 decoder(  111): OMX  ! decoder_get_parameter ProfileLevel AVC OMX_ErrorNoMore (3)
01-01 00:06:55.769 E/G1 decoder(  111): OMX  ! decoder_get_parameter VideoPortFormat@output: OMX_ErrorNoMore (12)
01-01 00:06:55.769 E/G1 decoder(  111): OMX  ! decoder_set_parameter OMX_google_android_index_storeMetaDataInBuffers currently not supported hardware/verisilicon/openmax_il/source/81x0_decoder/decoder.c:1874
01-01 00:06:55.769 E/OMXNodeInstance(  111): OMX_SetParameter() failed for StoreMetaDataInBuffers: 0x80001005
01-01 00:06:55.769 E/G1 decoder(  111): OMX  ! decoder_set_parameter OMX_google_android_index_prepareForAdaptivePlayback currently not supported hardware/verisilicon/openmax_il/source/81x0_decoder/decoder.c:1883
01-01 00:06:55.769 W/OMXNodeInstance(  111): OMX_SetParameter failed for PrepareForAdaptivePlayback with error -2147479547 (0x80001005)
01-01 00:06:55.829 I/IMCGralloc(  111): gralloc_close
01-01 00:06:55.829 D/Hantro_omx_core(  111): hantro_OMX_FreeHandle 0xb8992288
01-01 00:06:55.849 I/OMXCodec(  111): [OMX.google.h264.decoder] AVC profile = 66 (Baseline), level = 31
01-01 00:06:55.849 I/OMXCodec(  111): [OMX.google.h264.decoder] video dimensions are 320 x 240
01-01 00:06:55.849 I/OMXCodec(  111): [OMX.google.h264.decoder] Crop rect is 319 x 239 @ (0, 0)
01-01 00:06:55.979 D/KeyguardViewMediator(  558): setHidden false
01-01 00:06:55.979 D/KeyguardUpdateMonitor(  558): sendKeyguardVisibilityChanged(true)
01-01 00:06:55.979 D/KeyguardUpdateMonitor(  558): handleKeyguardVisibilityChanged(1)
01-01 00:06:56.139 D/dalvikvm(  991): GC_CONCURRENT freed 265K, 7% free 4748K/5084K, paused 2ms+32ms, total 231ms
01-01 00:06:56.169 I/OMXCodec(  111): [OMX.google.h264.decoder] video dimensions are 640 x 480
01-01 00:06:56.169 I/OMXCodec(  111): [OMX.google.h264.decoder] Crop rect is 639 x 479 @ (0, 0)
01-01 00:06:56.509 D/KeyguardUpdateMonitor(  558): received broadcast android.intent.action.BATTERY_CHANGED
01-01 00:06:56.539 D/KeyguardUpdateMonitor(  558): handleBatteryUpdate
01-01 00:06:56.539 D/KeyguardUpdateMonitor(  558): received broadcast android.intent.action.BATTERY_CHANGED
01-01 00:06:56.559 D/KeyguardUpdateMonitor(  558): handleBatteryUpdate
01-01 00:06:56.929 D/KeyguardViewMediator(  558): setHidden false
01-01 00:06:56.929 D/KeyguardUpdateMonitor(  558): sendKeyguardVisibilityChanged(true)
01-01 00:06:56.929 D/KeyguardUpdateMonitor(  558): handleKeyguardVisibilityChanged(1)
01-01 00:06:57.139 D/dalvikvm(  501): GC_FOR_ALLOC freed 123K, 20% free 7049K/8712K, paused 72ms, total 94ms
01-01 00:06:57.139 I/dalvikvm-heap(  501): Grow heap (frag case) to 7.150MB for 214524-byte allocation
01-01 00:06:57.199 D/dalvikvm(  501): GC_FOR_ALLOC freed 9K, 19% free 7248K/8924K, paused 59ms, total 59ms
01-01 00:06:57.309 D/dalvikvm(  501): GC_FOR_ALLOC freed <1K, 19% free 7247K/8924K, paused 105ms, total 107ms
01-01 00:06:57.309 I/dalvikvm-heap(  501): Grow heap (frag case) to 7.344MB for 214524-byte allocation
01-01 00:06:57.369 D/dalvikvm(  501): GC_FOR_ALLOC freed 0K, 19% free 7457K/9136K, paused 64ms, total 65ms
01-01 00:06:57.379 D/KeyguardViewMediator(  558): setHidden false
01-01 00:06:57.379 D/KeyguardUpdateMonitor(  558): sendKeyguardVisibilityChanged(true)
01-01 00:06:57.379 D/KeyguardUpdateMonitor(  558): handleKeyguardVisibilityChanged(1)
01-01 00:06:57.379 D/KeyguardViewMediator(  558): setHidden false
01-01 00:06:57.379 D/KeyguardUpdateMonitor(  558): sendKeyguardVisibilityChanged(true)
01-01 00:06:57.379 D/KeyguardUpdateMonitor(  558): handleKeyguardVisibilityChanged(1)
01-01 00:06:57.449 D/KeyguardUpdateMonitor(  558): received broadcast android.intent.action.BATTERY_CHANGED
01-01 00:06:57.459 D/KeyguardUpdateMonitor(  558): handleBatteryUpdate
01-01 00:06:57.489 V/CAM_VideoModule(  991): closeCamera
01-01 00:06:57.519 I/ActivityManager(  501): Waited long enough for: ServiceRecord{527364e0 u0 com.android.music/.MediaPlaybackService}
01-01 00:06:57.519 I/ActivityManager(  501): Resuming delayed broadcast
01-01 00:06:57.559 I/ActivityManager(  501): Start proc com.android.cellbroadcastreceiver for broadcast com.android.cellbroadcastreceiver/.CellBroadcastReceiver: pid=1091 uid=10022 gids={50022}
01-01 00:06:57.579 D/dalvikvm( 1091): Try to disable coredump for pid 1091
01-01 00:06:57.579 D/dalvikvm( 1091): Process 1091 nice name: com.android.cellbroadcastreceiver
01-01 00:06:57.579 D/dalvikvm( 1091): Extra Options: not specified
01-01 00:06:57.589 D/KeyguardUpdateMonitor(  558): received broadcast android.intent.action.BATTERY_CHANGED
01-01 00:06:57.599 D/KeyguardUpdateMonitor(  558): handleBatteryUpdate
01-01 00:06:57.659 D/KeyguardUpdateMonitor(  558): received broadcast android.intent.action.BATTERY_CHANGED
01-01 00:06:57.689 D/KeyguardUpdateMonitor(  558): handleBatteryUpdate
01-01 00:06:57.689 D/KeyguardUpdateMonitor(  558): received broadcast android.intent.action.BATTERY_CHANGED
01-01 00:06:57.789 D/KeyguardUpdateMonitor(  558): handleBatteryUpdate
01-01 00:06:57.789 D/KeyguardUpdateMonitor(  558): received broadcast android.intent.action.BATTERY_CHANGED
01-01 00:06:57.799 D/KeyguardUpdateMonitor(  558): received broadcast android.intent.action.BATTERY_CHANGED
01-01 00:06:57.869 W/ActivityManager(  501): Activity pause timeout for ActivityRecord{5272890c u0 com.android.camera2/com.android.camera.CameraLauncher t2 f}
01-01 00:06:57.899 D/KeyguardViewMediator(  558): setHidden false
01-01 00:06:57.899 D/KeyguardUpdateMonitor(  558): sendKeyguardVisibilityChanged(true)
01-01 00:06:57.909 D/KeyguardUpdateMonitor(  558): handleBatteryUpdate
01-01 00:06:57.909 D/KeyguardUpdateMonitor(  558): handleBatteryUpdate
01-01 00:06:57.909 D/KeyguardUpdateMonitor(  558): received broadcast android.intent.action.BATTERY_CHANGED
01-01 00:06:57.939 D/KeyguardViewMediator(  558): setHidden false
01-01 00:06:57.939 D/KeyguardUpdateMonitor(  558): sendKeyguardVisibilityChanged(true)
01-01 00:06:58.019 D/KeyguardUpdateMonitor(  558): received broadcast android.intent.action.BATTERY_CHANGED
01-01 00:06:58.099 D/KeyguardUpdateMonitor(  558): received broadcast android.intent.action.BATTERY_CHANGED
01-01 00:06:58.099 D/KeyguardUpdateMonitor(  558): handleKeyguardVisibilityChanged(1)
01-01 00:06:58.099 D/KeyguardUpdateMonitor(  558): handleBatteryUpdate
01-01 00:06:58.129 W/CameraHardwareImc(  111): virtual android::status_t android::CameraHardwareImc::cancelPicture() : not supported, just returning NO_ERROR
01-01 00:06:58.149 D/KeyguardUpdateMonitor(  558): handleKeyguardVisibilityChanged(1)
01-01 00:06:58.149 D/KeyguardUpdateMonitor(  558): received broadcast android.intent.action.BATTERY_CHANGED
01-01 00:06:58.199 D/IAISP   (  111): IAISP::~IAISP()
01-01 00:06:58.199 I/IMCGralloc(  111): gralloc_close
01-01 00:06:58.199 E/CameraHardwareImc(  111): return from release function
01-01 00:06:58.209 D/KeyguardUpdateMonitor(  558): received broadcast android.intent.action.BATTERY_CHANGED
01-01 00:06:58.269 D/KeyguardUpdateMonitor(  558): handleBatteryUpdate
01-01 00:06:58.279 D/KeyguardUpdateMonitor(  558): received broadcast android.intent.action.BATTERY_CHANGED
01-01 00:06:58.279 D/KeyguardUpdateMonitor(  558): received broadcast android.intent.action.BATTERY_CHANGED
01-01 00:06:58.279 D/KeyguardUpdateMonitor(  558): handleBatteryUpdate
01-01 00:06:58.279 D/KeyguardUpdateMonitor(  558): received broadcast android.intent.action.BATTERY_CHANGED
01-01 00:06:58.319 D/KeyguardUpdateMonitor(  558): handleBatteryUpdate
01-01 00:06:58.319 D/KeyguardUpdateMonitor(  558): received broadcast android.intent.action.BATTERY_CHANGED
01-01 00:06:58.329 D/KeyguardUpdateMonitor(  558): handleBatteryUpdate
01-01 00:06:58.449 I/CameraClient(  111): Destroying camera 0
01-01 00:06:58.459 E/CameraHardwareImc(  111): return from release function
01-01 00:06:58.459 V/CAM_VideoModule(  991): Releasing media recorder.
01-01 00:06:58.509 D/KeyguardViewMediator(  558): setHidden false
01-01 00:06:58.509 D/KeyguardUpdateMonitor(  558): sendKeyguardVisibilityChanged(true)
01-01 00:06:58.519 D/KeyguardUpdateMonitor(  558): received broadcast android.intent.action.BATTERY_CHANGED
01-01 00:06:58.519 D/KeyguardUpdateMonitor(  558): received broadcast android.intent.action.BATTERY_CHANGED
01-01 00:06:58.519 D/KeyguardUpdateMonitor(  558): handleBatteryUpdate
01-01 00:06:58.569 D/KeyguardUpdateMonitor(  558): handleBatteryUpdate
01-01 00:06:58.569 D/KeyguardUpdateMonitor(  558): handleBatteryUpdate
01-01 00:06:58.589 D/KeyguardUpdateMonitor(  558): received broadcast android.intent.action.BATTERY_CHANGED
01-01 00:06:58.589 D/KeyguardUpdateMonitor(  558): handleBatteryUpdate
01-01 00:06:58.599 D/KeyguardUpdateMonitor(  558): received broadcast android.intent.action.BATTERY_CHANGED
01-01 00:06:58.599 D/KeyguardUpdateMonitor(  558): received broadcast android.intent.action.BATTERY_CHANGED
01-01 00:06:58.599 D/KeyguardUpdateMonitor(  558): handleKeyguardVisibilityChanged(1)
01-01 00:06:58.629 D/KeyguardUpdateMonitor(  558): handleBatteryUpdate
01-01 00:06:58.629 D/KeyguardUpdateMonitor(  558): handleBatteryUpdate
01-01 00:06:58.729 I/Choreographer(  991): Skipped 74 frames!  The application may be doing too much work on its main thread.
01-01 00:06:58.749 D/KeyguardViewMediator(  558): setHidden false
01-01 00:06:58.749 D/KeyguardUpdateMonitor(  558): sendKeyguardVisibilityChanged(true)
01-01 00:06:58.759 D/KeyguardUpdateMonitor(  558): received broadcast android.intent.action.BATTERY_CHANGED
01-01 00:06:58.789 D/KeyguardUpdateMonitor(  558): handleBatteryUpdate
01-01 00:06:58.789 D/KeyguardUpdateMonitor(  558): handleBatteryUpdate
01-01 00:06:58.789 D/KeyguardUpdateMonitor(  558): handleBatteryUpdate
01-01 00:06:58.789 D/KeyguardUpdateMonitor(  558): received broadcast android.intent.action.BATTERY_CHANGED
01-01 00:06:58.949 D/KeyguardUpdateMonitor(  558): handleKeyguardVisibilityChanged(1)
01-01 00:06:58.949 D/KeyguardUpdateMonitor(  558): handleBatteryUpdate
01-01 00:06:58.949 D/KeyguardUpdateMonitor(  558): handleBatteryUpdate
01-01 00:06:58.959 D/KeyguardUpdateMonitor(  558): received broadcast android.intent.action.BATTERY_CHANGED
01-01 00:06:59.019 D/KeyguardViewMediator(  558): setHidden false
01-01 00:06:59.019 D/KeyguardUpdateMonitor(  558): sendKeyguardVisibilityChanged(true)
01-01 00:06:59.069 I/dalvikvm(  501): Could not compile trace for Landroid/util/ArrayMap;freeArrays, offset 27
01-01 00:06:59.069 I/dalvikvm(  501): ++++++++++++++++++++++++++++++++++++++++++++
01-01 00:06:59.069 I/dalvikvm(  501): JIT_INFO: ME Issues while compiling trace  Landroid/util/ArrayMap;freeArrays, offset 27
01-01 00:06:59.069 I/dalvikvm(  501): 	The trace provoked a spill.
01-01 00:06:59.069 I/dalvikvm(  501): Trying less registerization from 1 to 0
01-01 00:06:59.099 D/KeyguardUpdateMonitor(  558): handleBatteryUpdate
01-01 00:06:59.099 D/KeyguardUpdateMonitor(  558): handleKeyguardVisibilityChanged(1)
01-01 00:06:59.109 D/KeyguardUpdateMonitor(  558): received broadcast android.intent.action.BATTERY_CHANGED
01-01 00:06:59.139 D/KeyguardUpdateMonitor(  558): received broadcast android.intent.action.BATTERY_CHANGED
01-01 00:06:59.219 D/KeyguardUpdateMonitor(  558): handleBatteryUpdate
01-01 00:06:59.219 D/KeyguardUpdateMonitor(  558): handleBatteryUpdate
01-01 00:06:59.379 I/dalvikvm(  501): Could not compile trace for Landroid/util/ArrayMap;freeArrays, offset 29
01-01 00:06:59.379 I/dalvikvm(  501): ++++++++++++++++++++++++++++++++++++++++++++
01-01 00:06:59.379 I/dalvikvm(  501): JIT_INFO: ME Issues while compiling trace  Landroid/util/ArrayMap;freeArrays, offset 29
01-01 00:06:59.379 I/dalvikvm(  501): 	The trace provoked a spill.
01-01 00:06:59.379 I/dalvikvm(  501): Trying less registerization from 1 to 0
01-01 00:06:59.499 I/ActivityManager(  501): Waited long enough for: ServiceRecord{527b97d0 u0 com.android.providers.media/.MediaScannerService}
01-01 00:06:59.599 D/KeyguardViewMediator(  558): setHidden false
01-01 00:06:59.599 D/KeyguardUpdateMonitor(  558): sendKeyguardVisibilityChanged(true)
01-01 00:06:59.599 D/KeyguardUpdateMonitor(  558): handleKeyguardVisibilityChanged(1)
01-01 00:06:59.609 D/CAM_VideoUI(  991): surfaceTexture is destroyed
01-01 00:06:59.619 D/KeyguardViewMediator(  558): setHidden false
01-01 00:06:59.619 D/KeyguardUpdateMonitor(  558): sendKeyguardVisibilityChanged(true)
01-01 00:06:59.619 D/KeyguardUpdateMonitor(  558): handleKeyguardVisibilityChanged(1)
01-01 00:06:59.629 D/KeyguardViewMediator(  558): setHidden false
01-01 00:06:59.629 D/KeyguardUpdateMonitor(  558): sendKeyguardVisibilityChanged(true)
01-01 00:06:59.629 D/KeyguardUpdateMonitor(  558): handleKeyguardVisibilityChanged(1)
01-01 00:06:59.659 D/KeyguardViewMediator(  558): setHidden false
01-01 00:06:59.659 D/KeyguardUpdateMonitor(  558): sendKeyguardVisibilityChanged(true)
01-01 00:06:59.659 D/KeyguardUpdateMonitor(  558): handleKeyguardVisibilityChanged(1)
01-01 00:06:59.669 D/KeyguardViewMediator(  558): setHidden false
01-01 00:06:59.669 D/KeyguardUpdateMonitor(  558): sendKeyguardVisibilityChanged(true)
01-01 00:06:59.669 D/KeyguardUpdateMonitor(  558): handleKeyguardVisibilityChanged(1)
01-01 00:06:59.669 D/KeyguardViewMediator(  558): setHidden false
01-01 00:06:59.669 D/KeyguardUpdateMonitor(  558): sendKeyguardVisibilityChanged(true)
01-01 00:06:59.679 D/KeyguardUpdateMonitor(  558): handleKeyguardVisibilityChanged(1)
01-01 00:06:59.989 D/KeyguardUpdateMonitor(  558): received broadcast android.intent.action.TIME_TICK
01-01 00:06:59.989 D/KeyguardUpdateMonitor(  558): handleTimeUpdate
01-01 00:07:00.019 D/KeyguardViewMediator(  558): setHidden false
01-01 00:07:00.019 D/KeyguardUpdateMonitor(  558): sendKeyguardVisibilityChanged(true)
01-01 00:07:00.079 D/KeyguardUpdateMonitor(  558): handleKeyguardVisibilityChanged(1)
01-01 00:07:00.169 D/KeyguardViewMediator(  558): setHidden false
01-01 00:07:00.169 D/KeyguardUpdateMonitor(  558): sendKeyguardVisibilityChanged(true)
01-01 00:07:00.169 D/KeyguardUpdateMonitor(  558): handleKeyguardVisibilityChanged(1)
01-01 00:07:00.189 D/KeyguardViewMediator(  558): setHidden false
01-01 00:07:00.189 D/KeyguardUpdateMonitor(  558): sendKeyguardVisibilityChanged(true)
01-01 00:07:00.189 D/KeyguardUpdateMonitor(  558): handleKeyguardVisibilityChanged(1)
01-01 00:07:00.199 D/KeyguardViewMediator(  558): setHidden false
01-01 00:07:00.199 D/KeyguardUpdateMonitor(  558): sendKeyguardVisibilityChanged(true)
01-01 00:07:00.199 D/KeyguardUpdateMonitor(  558): handleKeyguardVisibilityChanged(1)
01-01 00:07:00.379 W/CellBroadcastReceiver( 1091): onReceive() unexpected action android.intent.action.BOOT_COMPLETED
01-01 00:07:00.399 D/dalvikvm( 1108): Try to disable coredump for pid 1108
01-01 00:07:00.399 D/dalvikvm( 1108): Process 1108 nice name: com.android.deskclock
01-01 00:07:00.399 D/dalvikvm( 1108): Extra Options: not specified
01-01 00:07:00.419 I/ActivityManager(  501): Start proc com.android.deskclock for broadcast com.android.deskclock/.AlarmInitReceiver: pid=1108 uid=10024 gids={50024, 1028}
01-01 00:07:00.479 D/dalvikvm(  109): GC_EXPLICIT freed 39K, 4% free 2759K/2860K, paused 1ms+5ms, total 63ms
01-01 00:07:00.539 D/dalvikvm(  109): GC_EXPLICIT freed <1K, 4% free 2759K/2860K, paused 2ms+1ms, total 63ms
01-01 00:07:00.599 D/dalvikvm(  109): GC_EXPLICIT freed <1K, 4% free 2759K/2860K, paused 1ms+14ms, total 59ms
01-01 00:07:00.899 D/KeyguardViewMediator(  558): setHidden false
01-01 00:07:00.899 D/KeyguardUpdateMonitor(  558): sendKeyguardVisibilityChanged(true)
01-01 00:07:00.899 D/KeyguardUpdateMonitor(  558): handleKeyguardVisibilityChanged(1)
01-01 00:07:00.959 D/KeyguardViewMediator(  558): setHidden false
01-01 00:07:00.959 D/KeyguardUpdateMonitor(  558): sendKeyguardVisibilityChanged(true)
01-01 00:07:00.959 D/KeyguardUpdateMonitor(  558): handleKeyguardVisibilityChanged(1)
01-01 00:07:01.129 V/AlarmClock( 1108): AlarmInitReceiver android.intent.action.BOOT_COMPLETED
01-01 00:07:01.199 V/AlarmClock( 1108): AlarmInitReceiver - Reset timers and clear stopwatch data
01-01 00:07:01.229 E/MetadataRetrieverClient(  111): failed to extract an album art
01-01 00:07:01.229 E/MediaMetadataRetrieverJNI(  991): getEmbeddedPicture: Call to getEmbeddedPicture failed.
01-01 00:07:01.229 D/Hantro_omx_core(  111): Component name: OMX.hantro.G1.video.decoder
01-01 00:07:01.229 D/Hantro_omx_core(  111): OMX core: component file name: libOMX.hantro.G1.video.decoder.so
01-01 00:07:01.249 I/AlarmClock( 1108): Displaying next alarm time: ''
01-01 00:07:01.269 W/G1 decoder(  111): [DBGT] g1dec compiled without trace support (ENABLE_DBGT_TRACE switch not enabled)
01-01 00:07:01.289 V/AlarmClock( 1108): AlarmInitReceiver finished
01-01 00:07:01.289 I/IMCGralloc(  111): gralloc_device_open(gpu0)
01-01 00:07:01.289 D/IMCGralloc(  111): int gralloc_device_open(const hw_module_t*, const char*, hw_device_t**): ion device already opened! fd = 41
01-01 00:07:01.289 D/G1 decoder(  111): STAT: trace decoding time: 0
01-01 00:07:01.289 D/Hantro_omx_core(  111): Init Component OMX.hantro.G1.video.decoder = 0
01-01 00:07:01.289 E/G1 decoder(  111): OMX  ! decoder_get_parameter ProfileLevel AVC OMX_ErrorNoMore (3)
01-01 00:07:01.289 E/G1 decoder(  111): OMX  ! decoder_get_parameter VideoPortFormat@output: OMX_ErrorNoMore (12)
01-01 00:07:01.289 E/G1 decoder(  111): OMX  ! decoder_set_parameter OMX_google_android_index_storeMetaDataInBuffers currently not supported hardware/verisilicon/openmax_il/source/81x0_decoder/decoder.c:1874
01-01 00:07:01.289 E/OMXNodeInstance(  111): OMX_SetParameter() failed for StoreMetaDataInBuffers: 0x80001005
01-01 00:07:01.289 E/G1 decoder(  111): OMX  ! decoder_set_parameter OMX_google_android_index_prepareForAdaptivePlayback currently not supported hardware/verisilicon/openmax_il/source/81x0_decoder/decoder.c:1883
01-01 00:07:01.289 W/OMXNodeInstance(  111): OMX_SetParameter failed for PrepareForAdaptivePlayback with error -2147479547 (0x80001005)
01-01 00:07:01.289 D/dalvikvm( 1125): Try to disable coredump for pid 1125
01-01 00:07:01.289 D/dalvikvm( 1125): Process 1125 nice name: com.android.email
01-01 00:07:01.289 D/dalvikvm( 1125): Extra Options: not specified
01-01 00:07:01.309 I/ActivityManager(  501): Start proc com.android.email for broadcast com.android.email/.service.EmailBroadcastReceiver: pid=1125 uid=10027 gids={50027, 3003, 1028, 1015}
01-01 00:07:01.369 I/IMCGralloc(  111): gralloc_close
01-01 00:07:01.369 D/Hantro_omx_core(  111): hantro_OMX_FreeHandle 0xb8922978
01-01 00:07:01.389 I/OMXCodec(  111): [OMX.google.h264.decoder] AVC profile = 66 (Baseline), level = 31
01-01 00:07:01.389 I/OMXCodec(  111): [OMX.google.h264.decoder] video dimensions are 320 x 240
01-01 00:07:01.389 I/OMXCodec(  111): [OMX.google.h264.decoder] Crop rect is 319 x 239 @ (0, 0)
01-01 00:07:01.509 I/OMXCodec(  111): [OMX.google.h264.decoder] video dimensions are 176 x 144
01-01 00:07:01.509 I/OMXCodec(  111): [OMX.google.h264.decoder] Crop rect is 175 x 143 @ (0, 0)
01-01 00:07:01.569 D/ActivityThread( 1125): Loading provider com.android.email.provider;com.android.email.notifier: com.android.email.provider.EmailProvider
01-01 00:07:01.599 D/ActivityThread( 1125): Loading provider com.android.email.provider;com.android.email.notifier: com.android.email.provider.EmailProvider
01-01 00:07:01.679 I/LauncherIconVisibilityManager(  647): Boot has been completed
01-01 00:07:01.679 I/LauncherIconVisibilityManager(  647): Activity has already been disabled: ComponentInfo{com.android.inputmethod.latin/com.android.inputmethod.latin.setup.SetupActivity}
01-01 00:07:01.879 D/SimConfigWidgetProvider(  668): on receive : action com.intel.simwidget.action.GENERIC_UPDATE
01-01 00:07:01.919 D/SimWidgetApp(  668): slot 0 enabled: 1
01-01 00:07:01.919 D/SimWidgetApp(  668): get the network mode:0
01-01 00:07:01.919 D/SimWidgetApp(  668): getSimInfo, SIM 1:state 1,SPN No service.,isOn true,isDataSim true,networkMode 0,isSwitching false,getDataState:1
01-01 00:07:01.919 D/SimConfigWidgetProvider(  668): sim data state1
01-01 00:07:01.929 I/dalvikvm(  668): Total arena pages for JIT: 201
01-01 00:07:01.929 I/dalvikvm(  668): Total arena pages for JIT: 202
01-01 00:07:01.959 I/dalvikvm(  668): Total arena pages for JIT: 201
01-01 00:07:01.959 I/dalvikvm(  668): Total arena pages for JIT: 202
01-01 00:07:01.959 I/dalvikvm(  668): Total arena pages for JIT: 203
01-01 00:07:01.959 I/dalvikvm(  668): Total arena pages for JIT: 204
01-01 00:07:01.959 I/dalvikvm(  668): Total arena pages for JIT: 205
01-01 00:07:01.959 I/dalvikvm(  668): Total arena pages for JIT: 206
01-01 00:07:01.959 I/dalvikvm(  668): Total arena pages for JIT: 207
01-01 00:07:01.959 I/dalvikvm(  668): Total arena pages for JIT: 208
01-01 00:07:01.959 I/dalvikvm(  668): Total arena pages for JIT: 209
01-01 00:07:01.959 I/dalvikvm(  668): Total arena pages for JIT: 210
01-01 00:07:01.959 I/dalvikvm(  668): Total arena pages for JIT: 211
01-01 00:07:01.959 I/dalvikvm(  668): Total arena pages for JIT: 212
01-01 00:07:01.959 I/dalvikvm(  668): Total arena pages for JIT: 213
01-01 00:07:01.959 I/dalvikvm(  668): Total arena pages for JIT: 214
01-01 00:07:01.959 I/dalvikvm(  668): Total arena pages for JIT: 215
01-01 00:07:01.959 I/dalvikvm(  668): Total arena pages for JIT: 216
01-01 00:07:01.959 I/dalvikvm(  668): Total arena pages for JIT: 217
01-01 00:07:01.959 I/dalvikvm(  668): Total arena pages for JIT: 218
01-01 00:07:01.959 I/dalvikvm(  668): Total arena pages for JIT: 219
01-01 00:07:01.959 I/dalvikvm(  668): Total arena pages for JIT: 220
01-01 00:07:01.959 I/dalvikvm(  668): Total arena pages for JIT: 221
01-01 00:07:01.959 I/dalvikvm(  668): Total arena pages for JIT: 222
01-01 00:07:01.959 I/dalvikvm(  668): Total arena pages for JIT: 223
01-01 00:07:01.959 I/dalvikvm(  668): Total arena pages for JIT: 224
01-01 00:07:01.959 I/dalvikvm(  668): Total arena pages for JIT: 225
01-01 00:07:01.959 I/dalvikvm(  668): Total arena pages for JIT: 226
01-01 00:07:01.959 I/dalvikvm(  668): Total arena pages for JIT: 227
01-01 00:07:01.959 I/dalvikvm(  668): Total arena pages for JIT: 228
01-01 00:07:01.959 I/dalvikvm(  668): Total arena pages for JIT: 229
01-01 00:07:01.959 I/dalvikvm(  668): Total arena pages for JIT: 230
01-01 00:07:01.959 I/dalvikvm(  668): Total arena pages for JIT: 231
01-01 00:07:01.959 I/dalvikvm(  668): Total arena pages for JIT: 232
01-01 00:07:01.959 I/dalvikvm(  668): Total arena pages for JIT: 233
01-01 00:07:01.989 D/SimWidgetApp(  668): slot 1 enabled: 1
01-01 00:07:01.989 D/SimWidgetApp(  668): get the network mode:1
01-01 00:07:01.989 D/SimWidgetApp(  668): getSimInfo, SIM 2:state 1,SPN null,isOn true,isDataSim false,networkMode 1,isSwitching false,getDataState:3
01-01 00:07:01.989 D/SimConfigWidgetProvider(  668): sim data state3
01-01 00:07:01.989 D/SimWidgetApp(  668): sim state:1mobileDataOn:trueairplanemode:false
01-01 00:07:02.099 D/SimConfigWidgetProvider(  668): on receive : action com.intel.simwidget.action.GENERIC_UPDATE
01-01 00:07:02.139 I/dalvikvm(  668): Total arena pages for JIT: 234
01-01 00:07:02.149 I/dalvikvm(  668): Total arena pages for JIT: 235
01-01 00:07:02.149 I/dalvikvm(  668): Total arena pages for JIT: 236
01-01 00:07:02.149 I/dalvikvm(  668): Total arena pages for JIT: 237
01-01 00:07:02.149 I/dalvikvm(  668): Total arena pages for JIT: 238
01-01 00:07:02.149 I/dalvikvm(  668): Total arena pages for JIT: 239
01-01 00:07:02.149 I/dalvikvm(  668): Total arena pages for JIT: 240
01-01 00:07:02.149 I/dalvikvm(  668): Total arena pages for JIT: 241
01-01 00:07:02.149 I/dalvikvm(  668): Total arena pages for JIT: 242
01-01 00:07:02.149 I/dalvikvm(  668): Total arena pages for JIT: 243
01-01 00:07:02.149 I/dalvikvm(  668): Total arena pages for JIT: 244
01-01 00:07:02.259 D/SimWidgetApp(  668): slot 0 enabled: 1
01-01 00:07:02.259 D/SimWidgetApp(  668): get the network mode:0
01-01 00:07:02.259 D/SimWidgetApp(  668): getSimInfo, SIM 1:state 1,SPN No service.,isOn true,isDataSim true,networkMode 0,isSwitching false,getDataState:1
01-01 00:07:02.259 D/SimConfigWidgetProvider(  668): sim data state1
01-01 00:07:02.259 D/SimWidgetApp(  668): slot 1 enabled: 1
01-01 00:07:02.259 D/SimWidgetApp(  668): get the network mode:1
01-01 00:07:02.259 D/SimWidgetApp(  668): getSimInfo, SIM 2:state 1,SPN null,isOn true,isDataSim false,networkMode 1,isSwitching false,getDataState:3
01-01 00:07:02.259 D/SimConfigWidgetProvider(  668): sim data state3
01-01 00:07:02.269 D/SimWidgetApp(  668): sim state:1mobileDataOn:trueairplanemode:false
01-01 00:07:02.459 D/PhoneApp(  661): Broadcast from Notification: com.imc.intent.RAT_SETTING
01-01 00:07:02.479 D/SimConfigWidgetProvider(  668): on receive : action android.location.PROVIDERS_CHANGED
01-01 00:07:02.539 D/SimConfigWidgetProvider(  668): on receive : action com.intel.simwidget.action.GENERIC_UPDATE
01-01 00:07:02.619 D/SimWidgetApp(  668): slot 0 enabled: 1
01-01 00:07:02.619 D/SimWidgetApp(  668): get the network mode:0
01-01 00:07:02.619 D/SimWidgetApp(  668): getSimInfo, SIM 1:state 1,SPN No service.,isOn true,isDataSim true,networkMode 0,isSwitching false,getDataState:1
01-01 00:07:02.619 D/SimConfigWidgetProvider(  668): sim data state1
01-01 00:07:02.619 D/SimWidgetApp(  668): slot 1 enabled: 1
01-01 00:07:02.619 D/SimWidgetApp(  668): get the network mode:1
01-01 00:07:02.619 D/SimWidgetApp(  668): getSimInfo, SIM 2:state 1,SPN null,isOn true,isDataSim false,networkMode 1,isSwitching false,getDataState:3
01-01 00:07:02.619 D/SimConfigWidgetProvider(  668): sim data state3
01-01 00:07:02.619 D/SimWidgetApp(  668): sim state:1mobileDataOn:trueairplanemode:false
01-01 00:07:02.709 D/SimConfigWidgetProvider(  668): on receive : action com.intel.simwidget.action.GENERIC_UPDATE
01-01 00:07:02.809 D/SimWidgetApp(  668): slot 0 enabled: 1
01-01 00:07:02.809 D/SimWidgetApp(  668): get the network mode:0
01-01 00:07:02.809 D/SimWidgetApp(  668): getSimInfo, SIM 1:state 1,SPN No service.,isOn true,isDataSim true,networkMode 0,isSwitching false,getDataState:1
01-01 00:07:02.809 D/SimConfigWidgetProvider(  668): sim data state1
01-01 00:07:02.809 D/SimWidgetApp(  668): slot 1 enabled: 1
01-01 00:07:02.809 D/SimWidgetApp(  668): get the network mode:1
01-01 00:07:02.809 D/SimWidgetApp(  668): getSimInfo, SIM 2:state 1,SPN null,isOn true,isDataSim false,networkMode 1,isSwitching false,getDataState:3
01-01 00:07:02.809 D/SimConfigWidgetProvider(  668): sim data state3
01-01 00:07:02.809 D/SimWidgetApp(  668): sim state:1mobileDataOn:trueairplanemode:false
01-01 00:07:03.429 D/KeyguardViewMediator(  558): setHidden false
01-01 00:07:03.429 D/KeyguardUpdateMonitor(  558): sendKeyguardVisibilityChanged(true)
01-01 00:07:03.429 D/KeyguardUpdateMonitor(  558): handleKeyguardVisibilityChanged(1)
01-01 00:07:03.589 D/AUD_HAL (  111): out_set_parameters - kvpairs = routing=2
01-01 00:07:03.589 D/AUD_HAL (  111): out_set_parameters - old adev->out_device 2, new out_device 2
01-01 00:07:03.589 D/AUD_HAL (  111): out_set_parameters - out_device updated to - 0x00000002
01-01 00:07:03.599 D/AUD_HAL (  111): Output stream is in standby => call audio_hw_open_out_stream()
01-01 00:07:03.599 D/AUD_HAL (  111): audio_hw_out_dev_update called
01-01 00:07:03.599 D/AUD_HAL (  111): audio_hw_device_out_route
01-01 00:07:03.599 D/AUD_HAL (  111): all routes are marked AUDIO_HW_UTA_ROUTE_UNCONNECTED
01-01 00:07:03.599 D/AUD_HAL (  111): output device bit 1 found
01-01 00:07:03.599 D/AUD_HAL (  111): audio_hw_uta_set_dst_for_src - uta_src 6
01-01 00:07:03.599 D/AUD_HAL (  111): nof_uta_dst 0
01-01 00:07:03.599 D/AUD_HAL (  111): uta_dst_array[0] = 0
01-01 00:07:03.599 D/AUD_HAL (  111): uta_dst_array[1] = 0
01-01 00:07:03.599 D/AUD_HAL (  111): uta_dst_array[2] = 0
01-01 00:07:03.629 D/AUD_HAL (  111): audio_hw_uta_set_dst_for_src - uta_src 6
01-01 00:07:03.629 D/AUD_HAL (  111): nof_uta_dst 1
01-01 00:07:03.629 D/AUD_HAL (  111): uta_dst_array[0] = 1
01-01 00:07:03.629 D/AUD_HAL (  111): uta_dst_array[1] = 0
01-01 00:07:03.629 D/AUD_HAL (  111): uta_dst_array[2] = 0
01-01 00:07:03.629 W/AUD_IMAS(  111): UtaAudioSetDestinationsForSource - aud_src = 6, destinations = 2
01-01 00:07:03.629 E/AUD_DSP_LIB(  111): dsp_aud_power_save_disable: Trying to enable DSP power via RPC
01-01 00:07:03.629 I/AUD_DSP_LIB(  111): dsp_aud_handle_silent_source - modem_support = 1 hence DO call RPC to enable/disable silent src on CP side
01-01 00:07:03.629 D/AUD_HAL (  111): Active source UTA_AUDIO_SOURCE_PCM_GENERAL
01-01 00:07:03.629 W/AUD_HAL (  111): mode = AUDIO_HW_ILLEGAL_MODE for source UTA_AUDIO_SOURCE_PCM_GENERAL
01-01 00:07:03.629 D/AUD_HAL (  111): Connected route from UTA_AUDIO_SOURCE_PCM_GENERAL to UTA_AUDIO_DESTINATION_ANALOG_OUT
01-01 00:07:03.629 D/AUD_HAL (  111): UTA_AUDIO_DESTINATION_ANALOG_OUT destination configured to UTA_AUDIO_ANALOG_DEST_BACKSPEAKER
01-01 00:07:03.629 D/AUD_HAL (  111): Mails are pending in audio driver event queue -> sleep 20 ms
01-01 00:07:03.649 D/AUD_HAL (  111): Mails are pending in audio driver event queue -> sleep 20 ms
01-01 00:07:03.649 D/AUD_IMAS(  111): aud_set_control:Trying to set control LS ClassD Frequency Divider to value 35 
01-01 00:07:03.649 D/AUD_IMAS(  111):  AUD_ACTIVATE AFE 1
01-01 00:07:03.689 D/AUD_HAL (  111): All mails processed in audio driver event queue - total sleep = 40 ms
01-01 00:07:03.689 D/AUD_HAL (  111): audio_hw_device_out_route returned success!
01-01 00:07:03.699 I/ActivityManager(  501): START u0 {act=android.intent.action.MAIN cat=[android.intent.category.LAUNCHER] flg=0x10200000 cmp=com.android.camera2/com.android.camera.CameraLauncher bnds=[102,785][222,935]} from pid 679
01-01 00:07:03.749 D/KeyguardViewMediator(  558): setHidden false
01-01 00:07:03.749 D/KeyguardUpdateMonitor(  558): sendKeyguardVisibilityChanged(true)
01-01 00:07:03.749 D/KeyguardUpdateMonitor(  558): handleKeyguardVisibilityChanged(1)
01-01 00:07:04.019 D/dalvikvm(  501): GC_FOR_ALLOC freed 355K, 21% free 7299K/9136K, paused 232ms, total 244ms
01-01 00:07:04.129 D/KeyguardViewMediator(  558): setHidden false
01-01 00:07:04.139 D/KeyguardUpdateMonitor(  558): sendKeyguardVisibilityChanged(true)
01-01 00:07:04.139 D/KeyguardUpdateMonitor(  558): handleKeyguardVisibilityChanged(1)
01-01 00:07:04.219 D/KeyguardViewMediator(  558): setHidden false
01-01 00:07:04.219 D/KeyguardUpdateMonitor(  558): sendKeyguardVisibilityChanged(true)
01-01 00:07:04.219 D/KeyguardUpdateMonitor(  558): handleKeyguardVisibilityChanged(1)
01-01 00:07:04.549 D/KeyguardViewMediator(  558): setHidden false
01-01 00:07:04.549 D/KeyguardUpdateMonitor(  558): sendKeyguardVisibilityChanged(true)
01-01 00:07:04.549 D/KeyguardUpdateMonitor(  558): handleKeyguardVisibilityChanged(1)
01-01 00:07:04.779 D/KeyguardViewMediator(  558): setHidden false
01-01 00:07:04.789 D/KeyguardUpdateMonitor(  558): sendKeyguardVisibilityChanged(true)
01-01 00:07:04.789 D/KeyguardUpdateMonitor(  558): handleKeyguardVisibilityChanged(1)
01-01 00:07:04.829 D/KeyguardViewMediator(  558): setHidden false
01-01 00:07:04.829 D/KeyguardUpdateMonitor(  558): sendKeyguardVisibilityChanged(true)
01-01 00:07:04.839 D/KeyguardUpdateMonitor(  558): handleKeyguardVisibilityChanged(1)
01-01 00:07:04.849 D/KeyguardViewMediator(  558): setHidden false
01-01 00:07:04.859 D/KeyguardUpdateMonitor(  558): sendKeyguardVisibilityChanged(true)
01-01 00:07:04.859 D/KeyguardUpdateMonitor(  558): handleKeyguardVisibilityChanged(1)
01-01 00:07:05.059 D/KeyguardViewMediator(  558): setHidden false
01-01 00:07:05.059 D/KeyguardUpdateMonitor(  558): sendKeyguardVisibilityChanged(true)
01-01 00:07:05.089 D/KeyguardUpdateMonitor(  558): handleKeyguardVisibilityChanged(1)
01-01 00:07:05.399 D/KeyguardViewMediator(  558): setHidden false
01-01 00:07:05.399 D/KeyguardUpdateMonitor(  558): sendKeyguardVisibilityChanged(true)
01-01 00:07:05.399 D/KeyguardUpdateMonitor(  558): handleKeyguardVisibilityChanged(1)
01-01 00:07:05.449 D/KeyguardViewMediator(  558): setHidden false
01-01 00:07:05.449 D/KeyguardUpdateMonitor(  558): sendKeyguardVisibilityChanged(true)
01-01 00:07:05.449 D/KeyguardUpdateMonitor(  558): handleKeyguardVisibilityChanged(1)
01-01 00:07:05.559 D/KeyguardViewMediator(  558): setHidden false
01-01 00:07:05.559 D/KeyguardUpdateMonitor(  558): sendKeyguardVisibilityChanged(true)
01-01 00:07:05.559 D/KeyguardUpdateMonitor(  558): handleKeyguardVisibilityChanged(1)
01-01 00:07:06.049 D/dalvikvm(  991): GC_FOR_ALLOC freed 46K, 5% free 5631K/5916K, paused 77ms, total 112ms
01-01 00:07:06.539 V/CameraHolder(  991): open camera 0
01-01 00:07:06.539 I/AwesomePlayer(  111): setDataSource_l(URL suppressed)
01-01 00:07:06.629 I/AwesomePlayer(  111): setDataSource_l(URL suppressed)
01-01 00:07:06.679 I/CameraClient(  111): Opening camera 0
01-01 00:07:06.679 E/ImcCamera(  111): calling Query capabilityn
01-01 00:07:06.679 I/IMCGralloc(  111): gralloc_device_open(gpu0)
01-01 00:07:06.679 D/IMCGralloc(  111): int gralloc_device_open(const hw_module_t*, const char*, hw_device_t**): ion device already opened! fd = 41
01-01 00:07:06.679 E/ImcCamera(  111): returned from Query capabilityn
01-01 00:07:06.679 E/ImcCamera(  111): calling s input
01-01 00:07:06.679 E/ImcCamera(  111): input is set to 0
01-01 00:07:06.689 E/ImcCamera(  111): returned from s input
01-01 00:07:06.689 E/CameraHardwareImc(  111): new_effect = none
01-01 00:07:06.689 D/ImcCamera(  111): int android::ImcCamera::setGPSLongitude(const char*)(m_gps_longitude(0))
01-01 00:07:06.689 D/ImcCamera(  111): int android::ImcCamera::setGPSAltitude(const char*)(m_gps_altitude(0))
01-01 00:07:06.689 D/ImcCamera(  111): int android::ImcCamera::setGPSTimeStamp(const char*)(m_gps_timestamp(0))
01-01 00:07:06.689 D/ImcCamera(  111): int android::ImcCamera::setGPSProcessingMethod(const char*)(gps_processing_method((null)))
01-01 00:07:06.689 E/CameraHardwareImc(  111): return from CameraHardwareImc 
01-01 00:07:06.689 D/CameraHardwareImc(  111): virtual void android::CameraHardwareImc::enableMsgType(int32_t) : mMsgEnabled = 0xc0d
01-01 00:07:06.709 V/CAM_VideoModule(  991): mDesiredPreviewWidth=1280. mDesiredPreviewHeight=720
01-01 00:07:06.759 D/AUD_HAL (  111): out_standby - out->standby = 0
01-01 00:07:06.759 D/AUD_HAL (  111): audio_hw_out_dev_update called
01-01 00:07:06.759 D/AUD_HAL (  111): audio_hw_device_out_route
01-01 00:07:06.759 D/AUD_HAL (  111): Active source UTA_AUDIO_SOURCE_PCM_GENERAL
01-01 00:07:06.759 W/AUD_HAL (  111): mode = AUDIO_HW_ILLEGAL_MODE for source UTA_AUDIO_SOURCE_PCM_GENERAL
01-01 00:07:06.759 D/AUD_HAL (  111): Connected route from UTA_AUDIO_SOURCE_PCM_GENERAL to UTA_AUDIO_DESTINATION_ANALOG_OUT
01-01 00:07:06.769 D/AUD_HAL (  111): UTA_AUDIO_DESTINATION_ANALOG_OUT destination configured to UTA_AUDIO_ANALOG_DEST_BACKSPEAKER
01-01 00:07:06.769 D/AUD_HAL (  111): audio_hw_uta_set_dst_for_src - uta_src 6
01-01 00:07:06.769 D/AUD_HAL (  111): nof_uta_dst 0
01-01 00:07:06.779 D/AUD_IMAS(  111):  AUD_ACTIVATE AFE 0
01-01 00:07:06.779 D/AUD_HAL (  111): uta_dst_array[0] = 0
01-01 00:07:06.779 D/AUD_HAL (  111): uta_dst_array[1] = 0
01-01 00:07:06.779 D/AUD_HAL (  111): uta_dst_array[2] = 0
01-01 00:07:06.779 D/AUD_HAL (  111): all routes are marked AUDIO_HW_UTA_ROUTE_UNCONNECTED
01-01 00:07:06.779 D/AUD_HAL (  111): Mails are pending in audio driver event queue -> sleep 20 ms
01-01 00:07:06.789 D/AUD_IMAS(  111): dsp_aud_power_save_enable:Trying to disable DSP power
01-01 00:07:06.789 I/AUD_DSP_LIB(  111): dsp_aud_handle_silent_source - modem_support = 1 hence DO call RPC to enable/disable silent src on CP side
01-01 00:07:06.799 D/AUD_HAL (  111): All mails processed in audio driver event queue - total sleep = 20 ms
01-01 00:07:06.799 D/AUD_HAL (  111): audio_hw_device_out_route returned success!
01-01 00:07:06.859 V/CAM_VideoModule(  991): mDesiredPreviewWidth=1280. mDesiredPreviewHeight=720
01-01 00:07:06.859 V/CAM_VideoModule(  991): startPreview
01-01 00:07:06.929 D/KeyguardViewMediator(  558): setHidden false
01-01 00:07:06.929 D/KeyguardUpdateMonitor(  558): sendKeyguardVisibilityChanged(true)
01-01 00:07:06.969 D/KeyguardViewMediator(  558): setHidden false
01-01 00:07:06.969 D/KeyguardUpdateMonitor(  558): sendKeyguardVisibilityChanged(true)
01-01 00:07:06.999 D/KeyguardViewMediator(  558): setHidden false
01-01 00:07:06.999 D/KeyguardUpdateMonitor(  558): sendKeyguardVisibilityChanged(true)
01-01 00:07:07.029 D/KeyguardUpdateMonitor(  558): handleKeyguardVisibilityChanged(1)
01-01 00:07:07.049 D/KeyguardUpdateMonitor(  558): handleKeyguardVisibilityChanged(1)
01-01 00:07:07.049 D/KeyguardUpdateMonitor(  558): handleKeyguardVisibilityChanged(1)
01-01 00:07:07.129 I/dalvikvm(  843): Total arena pages for JIT: 201
01-01 00:07:07.249 D/BluetoothAdapter(  843): 1382286484: getState() :  mService = null. Returning STATE_OFF
01-01 00:07:07.289 V/CAM_VideoModule(  991): startPreview
01-01 00:07:07.309 D/KeyguardViewMediator(  558): setHidden false
01-01 00:07:07.309 D/KeyguardUpdateMonitor(  558): sendKeyguardVisibilityChanged(true)
01-01 00:07:07.319 W/Util    (  991): No picture size match the aspect ratio
01-01 00:07:07.329 V/CAM_VideoModule(  991): Video snapshot size is 4048x3040
01-01 00:07:07.379 E/CameraHardwareImc(  111): new_effect = none
01-01 00:07:07.379 D/ImcCamera(  111): int android::ImcCamera::setGPSLongitude(const char*)(m_gps_longitude(0))
01-01 00:07:07.379 D/ImcCamera(  111): int android::ImcCamera::setGPSAltitude(const char*)(m_gps_altitude(0))
01-01 00:07:07.379 D/ImcCamera(  111): int android::ImcCamera::setGPSTimeStamp(const char*)(m_gps_timestamp(0))
01-01 00:07:07.379 D/ImcCamera(  111): int android::ImcCamera::setGPSProcessingMethod(const char*)(gps_processing_method((null)))
01-01 00:07:07.409 E/CameraHardwareImc(  111): virtAddr = -1278382080, phys = 0x28900000
01-01 00:07:07.409 E/CameraHardwareImc(  111): virtAddr = -1279766528, phys = 0x28b00000
01-01 00:07:07.419 D/KeyguardUpdateMonitor(  558): handleKeyguardVisibilityChanged(1)
01-01 00:07:07.499 I/dalvikvm( 1125): Total arena pages for JIT: 201
01-01 00:07:07.519 I/dalvikvm( 1125): Total arena pages for JIT: 202
01-01 00:07:07.529 I/dalvikvm( 1125): Total arena pages for JIT: 203
01-01 00:07:07.529 I/dalvikvm( 1125): Total arena pages for JIT: 204
01-01 00:07:07.549 I/dalvikvm( 1125): Total arena pages for JIT: 205
01-01 00:07:07.569 I/dalvikvm( 1125): Total arena pages for JIT: 206
01-01 00:07:07.579 I/dalvikvm( 1125): Total arena pages for JIT: 207
01-01 00:07:07.599 I/dalvikvm( 1125): Total arena pages for JIT: 208
01-01 00:07:07.629 I/dalvikvm(  843): Total arena pages for JIT: 202
01-01 00:07:07.629 I/dalvikvm(  843): Total arena pages for JIT: 203
01-01 00:07:07.649 I/dalvikvm( 1125): Total arena pages for JIT: 209
01-01 00:07:07.649 I/dalvikvm( 1125): Total arena pages for JIT: 210
01-01 00:07:07.649 I/dalvikvm( 1125): Total arena pages for JIT: 211
01-01 00:07:07.659 I/dalvikvm( 1125): Total arena pages for JIT: 212
01-01 00:07:07.679 E/CameraHardwareImc(  111): virtAddr = -1281150976, phys = 0x29400000
01-01 00:07:07.689 D/KeyguardViewMediator(  558): setHidden false
01-01 00:07:07.689 D/KeyguardUpdateMonitor(  558): sendKeyguardVisibilityChanged(true)
01-01 00:07:07.709 I/ActivityManager(  501): Displayed com.android.camera2/com.android.camera.CameraLauncher: +3s312ms
01-01 00:07:07.719 D/KeyguardViewMediator(  558): setHidden false
01-01 00:07:07.719 D/KeyguardUpdateMonitor(  558): sendKeyguardVisibilityChanged(true)
01-01 00:07:07.729 E/CameraHardwareImc(  111): virtAddr = -1282535424, phys = 0x29600000
01-01 00:07:07.749 D/KeyguardViewMediator(  558): setHidden false
01-01 00:07:07.749 D/KeyguardUpdateMonitor(  558): sendKeyguardVisibilityChanged(true)
01-01 00:07:07.749 E/CameraHardwareImc(  111): virtAddr = -1283919872, phys = 0x29800000
01-01 00:07:07.779 E/CameraHardwareImc(  111): virtAddr = -1285304320, phys = 0x29a00000
01-01 00:07:07.789 D/KeyguardUpdateMonitor(  558): handleKeyguardVisibilityChanged(1)
01-01 00:07:07.789 D/KeyguardUpdateMonitor(  558): handleKeyguardVisibilityChanged(1)
01-01 00:07:07.789 D/KeyguardUpdateMonitor(  558): handleKeyguardVisibilityChanged(1)
01-01 00:07:07.799 E/CameraHardwareImc(  111): virtAddr = -1286688768, phys = 0x29c00000
01-01 00:07:07.819 E/CameraHardwareImc(  111): virtAddr = -1288073216, phys = 0x29e00000
01-01 00:07:07.819 D/ImcCamera(  111): int android::ImcCamera::startPreview_prepare(int): m_preview_width 1280, m_preview_height 720 m_preview_v4lformat NV21 
01-01 00:07:07.949 E/ImcCamera(  111): int android::ImcCamera::startPreview_prepare(int): MAX_BUFFERS 8  
01-01 00:07:07.949 E/ImcCamera(  111):  startPreview qbuf 0  
01-01 00:07:07.949 E/ImcCamera(  111):  startPreview qbuf 1  
01-01 00:07:07.959 D/KeyguardViewMediator(  558): setHidden false
01-01 00:07:07.959 D/KeyguardUpdateMonitor(  558): sendKeyguardVisibilityChanged(true)
01-01 00:07:07.959 D/KeyguardUpdateMonitor(  558): handleKeyguardVisibilityChanged(1)
01-01 00:07:07.979 D/KeyguardViewMediator(  558): setHidden false
01-01 00:07:07.979 D/KeyguardUpdateMonitor(  558): sendKeyguardVisibilityChanged(true)
01-01 00:07:07.979 D/KeyguardUpdateMonitor(  558): handleKeyguardVisibilityChanged(1)
01-01 00:07:07.989 E/ImcCamera(  111):  startPreview qbuf 2  
01-01 00:07:07.989 E/ImcCamera(  111):  startPreview qbuf 3  
01-01 00:07:07.989 E/ImcCamera(  111):  startPreview qbuf 4  
01-01 00:07:07.989 E/ImcCamera(  111):  startPreview qbuf 5  
01-01 00:07:07.999 E/ImcCamera(  111):  startPreview qbuf 6  
01-01 00:07:07.999 E/ImcCamera(  111):  startPreview qbuf 7  
01-01 00:07:08.009 D/        (  111): IA AIQ VERSION v2.0_002.000
01-01 00:07:08.019 D/IAAIQ   (  111): IA AIQ initialized
01-01 00:07:08.029 D/        (  111): IA ISP CIF 2.0  VERSION v2.0_002.000
01-01 00:07:08.029 D/        (  111): IAISP: isp data 0xb89f3d28 size 13408
01-01 00:07:08.029 D/        (  111): IAISP: Size: 48, Version: 100, Name ID: 1
01-01 00:07:08.039 D/        (  111): IAISP: Size: 16, Version: 100, Name ID: 2
01-01 00:07:08.039 D/        (  111): IAISP: Size: 336, Version: 100, Name ID: 3
01-01 00:07:08.039 D/        (  111): IAISP: Size: 16, Version: 100, Name ID: 5
01-01 00:07:08.039 D/        (  111): IAISP: Size: 16, Version: 100, Name ID: 7
01-01 00:07:08.039 D/        (  111): IAISP: Size: 63696, Version: 100, Name ID: 10
01-01 00:07:08.049 D/        (  111): IAISP: Size: 63704, Version: 100, Name ID: 11
01-01 00:07:08.049 D/        (  111): IAISP: Size: 56, Version: 100, Name ID: 12
01-01 00:07:08.049 D/        (  111): IAISP: Size: 80, Version: 100, Name ID: 13
01-01 00:07:08.049 D/        (  111): IAISP: Size: 256, Version: 100, Name ID: 15
01-01 00:07:08.049 D/        (  111): IAISP: Size: 48, Version: 100, Name ID: 16
01-01 00:07:08.049 D/        (  111): IAISP: Size: 16, Version: 101, Name ID: 17
01-01 00:07:08.049 D/        (  111): IAISP: Size: 352, Version: 100, Name ID: 18
01-01 00:07:08.049 D/        (  111): IAISP: Size: 128, Version: 100, Name ID: 19
01-01 00:07:08.059 D/        (  111): IAISP: Size: 24, Version: 102, Name ID: 20
01-01 00:07:08.059 D/        (  111): IAISP: Size: 40, Version: 100, Name ID: 257
01-01 00:07:08.059 D/        (  111): IAISP: Size: 12352, Version: 101, Name ID: 258
01-01 00:07:08.059 D/        (  111): IAISP: Size: 40, Version: 101, Name ID: 259
01-01 00:07:08.059 D/        (  111): IAISP: Size: 1232, Version: 101, Name ID: 260
01-01 00:07:08.059 D/        (  111): IAISP: Size: 640, Version: 108, Name ID: 261
01-01 00:07:08.059 D/        (  111): IAISP: Size: 48, Version: 100, Name ID: 65
01-01 00:07:08.059 D/        (  111): IAISP: Size: 16, Version: 100, Name ID: 66
01-01 00:07:08.059 D/        (  111): IAISP: Size: 16, Version: 100, Name ID: 67
01-01 00:07:08.069 D/        (  111): IAISP: Size: 144, Version: 100, Name ID: 69
01-01 00:07:08.069 D/        (  111): IAISP: Size: 4120, Version: 100, Name ID: 70
01-01 00:07:08.069 D/        (  111): IAISP: Size: 40, Version: 100, Name ID: 71
01-01 00:07:08.069 D/        (  111): IAISP: Size: 64, Version: 100, Name ID: 72
01-01 00:07:08.069 D/        (  111): IAISP: Size: 56, Version: 100, Name ID: 73
01-01 00:07:08.069 D/        (  111): IAISP: Size: 32, Version: 100, Name ID: 75
01-01 00:07:08.069 D/        (  111): IAISP: Size: 24, Version: 100, Name ID: 76
01-01 00:07:08.069 D/        (  111): IAISP: Size: 40, Version: 100, Name ID: 129
01-01 00:07:08.069 D/        (  111): IAISP: isp data end 0xb89f7188
01-01 00:07:08.079 D/IAISP   (  111): IA ISP initialized
01-01 00:07:08.109 D/AlertReceiver( 1056): onReceive: a=android.intent.action.PROVIDER_CHANGED Intent { act=android.intent.action.PROVIDER_CHANGED dat=content://com.android.calendar flg=0x10 cmp=com.android.calendar/.alerts.AlertReceiver }
01-01 00:07:08.139 I/ActivityManager(  501): Delay finish: com.android.calendar/.alerts.AlertReceiver
01-01 00:07:08.189 D/AlertService( 1056): 0 Action = android.intent.action.PROVIDER_CHANGED
01-01 00:07:08.199 I/dalvikvm( 1125): Total arena pages for JIT: 213
01-01 00:07:08.369 I/ActivityManager(  501): Waited long enough for: ServiceRecord{5266af58 u0 com.android.calendar/.alerts.InitAlarmsService}
01-01 00:07:08.379 I/ActivityManager(  501): Resuming delayed broadcast
01-01 00:07:08.449 E/        (  111): IAISP: ERROR: LSC table calc err
01-01 00:07:08.549 I/ActivityManager(  501): Delay finish: com.android.mms/.transaction.SmsReceiver
01-01 00:07:08.569 V/SmsReceiverService(  951): onStart: #1 mResultCode: -1 = Activity.RESULT_OK
01-01 00:07:09.029 I/dalvikvm( 1125): Total arena pages for JIT: 201
01-01 00:07:09.049 I/dalvikvm( 1125): Total arena pages for JIT: 202
01-01 00:07:09.049 I/dalvikvm( 1125): Total arena pages for JIT: 203
01-01 00:07:09.059 I/dalvikvm( 1125): Total arena pages for JIT: 204
01-01 00:07:09.059 I/dalvikvm( 1125): Total arena pages for JIT: 205
01-01 00:07:09.069 I/dalvikvm( 1125): Total arena pages for JIT: 206
01-01 00:07:09.069 I/dalvikvm( 1125): Total arena pages for JIT: 207
01-01 00:07:09.069 I/dalvikvm( 1125): Total arena pages for JIT: 208
01-01 00:07:09.069 I/dalvikvm( 1125): Total arena pages for JIT: 209
01-01 00:07:09.109 I/ActivityManager(  501): Resuming delayed broadcast
01-01 00:07:09.119 I/dalvikvm( 1125): Total arena pages for JIT: 210
01-01 00:07:09.159 I/ActivityManager(  501): Delay finish: com.android.providers.calendar/.CalendarProviderBroadcastReceiver
01-01 00:07:09.329 I/ActivityManager(  501): Resuming delayed broadcast
01-01 00:07:09.689 I/dalvikvm( 1056): Total arena pages for JIT: 201
01-01 00:07:09.689 I/dalvikvm( 1056): Total arena pages for JIT: 202
01-01 00:07:09.689 I/dalvikvm( 1056): Total arena pages for JIT: 203
01-01 00:07:09.849 D/KeyguardViewMediator(  558): setHidden false
01-01 00:07:09.849 D/KeyguardUpdateMonitor(  558): sendKeyguardVisibilityChanged(true)
01-01 00:07:09.849 D/KeyguardUpdateMonitor(  558): handleKeyguardVisibilityChanged(1)
01-01 00:07:09.939 V/CAM_VideoModule(  991): startVideoRecording
01-01 00:07:09.949 D/CameraStorage(  991): External storage state=mounted
01-01 00:07:09.949 V/CAM_VideoModule(  991): initializeRecorder
01-01 00:07:09.959 W/StagefrightRecorder(  111): Max file duration is not positive: 0 us. Disabling duration limit.
01-01 00:07:09.959 W/StagefrightRecorder(  111): Target duration (0 us) too short to be respected
01-01 00:07:09.969 V/CAM_VideoModule(  991): New video filename: /storage/emulated/0/DCIM/Camera/VID_20040101_000709.mp4.tmp
01-01 00:07:10.009 D/Hantro_omx_core(  111): Component name: OMX.hantro.H1.video.encoder
01-01 00:07:10.009 D/Hantro_omx_core(  111): OMX core: component file name: libOMX.hantro.H1.video.encoder.so
01-01 00:07:10.019 W/H1 encoder(  111): [DBGT] 7280enc compiled without trace support (ENABLE_DBGT_TRACE switch not enabled)
01-01 00:07:10.019 I/IMCGralloc(  111): gralloc_device_open(gpu0)
01-01 00:07:10.019 D/IMCGralloc(  111): int gralloc_device_open(const hw_module_t*, const char*, hw_device_t**): ion device already opened! fd = 41
01-01 00:07:10.019 D/H1 encoder(  111): STAT: trace encoding time: 0
01-01 00:07:10.019 D/Hantro_omx_core(  111): Init Component OMX.hantro.H1.video.encoder = 0
01-01 00:07:10.029 E/H1 encoder(  111): OMX  ! encoder_get_parameter OMX_ErrorNoMore (1)
01-01 00:07:10.029 E/H1 encoder(  111): OMX  ! encoder_get_parameter OMX_ErrorNoMore (13)
01-01 00:07:10.039 I/IMCGralloc(  111): gralloc_close
01-01 00:07:10.039 D/Hantro_omx_core(  111): hantro_OMX_FreeHandle 0xb89d9290
01-01 00:07:10.049 E/CameraHardwareImc(  111): new_effect = none
01-01 00:07:10.049 D/ImcCamera(  111): int android::ImcCamera::setGPSLongitude(const char*)(m_gps_longitude(0))
01-01 00:07:10.049 D/ImcCamera(  111): int android::ImcCamera::setGPSAltitude(const char*)(m_gps_altitude(0))
01-01 00:07:10.049 D/ImcCamera(  111): int android::ImcCamera::setGPSTimeStamp(const char*)(m_gps_timestamp(0))
01-01 00:07:10.049 D/ImcCamera(  111): int android::ImcCamera::setGPSProcessingMethod(const char*)(gps_processing_method((null)))
01-01 00:07:10.049 E/ImcCamera(  111): ERR(int android::fimc_v4l2_s_ctrl(int, unsigned int, unsigned int)):VIDIOC_S_CTRL(id = 0x98091a (-124253926), value = 0) failed ret = -1
01-01 00:07:10.059 W/ImcCamera(  111): Could not set WB, error -1
01-01 00:07:10.059 D/KeyguardViewMediator(  558): setHidden false
01-01 00:07:10.059 D/KeyguardUpdateMonitor(  558): sendKeyguardVisibilityChanged(true)
01-01 00:07:10.059 D/KeyguardUpdateMonitor(  558): handleKeyguardVisibilityChanged(1)
01-01 00:07:10.079 D/CameraSourceTimeLapse(  111): starting time lapse mode: 1000000 us
01-01 00:07:10.079 E/CameraHardwareImc(  111): new_effect = none
01-01 00:07:10.089 D/ImcCamera(  111): int android::ImcCamera::setGPSLongitude(const char*)(m_gps_longitude(0))
01-01 00:07:10.089 D/ImcCamera(  111): int android::ImcCamera::setGPSAltitude(const char*)(m_gps_altitude(0))
01-01 00:07:10.089 D/ImcCamera(  111): int android::ImcCamera::setGPSTimeStamp(const char*)(m_gps_timestamp(0))
