01-01 00:06:46.909 D/AUD_IMAS(  111): aud_set_control:Trying to set control LS ClassD Frequency Divider to value 35 
01-01 00:06:46.919 D/AUD_IMAS(  111):  AUD_ACTIVATE AFE 1
01-01 00:06:46.929 D/KeyguardViewMediator(  558): adjustStatusBarLocked: mShowing=false mHidden=false isSecure=false --> flags=0x0
01-01 00:06:46.929 D/AUD_HAL (  111): All mails processed in audio driver event queue - total sleep = 40 ms
01-01 00:06:46.929 D/AUD_HAL (  111): audio_hw_device_out_route returned success!
01-01 00:06:46.939 I/dalvikvm(  501): Total arena pages for JIT: 379
01-01 00:06:46.939 I/dalvikvm(  501): Total arena pages for JIT: 380
01-01 00:06:46.939 I/dalvikvm(  501): Total arena pages for JIT: 381
01-01 00:06:46.959 I/dalvikvm(  501): Total arena pages for JIT: 382
01-01 00:06:46.959 I/dalvikvm(  501): Total arena pages for JIT: 383
01-01 00:06:46.979 I/dalvikvm(  501): Total arena pages for JIT: 384
01-01 00:06:46.979 I/dalvikvm(  501): Total arena pages for JIT: 385
01-01 00:06:46.999 I/dalvikvm(  501): Total arena pages for JIT: 386
01-01 00:06:46.999 D/KeyguardViewMediator(  558): setHidden false
01-01 00:06:46.999 D/KeyguardUpdateMonitor(  558): sendKeyguardVisibilityChanged(true)
01-01 00:06:47.009 I/dalvikvm(  501): Total arena pages for JIT: 387
01-01 00:06:47.009 I/dalvikvm(  501): Total arena pages for JIT: 388
01-01 00:06:47.009 I/dalvikvm(  501): Total arena pages for JIT: 389
01-01 00:06:47.009 I/dalvikvm(  501): Total arena pages for JIT: 390
01-01 00:06:47.019 I/dalvikvm(  501): Total arena pages for JIT: 391
01-01 00:06:47.029 I/dalvikvm(  501): Total arena pages for JIT: 392
01-01 00:06:47.029 I/dalvikvm(  501): Total arena pages for JIT: 393
01-01 00:06:47.029 I/dalvikvm(  501): Total arena pages for JIT: 394
01-01 00:06:47.039 I/dalvikvm(  501): Total arena pages for JIT: 395
01-01 00:06:47.039 I/dalvikvm(  501): Total arena pages for JIT: 396
01-01 00:06:47.039 I/dalvikvm(  501): Total arena pages for JIT: 397
01-01 00:06:47.039 I/dalvikvm(  501): Total arena pages for JIT: 398
01-01 00:06:47.049 I/dalvikvm(  501): Total arena pages for JIT: 399
01-01 00:06:47.059 I/dalvikvm(  501): Total arena pages for JIT: 400
01-01 00:06:47.059 I/dalvikvm(  501): Total arena pages for JIT: 401
01-01 00:06:47.059 I/dalvikvm(  501): Total arena pages for JIT: 402
01-01 00:06:47.059 I/dalvikvm(  501): Total arena pages for JIT: 403
01-01 00:06:47.069 I/dalvikvm(  501): Total arena pages for JIT: 404
01-01 00:06:47.069 I/dalvikvm(  501): Total arena pages for JIT: 405
01-01 00:06:47.069 I/dalvikvm(  501): Total arena pages for JIT: 406
01-01 00:06:47.069 I/dalvikvm(  501): Total arena pages for JIT: 407
01-01 00:06:47.079 I/dalvikvm(  501): Total arena pages for JIT: 408
01-01 00:06:47.079 I/dalvikvm(  501): Total arena pages for JIT: 409
01-01 00:06:47.079 I/dalvikvm(  501): Total arena pages for JIT: 410
01-01 00:06:47.079 I/dalvikvm(  501): Total arena pages for JIT: 411
01-01 00:06:47.089 I/dalvikvm(  501): Total arena pages for JIT: 412
01-01 00:06:47.089 I/dalvikvm(  501): Total arena pages for JIT: 413
01-01 00:06:47.089 I/dalvikvm(  501): Total arena pages for JIT: 414
01-01 00:06:47.089 I/dalvikvm(  501): Total arena pages for JIT: 415
01-01 00:06:47.089 I/dalvikvm(  501): Total arena pages for JIT: 416
01-01 00:06:47.099 I/dalvikvm(  501): Total arena pages for JIT: 417
01-01 00:06:47.099 I/dalvikvm(  501): Total arena pages for JIT: 418
01-01 00:06:47.109 I/dalvikvm(  501): Total arena pages for JIT: 419
01-01 00:06:47.109 I/dalvikvm(  501): Total arena pages for JIT: 420
01-01 00:06:47.109 I/dalvikvm(  501): Total arena pages for JIT: 421
01-01 00:06:47.119 I/dalvikvm(  501): Total arena pages for JIT: 422
01-01 00:06:47.119 I/dalvikvm(  501): Total arena pages for JIT: 423
01-01 00:06:47.129 I/dalvikvm(  501): Total arena pages for JIT: 424
01-01 00:06:47.129 I/dalvikvm(  501): Total arena pages for JIT: 425
01-01 00:06:47.129 I/dalvikvm(  501): Total arena pages for JIT: 426
01-01 00:06:47.129 I/dalvikvm(  501): Total arena pages for JIT: 427
01-01 00:06:47.139 I/dalvikvm(  501): Total arena pages for JIT: 428
01-01 00:06:47.139 I/dalvikvm(  501): Total arena pages for JIT: 429
01-01 00:06:47.139 I/dalvikvm(  501): Total arena pages for JIT: 430
01-01 00:06:47.139 I/dalvikvm(  501): Total arena pages for JIT: 431
01-01 00:06:47.149 I/dalvikvm(  501): Total arena pages for JIT: 432
01-01 00:06:47.149 I/dalvikvm(  501): Total arena pages for JIT: 433
01-01 00:06:47.149 I/dalvikvm(  501): Total arena pages for JIT: 434
01-01 00:06:47.159 I/dalvikvm(  501): Total arena pages for JIT: 435
01-01 00:06:47.159 I/dalvikvm(  501): Total arena pages for JIT: 436
01-01 00:06:47.169 I/dalvikvm(  501): Total arena pages for JIT: 437
01-01 00:06:47.169 I/dalvikvm(  501): Total arena pages for JIT: 438
01-01 00:06:47.169 I/dalvikvm(  501): Total arena pages for JIT: 439
01-01 00:06:47.179 I/dalvikvm(  501): Total arena pages for JIT: 440
01-01 00:06:47.179 I/dalvikvm(  501): Total arena pages for JIT: 441
01-01 00:06:47.179 I/dalvikvm(  501): Total arena pages for JIT: 442
01-01 00:06:47.189 I/dalvikvm(  501): Total arena pages for JIT: 443
01-01 00:06:47.189 I/dalvikvm(  501): Total arena pages for JIT: 444
01-01 00:06:47.189 I/dalvikvm(  501): Total arena pages for JIT: 445
01-01 00:06:47.199 I/dalvikvm(  501): Total arena pages for JIT: 446
01-01 00:06:47.199 I/dalvikvm(  501): Total arena pages for JIT: 447
01-01 00:06:47.199 I/dalvikvm(  501): Total arena pages for JIT: 448
01-01 00:06:47.199 I/dalvikvm(  501): Total arena pages for JIT: 449
01-01 00:06:47.199 I/dalvikvm(  501): Total arena pages for JIT: 450
01-01 00:06:47.209 I/dalvikvm(  501): Total arena pages for JIT: 451
01-01 00:06:47.209 I/dalvikvm(  501): Total arena pages for JIT: 452
01-01 00:06:47.219 I/dalvikvm(  501): Total arena pages for JIT: 453
01-01 00:06:47.219 I/dalvikvm(  501): Total arena pages for JIT: 454
01-01 00:06:47.219 I/dalvikvm(  501): Total arena pages for JIT: 455
01-01 00:06:47.219 I/dalvikvm(  501): Total arena pages for JIT: 456
01-01 00:06:47.229 I/dalvikvm(  501): Total arena pages for JIT: 457
01-01 00:06:47.229 I/dalvikvm(  501): Total arena pages for JIT: 458
01-01 00:06:47.229 I/dalvikvm(  501): Total arena pages for JIT: 459
01-01 00:06:47.239 I/dalvikvm(  501): Total arena pages for JIT: 460
01-01 00:06:47.239 I/dalvikvm(  501): Total arena pages for JIT: 461
01-01 00:06:47.239 I/dalvikvm(  501): Total arena pages for JIT: 462
01-01 00:06:47.249 I/dalvikvm(  501): Total arena pages for JIT: 463
01-01 00:06:47.249 I/dalvikvm(  501): Total arena pages for JIT: 464
01-01 00:06:47.269 I/dalvikvm(  501): Total arena pages for JIT: 465
01-01 00:06:47.269 I/dalvikvm(  501): Total arena pages for JIT: 466
01-01 00:06:47.269 I/dalvikvm(  501): Total arena pages for JIT: 467
01-01 00:06:47.279 I/dalvikvm(  501): Total arena pages for JIT: 468
01-01 00:06:47.279 I/dalvikvm(  501): Total arena pages for JIT: 469
01-01 00:06:47.299 I/dalvikvm(  501): Total arena pages for JIT: 470
01-01 00:06:47.299 I/dalvikvm(  501): Total arena pages for JIT: 471
01-01 00:06:47.299 I/dalvikvm(  501): Total arena pages for JIT: 472
01-01 00:06:47.299 I/dalvikvm(  501): Total arena pages for JIT: 473
01-01 00:06:47.319 I/dalvikvm(  501): Total arena pages for JIT: 474
01-01 00:06:47.339 I/dalvikvm(  634): Total arena pages for JIT: 206
01-01 00:06:47.339 I/dalvikvm(  634): Total arena pages for JIT: 207
01-01 00:06:47.369 I/dalvikvm(  501): Total arena pages for JIT: 475
01-01 00:06:47.369 I/dalvikvm(  501): Total arena pages for JIT: 476
01-01 00:06:47.369 I/dalvikvm(  501): Total arena pages for JIT: 477
01-01 00:06:47.369 I/dalvikvm(  501): Total arena pages for JIT: 478
01-01 00:06:47.379 I/dalvikvm(  501): Total arena pages for JIT: 479
01-01 00:06:47.379 I/dalvikvm(  501): Total arena pages for JIT: 480
01-01 00:06:47.469 D/TransactionService(  951): [TransactionService] start id: 1
01-01 00:06:47.509 D/KeyguardUpdateMonitor(  558): handleBatteryUpdate
01-01 00:06:47.509 I/Choreographer(  558): Skipped 32 frames!  The application may be doing too much work on its main thread.
01-01 00:06:47.529 D/KeyguardViewMediator(  558): setHidden false
01-01 00:06:47.529 D/KeyguardUpdateMonitor(  558): sendKeyguardVisibilityChanged(true)
01-01 00:06:47.549 D/KeyguardViewMediator(  558): setHidden false
01-01 00:06:47.549 D/KeyguardUpdateMonitor(  558): sendKeyguardVisibilityChanged(true)
01-01 00:06:47.559 W/InputMethodManagerService(  501): Window already focused, ignoring focus gain of: com.android.internal.view.IInputMethodClient$Stub$Proxy@5279cbb8 attribute=null, token = android.os.BinderProxy@527d65f0
01-01 00:06:47.569 D/KeyguardViewMediator(  558): setHidden false
01-01 00:06:47.569 D/KeyguardUpdateMonitor(  558): sendKeyguardVisibilityChanged(true)
01-01 00:06:47.589 D/PhoneStatusBar(  558): disable: < expand icons alerts ticker system_info back* home* recent* clock* search* >
01-01 00:06:47.589 D/KeyguardViewMediator(  558): setHidden false
01-01 00:06:47.599 D/KeyguardUpdateMonitor(  558): sendKeyguardVisibilityChanged(true)
01-01 00:06:47.619 D/KeyguardUpdateMonitor(  558): handleKeyguardVisibilityChanged(1)
01-01 00:06:47.629 V/KeyguardStatusView(  558): refresh statusview showing:true
01-01 00:06:47.669 V/KeyguardUpdateMonitor(  558): *** unregister callback for com.android.keyguard.KeyguardStatusView$1@52846fac
01-01 00:06:47.689 V/KeyguardUpdateMonitor(  558): *** unregister callback for com.android.keyguard.KeyguardSelectorView$2@52a7139c
01-01 00:06:47.689 V/KeyguardUpdateMonitor(  558): *** unregister callback for com.android.keyguard.KeyguardWidgetFrame$1@52846d44
01-01 00:06:47.699 D/CameraWidgetFrame(  558): onDetachedFromWindow: instance 5278dadc at 62902
01-01 00:06:47.699 V/KeyguardUpdateMonitor(  558): *** unregister callback for com.android.keyguard.KeyguardWidgetFrame$1@5278dd54
01-01 00:06:47.699 V/KeyguardUpdateMonitor(  558): *** unregister callback for com.android.keyguard.CameraWidgetFrame$7@5278ddd8
01-01 00:06:47.699 D/CameraWidgetFrame(  558): cancelTransitionToCamera at 62913
01-01 00:06:47.699 V/KeyguardUpdateMonitor(  558): *** unregister callback for com.android.keyguard.CarrierText$1@52abb1f4
01-01 00:06:47.699 V/KeyguardUpdateMonitor(  558): *** unregister callback for com.android.keyguard.EmergencyButton$1@52abd5fc
01-01 00:06:47.699 V/KeyguardUpdateMonitor(  558): *** unregister callback for com.android.keyguard.KeyguardHostView$1@52817ac4
01-01 00:06:47.699 V/KeyguardDisplayManager(  558): hide
01-01 00:06:47.749 D/KeyguardViewMediator(  558): setHidden false
01-01 00:06:47.749 D/KeyguardUpdateMonitor(  558): sendKeyguardVisibilityChanged(true)
01-01 00:06:47.759 D/KeyguardUpdateMonitor(  558): handleKeyguardVisibilityChanged(1)
01-01 00:06:47.759 D/KeyguardUpdateMonitor(  558): handleKeyguardVisibilityChanged(1)
01-01 00:06:47.759 D/KeyguardUpdateMonitor(  558): handleKeyguardVisibilityChanged(1)
01-01 00:06:47.759 D/KeyguardUpdateMonitor(  558): handleKeyguardVisibilityChanged(1)
01-01 00:06:47.799 D/KeyguardUpdateMonitor(  558): handleKeyguardVisibilityChanged(1)
01-01 00:06:47.839 D/KeyguardViewMediator(  558): setHidden false
01-01 00:06:47.839 D/KeyguardUpdateMonitor(  558): sendKeyguardVisibilityChanged(true)
01-01 00:06:47.849 D/ConnectivityService(  501): getPrimaryDataSim returning: 0
01-01 00:06:47.879 D/Mms:app (  951): cancelNotification
01-01 00:06:47.929 D/KeyguardUpdateMonitor(  558): handleKeyguardVisibilityChanged(1)
01-01 00:06:47.969 I/dalvikvm(  951): Total arena pages for JIT: 201
01-01 00:06:47.969 D/ConnectivityService(  501): getPrimaryDataSim returning: 0
01-01 00:06:48.079 D/KeyguardViewMediator(  558): setHidden false
01-01 00:06:48.079 D/KeyguardUpdateMonitor(  558): sendKeyguardVisibilityChanged(true)
01-01 00:06:48.079 D/KeyguardUpdateMonitor(  558): handleKeyguardVisibilityChanged(1)
01-01 00:06:48.099 D/KeyguardViewMediator(  558): setHidden false
01-01 00:06:48.099 D/KeyguardUpdateMonitor(  558): sendKeyguardVisibilityChanged(true)
01-01 00:06:48.099 D/KeyguardUpdateMonitor(  558): handleKeyguardVisibilityChanged(1)
01-01 00:06:48.199 D/dalvikvm(  501): GC_CONCURRENT freed 1195K, 21% free 6598K/8300K, paused 71ms+5ms, total 201ms
01-01 00:06:48.259 D/TransactionService(  951): [TransactionService] start id: 2
01-01 00:06:48.309 V/TransactionService(  951):     action=null, extras is NULL? true
01-01 00:06:48.309 D/ConnectivityService(  501): getPrimaryDataSim returning: 0
01-01 00:06:48.319 D/dalvikvm(  634): GC_CONCURRENT freed 480K, 16% free 3028K/3580K, paused 2ms+37ms, total 1416ms
01-01 00:06:48.529 I/dalvikvm(  951): Total arena pages for JIT: 201
01-01 00:06:48.529 I/dalvikvm(  951): Total arena pages for JIT: 202
01-01 00:06:48.569 V/TransactionService(  951):     action=null, extras is NULL? true
01-01 00:06:48.569 D/ConnectivityService(  501): getPrimaryDataSim returning: 0
01-01 00:06:48.589 I/ActivityManager(  501): Resuming delayed broadcast
01-01 00:06:48.629 I/ActivityManager(  501): Delay finish: com.android.mms/.transaction.SmsReceiver
01-01 00:06:48.659 I/dalvikvm(  951): Total arena pages for JIT: 201
01-01 00:06:48.799 D/MmsSmsDatabaseHelper(  661): [MmsSmsDb] tableName: threads hasAutoIncrement: CREATE TABLE threads (_id INTEGER PRIMARY KEY AUTOINCREMENT,date INTEGER DEFAULT 0,message_count INTEGER DEFAULT 0,recipient_ids TEXT,snippet TEXT,snippet_cs INTEGER DEFAULT 0,read INTEGER DEFAULT 1,type INTEGER DEFAULT 0,error INTEGER DEFAULT 0,has_attachment INTEGER DEFAULT 0) result: true
01-01 00:06:48.799 D/MmsSmsDatabaseHelper(  661): [MmsSmsDb] tableName: canonical_addresses hasAutoIncrement: CREATE TABLE canonical_addresses (_id INTEGER PRIMARY KEY AUTOINCREMENT,address TEXT) result: true
01-01 00:06:48.929 D/MmsSmsDatabaseHelper(  661): [MmsSmsDb] tableName: part hasAutoIncrement: CREATE TABLE part (_id INTEGER PRIMARY KEY AUTOINCREMENT,mid INTEGER,seq INTEGER DEFAULT 0,ct TEXT,name TEXT,chset INTEGER,cd TEXT,fn TEXT,cid TEXT,cl TEXT,ctt_s INTEGER,ctt_t TEXT,_data TEXT,text TEXT) result: true
01-01 00:06:48.929 D/MmsSmsDatabaseHelper(  661): [MmsSmsDb] tableName: pdu hasAutoIncrement: CREATE TABLE pdu (_id INTEGER PRIMARY KEY AUTOINCREMENT,thread_id INTEGER,date INTEGER,date_sent INTEGER DEFAULT 0,msg_box INTEGER,read INTEGER DEFAULT 0,m_id TEXT,sub TEXT,sub_cs INTEGER,ct_t TEXT,ct_l TEXT,exp INTEGER,m_cls TEXT,m_type INTEGER,v INTEGER,m_size INTEGER,pri INTEGER,rr INTEGER,rpt_a INTEGER,resp_st INTEGER,st INTEGER,tr_id TEXT,retr_st INTEGER,retr_txt TEXT,retr_txt_cs INTEGER,read_status INTEGER,ct_cls INTEGER,resp_txt TEXT,d_tm INTEGER,d_rpt INTEGER,locked INTEGER DEFAULT 0,seen INTEGER DEFAULT 0,imsi TEXT,text_only INTEGER DEFAULT 0) result: true
01-01 00:06:48.929 D/MmsSmsDatabaseHelper(  661): [getWritableDatabase] hasAutoIncrementThreads: true hasAutoIncrementAddresses: true hasAutoIncrementPart: true hasAutoIncrementPdu: true
01-01 00:06:49.309 I/dalvikvm(  951): Total arena pages for JIT: 201
01-01 00:06:49.319 I/dalvikvm(  951): Total arena pages for JIT: 202
01-01 00:06:49.409 D/Mms:app (  951): cancelNotification
01-01 00:06:49.449 D/dalvikvm(  679): GC_CONCURRENT freed 496K, 14% free 4259K/4900K, paused 3ms+22ms, total 35ms
01-01 00:06:49.559 I/ActivityManager(  501): START u0 {act=android.intent.action.MAIN cat=[android.intent.category.LAUNCHER] flg=0x10200000 cmp=com.android.camera2/com.android.camera.CameraLauncher bnds=[102,785][222,935]} from pid 679
01-01 00:06:49.569 D/AUD_HAL (  111): out_set_parameters - kvpairs = routing=2
01-01 00:06:49.569 D/AUD_HAL (  111): out_set_parameters - old adev->out_device 2, new out_device 2
01-01 00:06:49.569 D/AUD_HAL (  111): out_set_parameters - out_device updated to - 0x00000002
01-01 00:06:49.579 D/KeyguardViewMediator(  558): setHidden false
01-01 00:06:49.579 D/KeyguardUpdateMonitor(  558): sendKeyguardVisibilityChanged(true)
01-01 00:06:49.579 D/KeyguardUpdateMonitor(  558): handleKeyguardVisibilityChanged(1)
01-01 00:06:49.609 D/PermissionCache(  108): checking android.permission.READ_FRAME_BUFFER for uid=1000 => granted (378 us)
01-01 00:06:49.689 D/dalvikvm(  501): GC_FOR_ALLOC freed 19K, 21% free 6610K/8288K, paused 36ms, total 44ms
01-01 00:06:49.689 I/dalvikvm-heap(  501): Grow heap (frag case) to 6.722MB for 214524-byte allocation
01-01 00:06:49.729 D/dalvikvm(  501): GC_FOR_ALLOC freed 0K, 20% free 6819K/8500K, paused 40ms, total 40ms
01-01 00:06:49.759 D/dalvikvm(  501): GC_FOR_ALLOC freed <1K, 20% free 6820K/8500K, paused 31ms, total 31ms
01-01 00:06:49.769 I/dalvikvm-heap(  501): Grow heap (frag case) to 6.927MB for 214524-byte allocation
01-01 00:06:49.809 D/dalvikvm(  501): GC_FOR_ALLOC freed 0K, 20% free 7030K/8712K, paused 42ms, total 42ms
01-01 00:06:49.849 D/dalvikvm(  991): Try to disable coredump for pid 991
01-01 00:06:49.849 D/dalvikvm(  991): Process 991 nice name: com.android.camera2
01-01 00:06:49.849 D/dalvikvm(  991): Extra Options: not specified
01-01 00:06:49.849 I/ActivityManager(  501): Start proc com.android.camera2 for activity com.android.camera2/com.android.camera.CameraLauncher: pid=991 uid=10021 gids={50021, 3003, 1028, 1015}
01-01 00:06:49.909 D/KeyguardViewMediator(  558): setHidden false
01-01 00:06:49.909 D/KeyguardUpdateMonitor(  558): sendKeyguardVisibilityChanged(true)
01-01 00:06:49.909 D/KeyguardUpdateMonitor(  558): handleKeyguardVisibilityChanged(1)
01-01 00:06:49.949 D/KeyguardViewMediator(  558): setHidden false
01-01 00:06:49.949 D/KeyguardUpdateMonitor(  558): sendKeyguardVisibilityChanged(true)
01-01 00:06:49.949 D/KeyguardUpdateMonitor(  558): handleKeyguardVisibilityChanged(1)
01-01 00:06:49.989 D/KeyguardViewMediator(  558): setHidden false
01-01 00:06:49.989 D/KeyguardUpdateMonitor(  558): sendKeyguardVisibilityChanged(true)
01-01 00:06:49.989 D/KeyguardUpdateMonitor(  558): handleKeyguardVisibilityChanged(1)
01-01 00:06:50.069 D/KeyguardViewMediator(  558): setHidden false
01-01 00:06:50.069 D/KeyguardUpdateMonitor(  558): sendKeyguardVisibilityChanged(true)
01-01 00:06:50.069 D/KeyguardUpdateMonitor(  558): handleKeyguardVisibilityChanged(1)
01-01 00:06:50.089 D/KeyguardViewMediator(  558): setHidden false
01-01 00:06:50.089 D/KeyguardUpdateMonitor(  558): sendKeyguardVisibilityChanged(true)
01-01 00:06:50.089 D/KeyguardUpdateMonitor(  558): handleKeyguardVisibilityChanged(1)
01-01 00:06:50.099 D/KeyguardViewMediator(  558): setHidden false
01-01 00:06:50.099 D/KeyguardUpdateMonitor(  558): sendKeyguardVisibilityChanged(true)
01-01 00:06:50.099 D/KeyguardUpdateMonitor(  558): handleKeyguardVisibilityChanged(1)
01-01 00:06:50.109 D/KeyguardViewMediator(  558): setHidden false
01-01 00:06:50.109 D/KeyguardUpdateMonitor(  558): sendKeyguardVisibilityChanged(true)
01-01 00:06:50.109 D/KeyguardUpdateMonitor(  558): handleKeyguardVisibilityChanged(1)
01-01 00:06:50.119 D/KeyguardViewMediator(  558): setHidden false
01-01 00:06:50.119 D/KeyguardUpdateMonitor(  558): sendKeyguardVisibilityChanged(true)
01-01 00:06:50.139 D/KeyguardUpdateMonitor(  558): handleKeyguardVisibilityChanged(1)
01-01 00:06:50.489 D/KeyguardViewMediator(  558): setHidden false
01-01 00:06:50.489 D/KeyguardUpdateMonitor(  558): sendKeyguardVisibilityChanged(true)
01-01 00:06:50.489 D/KeyguardUpdateMonitor(  558): handleKeyguardVisibilityChanged(1)
01-01 00:06:50.539 D/KeyguardViewMediator(  558): setHidden false
01-01 00:06:50.539 D/KeyguardUpdateMonitor(  558): sendKeyguardVisibilityChanged(true)
01-01 00:06:50.539 D/KeyguardUpdateMonitor(  558): handleKeyguardVisibilityChanged(1)
01-01 00:06:50.559 D/KeyguardViewMediator(  558): setHidden false
01-01 00:06:50.559 D/KeyguardUpdateMonitor(  558): sendKeyguardVisibilityChanged(true)
01-01 00:06:50.559 D/KeyguardUpdateMonitor(  558): handleKeyguardVisibilityChanged(1)
01-01 00:06:50.559 D/KeyguardViewMediator(  558): setHidden false
01-01 00:06:50.559 D/KeyguardUpdateMonitor(  558): sendKeyguardVisibilityChanged(true)
01-01 00:06:50.559 D/KeyguardUpdateMonitor(  558): handleKeyguardVisibilityChanged(1)
01-01 00:06:50.669 D/dalvikvm(  991): GC_CONCURRENT freed 90K, 5% free 3606K/3784K, paused 2ms+2ms, total 8ms
01-01 00:06:50.709 I/ActivityManager(  501): Resuming delayed broadcast
01-01 00:06:50.729 D/dalvikvm( 1005): Try to disable coredump for pid 1005
01-01 00:06:50.729 D/dalvikvm( 1005): Process 1005 nice name: com.android.onetimeinitializer
01-01 00:06:50.729 D/dalvikvm( 1005): Extra Options: not specified
01-01 00:06:50.739 I/ActivityManager(  501): Start proc com.android.onetimeinitializer for broadcast com.android.onetimeinitializer/.OneTimeInitializerReceiver: pid=1005 uid=10011 gids={50011}
01-01 00:06:50.879 D/KeyguardViewMediator(  558): setHidden false
01-01 00:06:50.879 D/KeyguardUpdateMonitor(  558): sendKeyguardVisibilityChanged(true)
01-01 00:06:50.879 D/KeyguardUpdateMonitor(  558): handleKeyguardVisibilityChanged(1)
01-01 00:06:50.909 D/dalvikvm(  991): GC_CONCURRENT freed 403K, 11% free 4210K/4688K, paused 2ms+2ms, total 11ms
01-01 00:06:50.989 V/CameraHolder(  991): open camera 0
01-01 00:06:50.989 I/AwesomePlayer(  111): setDataSource_l(URL suppressed)
01-01 00:06:51.039 I/AwesomePlayer(  111): setDataSource_l(URL suppressed)
01-01 00:06:51.079 I/CameraClient(  111): Opening camera 0
01-01 00:06:51.079 E/ImcCamera(  111): calling Query capabilityn
01-01 00:06:51.079 I/IMCGralloc(  111): gralloc_device_open(gpu0)
01-01 00:06:51.079 D/IMCGralloc(  111): int gralloc_device_open(const hw_module_t*, const char*, hw_device_t**): ion device open success! fd = 41
01-01 00:06:51.079 E/ImcCamera(  111): returned from Query capabilityn
01-01 00:06:51.079 E/ImcCamera(  111): calling s input
01-01 00:06:51.079 E/ImcCamera(  111): input is set to 0
01-01 00:06:51.079 E/ImcCamera(  111): returned from s input
01-01 00:06:51.079 I/ImcCamera(  111): Name of input channel[0] is ov13850
01-01 00:06:51.079 D/Camera_PlatformData(  111): @getSensorInfo: ov13850 at index 0 (port 0)
01-01 00:06:51.079 I/ImcCamera(  111): Name of input channel[1] is ov9760
01-01 00:06:51.079 D/Camera_PlatformData(  111): @getSensorInfo: ov9760 at index 1 (port 1)
01-01 00:06:51.079 D/Camera_Profiles(  111): @getDataFromXmlFile
01-01 00:06:51.089 D/Camera_Profiles(  111): @checkField: xmlname = ov13850, currentSensor = 0
01-01 00:06:51.089 D/Camera_Profiles(  111): @endElement: Add camera id 0 (ov13850)
01-01 00:06:51.089 D/Camera_Profiles(  111): @checkField: xmlname = gc2155, currentSensor = 0
01-01 00:06:51.089 D/Camera_Profiles(  111): @checkField: xmlname = ov9760, currentSensor = 1
01-01 00:06:51.089 D/Camera_Profiles(  111): @endElement: Add camera id 1 (ov9760)
01-01 00:06:51.089 D/Camera_Profiles(  111): @checkField: xmlname = ov9740, currentSensor = 1
01-01 00:06:51.089 D/Camera_Profiles(  111): @checkField: xmlname = gc0310, currentSensor = 1
01-01 00:06:51.089 D/Camera_Profiles(  111): line625, in DeviceData, start i:0, sensor number:5
01-01 00:06:51.089 D/Camera_Profiles(  111): line626, in DeviceData, pcam->maxEV:0 
01-01 00:06:51.089 D/Camera_Profiles(  111): line627, in DeviceData, pcam->minEV:0 
01-01 00:06:51.089 D/Camera_Profiles(  111): line628, in DeviceData, pcam->stepEV:0 
01-01 00:06:51.089 D/Camera_Profiles(  111): line629, in DeviceData, pcam->supportedSceneModes: 
01-01 00:06:51.089 D/Camera_Profiles(  111): line630, in DeviceData, pcam->defaultSceneMode: 
01-01 00:06:51.089 D/Camera_Profiles(  111): line631, in DeviceData, pcam->supportedPreviewSizes:1280x720,854x480,640x320 
01-01 00:06:51.089 D/Camera_Profiles(  111): line632, in DeviceData, mSupportedVideoSizes:176x144,640x480,720x480,1280x720 
01-01 00:06:51.089 D/Camera_Profiles(  111): line633, in DeviceData, pcam->mVideoPreviewSizePref:1280x720 
01-01 00:06:51.089 D/Camera_Profiles(  111): line634, in DeviceData, pcam->supportedBurstFPS:1,3,5,7,15 
01-01 00:06:51.089 D/Camera_Profiles(  111): line635, in DeviceData, pcam->orientation:90 
01-01 00:06:51.089 D/Camera_Profiles(  111): line636, in DeviceData, pcam->sensorType:1 
01-01 00:06:51.089 D/Camera_Profiles(  111): line637, in DeviceData, pcam->dvs:1 
01-01 00:06:51.089 D/Camera_Profiles(  111): line638, in DeviceData, pcam->supportedSnapshotSizes:1024x768,2048x1536,2592x1944,3264x2448,4048x3040 
01-01 00:06:51.089 D/Camera_Profiles(  111): line639, in DeviceData, pcam->defaultJpegQuality:80 
01-01 00:06:51.089 D/Camera_Profiles(  111): line640, in DeviceData, pcam->defaultJpegThumbnailQuality:50 
01-01 00:06:51.089 D/Camera_Profiles(  111): line641, in DeviceData, pcam->flipping:0 
01-01 00:06:51.089 D/Camera_Profiles(  111): line642, in DeviceData, pcam->continuousCapture:0 
01-01 00:06:51.089 D/Camera_Profiles(  111): line643, in DeviceData, pcam->mPreviewViaOverlay:0 
01-01 00:06:51.089 D/Camera_Profiles(  111): line644, in DeviceData, pcam->supportedBurstLength:1,3,5,10 
01-01 00:06:51.089 D/Camera_Profiles(  111): line645, in DeviceData, pcam->facing:0 
01-01 00:06:51.089 D/Camera_Profiles(  111): line646, in DeviceData, pcam->defaultBurstLength:10 
01-01 00:06:51.089 D/Camera_Profiles(  111): line647, in DeviceData, pcam->defaultFlashMode:off 
01-01 00:06:51.089 D/Camera_Profiles(  111): line648, in DeviceData, pcam->supportedFlashModes:on,off,torch,auto 
01-01 00:06:51.089 D/Camera_Profiles(  111): line649, in DeviceData, pcam->supportedEffectModes:none,mono,negative,sepia 
01-01 00:06:51.089 D/Camera_Profiles(  111): line650, in DeviceData, pcam->supportedIntelEffectModes:none,mono,negative,sepia 
01-01 00:06:51.089 D/Camera_Profiles(  111): line651, in DeviceData, pcam->supportedAwbModes:auto,incandescent,fluorescent,daylight,cloudy-daylight 
01-01 00:06:51.089 D/Camera_Profiles(  111): line652, in DeviceData, pcam->defaultAwbMode:auto 
01-01 00:06:51.089 D/Camera_Profiles(  111): line653, in DeviceData, pcam->defaultIso:iso-auto 
01-01 00:06:51.089 D/Camera_Profiles(  111): line654, in DeviceData, pcam->supportedIso:iso-auto,iso-100,iso-200,iso-400,iso-800 
01-01 00:06:51.089 D/Camera_Profiles(  111): line655, in DeviceData, pcam->defaultAeMetering:auto 
01-01 00:06:51.099 D/Camera_Profiles(  111): line656, in DeviceData, pcam->supportedAeMetering:auto,center,spot 
01-01 00:06:51.099 D/Camera_Profiles(  111): line657, in DeviceData, pcam->defaultFocusMode:auto 
01-01 00:06:51.099 D/Camera_Profiles(  111): line658, in DeviceData, pcam->supportedFocusModes:auto,fixed 
01-01 00:06:51.099 D/Camera_Profiles(  111): line659, in DeviceData, pcam->defaultHdr: 
01-01 00:06:51.099 D/Camera_Profiles(  111): line660, in DeviceData, pcam->supportedHdr: 
01-01 00:06:51.099 D/Camera_Profiles(  111): line661, in DeviceData, pcam->defaultUltraLowLight: 
01-01 00:06:51.099 D/Camera_Profiles(  111): line662, in DeviceData, pcam->supportedUltraLowLight: 
01-01 00:06:51.099 D/Camera_Profiles(  111): line663, in DeviceData, pcam->defaultFaceRecognition: 
01-01 00:06:51.099 D/Camera_Profiles(  111): line664, in DeviceData, pcam->supportedFaceRecognition: 
01-01 00:06:51.099 D/Camera_Profiles(  111): line665, in DeviceData, pcam->defaultSmileShutter: 
01-01 00:06:51.099 D/Camera_Profiles(  111): line666, in DeviceData, pcam->supportedSmileShutter: 
01-01 00:06:51.099 D/Camera_Profiles(  111): line667, in DeviceData, pcam->defaultBlinkShutter: 
01-01 00:06:51.099 D/Camera_Profiles(  111): line668, in DeviceData, pcam->supportedBlinkShutter: 
01-01 00:06:51.099 D/Camera_Profiles(  111): line669, in DeviceData, pcam->defaultPanorama: 
01-01 00:06:51.099 D/Camera_Profiles(  111): line670, in DeviceData, pcam->supportedPanorama: 
01-01 00:06:51.099 D/Camera_Profiles(  111): line671, in DeviceData, pcam->defaultSceneDetection: 
01-01 00:06:51.099 D/Camera_Profiles(  111): line672, in DeviceData, pcam->supportedSceneDetection: 
01-01 00:06:51.099 D/Camera_Profiles(  111): line673, in DeviceData, pcam->maxNumYUVBufferForBurst:10 
01-01 00:06:51.099 D/Camera_Profiles(  111): line674, in DeviceData, pcam->maxNumYUVBufferForBracket:9 
01-01 00:06:51.099 D/Camera_Profiles(  111): line675, in DeviceData, pcam->maxHighSpeedDvsResolution: 
01-01 00:06:51.099 D/Camera_Profiles(  111): line676, in DeviceData, pcam->supportedSdvSizes: 
01-01 00:06:51.099 D/Camera_Profiles(  111): line677, in DeviceData, pcam->supportedIntelligentMode:false 
01-01 00:06:51.099 D/Camera_Profiles(  111): line625, in DeviceData, start i:1, sensor number:5
01-01 00:06:51.099 D/Camera_Profiles(  111): line626, in DeviceData, pcam->maxEV:0 
01-01 00:06:51.099 D/Camera_Profiles(  111): line627, in DeviceData, pcam->minEV:0 
01-01 00:06:51.099 D/Camera_Profiles(  111): line628, in DeviceData, pcam->stepEV:0 
01-01 00:06:51.099 D/Camera_Profiles(  111): line629, in DeviceData, pcam->supportedSceneModes: 
01-01 00:06:51.099 D/Camera_Profiles(  111): line630, in DeviceData, pcam->defaultSceneMode: 
01-01 00:06:51.099 D/Camera_Profiles(  111): line631, in DeviceData, pcam->supportedPreviewSizes:1280x720,854x480,640x320 
01-01 00:06:51.099 D/Camera_Profiles(  111): line632, in DeviceData, mSupportedVideoSizes:176x144,640x480,720x480,1280x720 
01-01 00:06:51.099 D/Camera_Profiles(  111): line633, in DeviceData, pcam->mVideoPreviewSizePref:1280x720 
01-01 00:06:51.099 D/Camera_Profiles(  111): line634, in DeviceData, pcam->supportedBurstFPS:1,3,5,7,15 
01-01 00:06:51.099 D/Camera_Profiles(  111): line635, in DeviceData, pcam->orientation:270 
01-01 00:06:51.099 D/Camera_Profiles(  111): line636, in DeviceData, pcam->sensorType:1 
01-01 00:06:51.099 D/Camera_Profiles(  111): line637, in DeviceData, pcam->dvs:1 
01-01 00:06:51.099 D/Camera_Profiles(  111): line638, in DeviceData, pcam->supportedSnapshotSizes:1280x720,854x480 
01-01 00:06:51.099 D/Camera_Profiles(  111): line639, in DeviceData, pcam->defaultJpegQuality:80 
01-01 00:06:51.099 D/Camera_Profiles(  111): line640, in DeviceData, pcam->defaultJpegThumbnailQuality:50 
01-01 00:06:51.099 D/Camera_Profiles(  111): line641, in DeviceData, pcam->flipping:0 
01-01 00:06:51.099 D/Camera_Profiles(  111): line642, in DeviceData, pcam->continuousCapture:0 
01-01 00:06:51.099 D/Camera_Profiles(  111): line643, in DeviceData, pcam->mPreviewViaOverlay:0 
01-01 00:06:51.099 D/Camera_Profiles(  111): line644, in DeviceData, pcam->supportedBurstLength:1,3,5,10 
01-01 00:06:51.099 D/Camera_Profiles(  111): line645, in DeviceData, pcam->facing:1 
01-01 00:06:51.099 D/Camera_Profiles(  111): line646, in DeviceData, pcam->defaultBurstLength:10 
01-01 00:06:51.099 D/Camera_Profiles(  111): line647, in DeviceData, pcam->defaultFlashMode:off 
01-01 00:06:51.099 D/Camera_Profiles(  111): line648, in DeviceData, pcam->supportedFlashModes:off 
01-01 00:06:51.099 D/Camera_Profiles(  111): line649, in DeviceData, pcam->supportedEffectModes:none,mono,negative,sepia 
01-01 00:06:51.099 D/Camera_Profiles(  111): line650, in DeviceData, pcam->supportedIntelEffectModes:none,mono,negative,sepia 
01-01 00:06:51.099 D/Camera_Profiles(  111): line651, in DeviceData, pcam->supportedAwbModes:auto,incandescent,fluorescent,daylight,cloudy-daylight 
01-01 00:06:51.099 D/Camera_Profiles(  111): line652, in DeviceData, pcam->defaultAwbMode:auto 
01-01 00:06:51.099 D/Camera_Profiles(  111): line653, in DeviceData, pcam->defaultIso:iso-auto 
01-01 00:06:51.099 D/Camera_Profiles(  111): line654, in DeviceData, pcam->supportedIso:iso-auto,iso-100,iso-200,iso-400,iso-800 
01-01 00:06:51.099 D/Camera_Profiles(  111): line655, in DeviceData, pcam->defaultAeMetering:auto 
01-01 00:06:51.099 D/Camera_Profiles(  111): line656, in DeviceData, pcam->supportedAeMetering:auto,center,spot 
01-01 00:06:51.099 D/Camera_Profiles(  111): line657, in DeviceData, pcam->defaultFocusMode:fixed 
01-01 00:06:51.099 D/Camera_Profiles(  111): line658, in DeviceData, pcam->supportedFocusModes:fixed 
01-01 00:06:51.099 D/Camera_Profiles(  111): line659, in DeviceData, pcam->defaultHdr: 
01-01 00:06:51.099 D/Camera_Profiles(  111): line660, in DeviceData, pcam->supportedHdr: 
01-01 00:06:51.099 D/Camera_Profiles(  111): line661, in DeviceData, pcam->defaultUltraLowLight: 
01-01 00:06:51.099 D/Camera_Profiles(  111): line662, in DeviceData, pcam->supportedUltraLowLight: 
01-01 00:06:51.099 D/Camera_Profiles(  111): line663, in DeviceData, pcam->defaultFaceRecognition: 
01-01 00:06:51.099 D/Camera_Profiles(  111): line664, in DeviceData, pcam->supportedFaceRecognition: 
01-01 00:06:51.099 D/Camera_Profiles(  111): line665, in DeviceData, pcam->defaultSmileShutter: 
01-01 00:06:51.099 D/Camera_Profiles(  111): line666, in DeviceData, pcam->supportedSmileShutter: 
01-01 00:06:51.099 D/Camera_Profiles(  111): line667, in DeviceData, pcam->defaultBlinkShutter: 
01-01 00:06:51.099 D/Camera_Profiles(  111): line668, in DeviceData, pcam->supportedBlinkShutter: 
01-01 00:06:51.099 D/Camera_Profiles(  111): line669, in DeviceData, pcam->defaultPanorama: 
01-01 00:06:51.099 D/Camera_Profiles(  111): line670, in DeviceData, pcam->supportedPanorama: 
01-01 00:06:51.099 D/Camera_Profiles(  111): line671, in DeviceData, pcam->defaultSceneDetection: 
01-01 00:06:51.099 D/Camera_Profiles(  111): line672, in DeviceData, pcam->supportedSceneDetection: 
01-01 00:06:51.099 D/Camera_Profiles(  111): line673, in DeviceData, pcam->maxNumYUVBufferForBurst:10 
01-01 00:06:51.099 D/Camera_Profiles(  111): line674, in DeviceData, pcam->maxNumYUVBufferForBracket:10 
01-01 00:06:51.099 D/Camera_Profiles(  111): line675, in DeviceData, pcam->maxHighSpeedDvsResolution: 
01-01 00:06:51.099 D/Camera_Profiles(  111): line676, in DeviceData, pcam->supportedSdvSizes: 
01-01 00:06:51.099 D/Camera_Profiles(  111): line677, in DeviceData, pcam->supportedIntelligentMode:false 
01-01 00:06:51.099 D/Camera_Profiles(  111): line680, in DeviceData, for common settings 
01-01 00:06:51.099 D/Camera_Profiles(  111): line681, in DeviceData, mSubDevName:/dev/v4l-subdev8 
01-01 00:06:51.099 D/Camera_Profiles(  111): line682, in DeviceData, mFileInject:1 
01-01 00:06:51.099 D/Camera_Profiles(  111): line683, in DeviceData, mProductName:ExampleModel 
01-01 00:06:51.099 D/Camera_Profiles(  111): line684, in DeviceData, mManufacturerName:ExampleMaker 
01-01 00:06:51.099 D/Camera_Profiles(  111): line685, in DeviceData, mMaxZoomFactor:1024 
01-01 00:06:51.099 D/Camera_Profiles(  111): line686, in DeviceData, mSupportVideoSnapshot:0 
01-01 00:06:51.099 D/Camera_Profiles(  111): line687, in DeviceData, mSupportsOfflineBurst:0 
01-01 00:06:51.099 D/Camera_Profiles(  111): line688, in DeviceData, mSupportsOfflineBracket:0 
01-01 00:06:51.099 D/Camera_Profiles(  111): line689, in DeviceData, mSupportsOfflineHdr:0 
01-01 00:06:51.099 D/Camera_Profiles(  111): line690, in DeviceData, mNumRecordingBuffers:9 
01-01 00:06:51.099 D/Camera_Profiles(  111): line691, in DeviceData, mNumPreviewBuffers:6 
01-01 00:06:51.099 D/Camera_Profiles(  111): line692, in DeviceData, mMaxContinuousRawRingBuffer:12 
01-01 00:06:51.099 D/Camera_Profiles(  111): line693, in DeviceData, mBoardName:sofia_3g 
01-01 00:06:51.099 D/Camera_Profiles(  111): line694, in DeviceData, mUseIntelULL:1 
01-01 00:06:51.099 E/CameraHardwareImc(  111): new_effect = none
01-01 00:06:51.099 D/ImcCamera(  111): int android::ImcCamera::setGPSLongitude(const char*)(m_gps_longitude(0))
01-01 00:06:51.099 D/ImcCamera(  111): int android::ImcCamera::setGPSAltitude(const char*)(m_gps_altitude(0))
01-01 00:06:51.099 D/ImcCamera(  111): int android::ImcCamera::setGPSTimeStamp(const char*)(m_gps_timestamp(0))
01-01 00:06:51.099 D/ImcCamera(  111): int android::ImcCamera::setGPSProcessingMethod(const char*)(gps_processing_method((null)))
01-01 00:06:51.099 E/CameraHardwareImc(  111): return from CameraHardwareImc 
01-01 00:06:51.099 D/CameraHardwareImc(  111): virtual void android::CameraHardwareImc::enableMsgType(int32_t) : mMsgEnabled = 0xc0d
01-01 00:06:51.109 V/CAM_VideoModule(  991): mDesiredPreviewWidth=1280. mDesiredPreviewHeight=720
01-01 00:06:51.169 V/NFC     (  991): this device does not have NFC support
01-01 00:06:51.199 V/CAM_VideoModule(  991): mDesiredPreviewWidth=1280. mDesiredPreviewHeight=720
01-01 00:06:51.199 V/CAM_VideoModule(  991): startPreview
01-01 00:06:51.239 I/dalvikvm(  991): Total arena pages for JIT: 201
01-01 00:06:51.249 I/dalvikvm(  991): Total arena pages for JIT: 202
01-01 00:06:51.289 D/KeyguardViewMediator(  558): setHidden false
01-01 00:06:51.289 D/KeyguardUpdateMonitor(  558): sendKeyguardVisibilityChanged(true)
01-01 00:06:51.299 I/dalvikvm(  991): Total arena pages for JIT: 201
01-01 00:06:51.299 I/dalvikvm(  991): Total arena pages for JIT: 202
01-01 00:06:51.319 I/dalvikvm(  991): Total arena pages for JIT: 203
01-01 00:06:51.329 D/KeyguardViewMediator(  558): setHidden false
01-01 00:06:51.329 D/KeyguardUpdateMonitor(  558): sendKeyguardVisibilityChanged(true)
01-01 00:06:51.359 D/KeyguardViewMediator(  558): setHidden false
01-01 00:06:51.359 D/KeyguardUpdateMonitor(  558): sendKeyguardVisibilityChanged(true)
01-01 00:06:51.389 D/KeyguardUpdateMonitor(  558): handleKeyguardVisibilityChanged(1)
01-01 00:06:51.429 I/dalvikvm(  991): Total arena pages for JIT: 201
01-01 00:06:51.549 V/OneTimeInitializerRece( 1005): OneTimeInitializerReceiver.onReceive
01-01 00:06:51.639 I/ActivityManager(  501): Delay finish: com.android.onetimeinitializer/.OneTimeInitializerReceiver
01-01 00:06:51.679 D/KeyguardViewMediator(  558): setHidden false
01-01 00:06:51.679 D/KeyguardUpdateMonitor(  558): sendKeyguardVisibilityChanged(true)
01-01 00:06:51.689 D/KeyguardUpdateMonitor(  558): handleKeyguardVisibilityChanged(1)
01-01 00:06:51.689 D/KeyguardUpdateMonitor(  558): handleKeyguardVisibilityChanged(1)
01-01 00:06:51.719 D/KeyguardUpdateMonitor(  558): handleKeyguardVisibilityChanged(1)
01-01 00:06:51.739 D/OpenGLRenderer(  991): Enabling debug mode 0
01-01 00:06:51.959 V/CAM_VideoModule(  991): startPreview
01-01 00:06:52.019 W/Util    (  991): No picture size match the aspect ratio
01-01 00:06:52.019 V/CAM_VideoModule(  991): Video snapshot size is 4048x3040
01-01 00:06:52.069 I/dalvikvm(  991): Total arena pages for JIT: 201
01-01 00:06:52.079 I/ActivityManager(  501): Resuming delayed broadcast
01-01 00:06:52.089 E/CameraHardwareImc(  111): new_effect = none
01-01 00:06:52.089 D/ImcCamera(  111): int android::ImcCamera::setGPSLongitude(const char*)(m_gps_longitude(0))
01-01 00:06:52.089 D/ImcCamera(  111): int android::ImcCamera::setGPSAltitude(const char*)(m_gps_altitude(0))
01-01 00:06:52.089 D/ImcCamera(  111): int android::ImcCamera::setGPSTimeStamp(const char*)(m_gps_timestamp(0))
01-01 00:06:52.089 D/ImcCamera(  111): int android::ImcCamera::setGPSProcessingMethod(const char*)(gps_processing_method((null)))
01-01 00:06:52.129 E/CameraHardwareImc(  111): virtAddr = -1277333504, phys = 0x28900000
01-01 00:06:52.139 E/CameraHardwareImc(  111): virtAddr = -1278717952, phys = 0x28b00000
01-01 00:06:52.139 E/CameraHardwareImc(  111): virtAddr = -1280102400, phys = 0x29400000
01-01 00:06:52.199 E/CameraHardwareImc(  111): virtAddr = -1281486848, phys = 0x29600000
01-01 00:06:52.199 D/dalvikvm( 1040): Try to disable coredump for pid 1040
01-01 00:06:52.199 D/dalvikvm( 1040): Process 1040 nice name: com.android.voicedialer
01-01 00:06:52.199 D/dalvikvm( 1040): Extra Options: not specified
01-01 00:06:52.209 E/CameraHardwareImc(  111): virtAddr = -1282871296, phys = 0x29800000
01-01 00:06:52.209 E/CameraHardwareImc(  111): virtAddr = -1284255744, phys = 0x29a00000
01-01 00:06:52.219 I/ActivityManager(  501): Start proc com.android.voicedialer for broadcast com.android.voicedialer/.VoiceDialerReceiver: pid=1040 uid=10014 gids={50014, 3002}
01-01 00:06:52.229 E/CameraHardwareImc(  111): virtAddr = -1285640192, phys = 0x29c00000
01-01 00:06:52.229 E/CameraHardwareImc(  111): virtAddr = -1287024640, phys = 0x29e00000
01-01 00:06:52.229 D/ImcCamera(  111): int android::ImcCamera::startPreview_prepare(int): m_preview_width 1280, m_preview_height 720 m_preview_v4lformat NV21 
01-01 00:06:52.259 D/KeyguardViewMediator(  558): setHidden false
01-01 00:06:52.259 D/KeyguardUpdateMonitor(  558): sendKeyguardVisibilityChanged(true)
01-01 00:06:52.269 D/KeyguardUpdateMonitor(  558): handleKeyguardVisibilityChanged(1)
01-01 00:06:52.319 E/ImcCamera(  111): int android::ImcCamera::startPreview_prepare(int): MAX_BUFFERS 8  
01-01 00:06:52.319 E/ImcCamera(  111):  startPreview qbuf 0  
01-01 00:06:52.319 E/ImcCamera(  111):  startPreview qbuf 1  
01-01 00:06:52.319 E/ImcCamera(  111):  startPreview qbuf 2  
01-01 00:06:52.319 E/ImcCamera(  111):  startPreview qbuf 3  
01-01 00:06:52.319 E/ImcCamera(  111):  startPreview qbuf 4  
01-01 00:06:52.319 E/ImcCamera(  111):  startPreview qbuf 5  
01-01 00:06:52.329 E/ImcCamera(  111):  startPreview qbuf 6  
01-01 00:06:52.329 E/ImcCamera(  111):  startPreview qbuf 7  
01-01 00:06:52.329 I/ActivityManager(  501): Displayed com.android.camera2/com.android.camera.CameraLauncher: +2s510ms
01-01 00:06:52.329 D/KeyguardViewMediator(  558): setHidden false
01-01 00:06:52.329 D/KeyguardUpdateMonitor(  558): sendKeyguardVisibilityChanged(true)
01-01 00:06:52.329 D/KeyguardUpdateMonitor(  558): handleKeyguardVisibilityChanged(1)
01-01 00:06:52.349 D/KeyguardViewMediator(  558): setHidden false
01-01 00:06:52.349 D/KeyguardUpdateMonitor(  558): sendKeyguardVisibilityChanged(true)
01-01 00:06:52.349 D/KeyguardUpdateMonitor(  558): handleKeyguardVisibilityChanged(1)
01-01 00:06:52.359 D/        (  111): IA AIQ VERSION v2.0_002.000
01-01 00:06:52.379 D/IAAIQ   (  111): IA AIQ initialized
01-01 00:06:52.379 D/        (  111): IA ISP CIF 2.0  VERSION v2.0_002.000
01-01 00:06:52.379 D/        (  111): IAISP: isp data 0xb89af4d8 size 13408
01-01 00:06:52.379 D/        (  111): IAISP: Size: 48, Version: 100, Name ID: 1
01-01 00:06:52.379 D/        (  111): IAISP: Size: 16, Version: 100, Name ID: 2
01-01 00:06:52.379 D/        (  111): IAISP: Size: 336, Version: 100, Name ID: 3
01-01 00:06:52.379 D/        (  111): IAISP: Size: 16, Version: 100, Name ID: 5
01-01 00:06:52.379 D/        (  111): IAISP: Size: 16, Version: 100, Name ID: 7
01-01 00:06:52.379 D/        (  111): IAISP: Size: 63696, Version: 100, Name ID: 10
01-01 00:06:52.379 D/        (  111): IAISP: Size: 63704, Version: 100, Name ID: 11
01-01 00:06:52.379 D/        (  111): IAISP: Size: 56, Version: 100, Name ID: 12
01-01 00:06:52.379 D/        (  111): IAISP: Size: 80, Version: 100, Name ID: 13
01-01 00:06:52.379 D/        (  111): IAISP: Size: 256, Version: 100, Name ID: 15
01-01 00:06:52.379 D/        (  111): IAISP: Size: 48, Version: 100, Name ID: 16
01-01 00:06:52.379 D/        (  111): IAISP: Size: 16, Version: 101, Name ID: 17
01-01 00:06:52.379 D/        (  111): IAISP: Size: 352, Version: 100, Name ID: 18
01-01 00:06:52.379 D/        (  111): IAISP: Size: 128, Version: 100, Name ID: 19
01-01 00:06:52.379 D/        (  111): IAISP: Size: 24, Version: 102, Name ID: 20
01-01 00:06:52.379 D/        (  111): IAISP: Size: 40, Version: 100, Name ID: 257
01-01 00:06:52.379 D/        (  111): IAISP: Size: 12352, Version: 101, Name ID: 258
01-01 00:06:52.379 D/        (  111): IAISP: Size: 40, Version: 101, Name ID: 259
01-01 00:06:52.379 D/        (  111): IAISP: Size: 1232, Version: 101, Name ID: 260
01-01 00:06:52.379 D/        (  111): IAISP: Size: 640, Version: 108, Name ID: 261
01-01 00:06:52.379 D/        (  111): IAISP: Size: 48, Version: 100, Name ID: 65
01-01 00:06:52.379 D/        (  111): IAISP: Size: 16, Version: 100, Name ID: 66
01-01 00:06:52.379 D/        (  111): IAISP: Size: 16, Version: 100, Name ID: 67
01-01 00:06:52.379 D/        (  111): IAISP: Size: 144, Version: 100, Name ID: 69
01-01 00:06:52.379 D/        (  111): IAISP: Size: 4120, Version: 100, Name ID: 70
01-01 00:06:52.379 D/        (  111): IAISP: Size: 40, Version: 100, Name ID: 71
01-01 00:06:52.379 D/        (  111): IAISP: Size: 64, Version: 100, Name ID: 72
01-01 00:06:52.379 D/        (  111): IAISP: Size: 56, Version: 100, Name ID: 73
01-01 00:06:52.379 D/        (  111): IAISP: Size: 32, Version: 100, Name ID: 75
01-01 00:06:52.379 D/        (  111): IAISP: Size: 24, Version: 100, Name ID: 76
01-01 00:06:52.379 D/        (  111): IAISP: Size: 40, Version: 100, Name ID: 129
01-01 00:06:52.379 D/        (  111): IAISP: isp data end 0xb89b2938
01-01 00:06:52.379 D/IAISP   (  111): IA ISP initialized
01-01 00:06:52.569 D/KeyguardViewMediator(  558): setHidden false
01-01 00:06:52.569 D/KeyguardUpdateMonitor(  558): sendKeyguardVisibilityChanged(true)
01-01 00:06:52.569 D/KeyguardUpdateMonitor(  558): handleKeyguardVisibilityChanged(1)
01-01 00:06:52.579 D/KeyguardViewMediator(  558): setHidden false
01-01 00:06:52.579 D/KeyguardUpdateMonitor(  558): sendKeyguardVisibilityChanged(true)
01-01 00:06:52.579 D/KeyguardUpdateMonitor(  558): handleKeyguardVisibilityChanged(1)
01-01 00:06:52.629 D/dalvikvm( 1056): Try to disable coredump for pid 1056
01-01 00:06:52.629 D/dalvikvm( 1056): Process 1056 nice name: com.android.calendar
01-01 00:06:52.629 D/dalvikvm( 1056): Extra Options: not specified
01-01 00:06:52.639 I/ActivityManager(  501): Start proc com.android.calendar for broadcast com.android.calendar/.alerts.AlertReceiver: pid=1056 uid=10020 gids={50020, 3003}
01-01 00:06:52.679 E/        (  111): IAISP: ERROR: LSC table calc err
01-01 00:06:52.909 I/dalvikvm(  991): Total arena pages for JIT: 201
01-01 00:06:52.909 I/dalvikvm(  991): Total arena pages for JIT: 202
01-01 00:06:52.909 I/dalvikvm(  991): Total arena pages for JIT: 203
01-01 00:06:52.909 I/dalvikvm(  991): Total arena pages for JIT: 204
01-01 00:06:52.919 I/dalvikvm(  991): Total arena pages for JIT: 205
01-01 00:06:53.129 D/ExtensionsFactory( 1056): No custom extensions.
01-01 00:06:53.139 D/AlertReceiver( 1056): onReceive: a=android.intent.action.BOOT_COMPLETED Intent { act=android.intent.action.BOOT_COMPLETED flg=0x8000010 cmp=com.android.calendar/.alerts.AlertReceiver (has extras) }
01-01 00:06:53.179 I/dalvikvm(  991): Total arena pages for JIT: 201
01-01 00:06:53.179 I/dalvikvm(  991): Total arena pages for JIT: 202
01-01 00:06:53.179 I/dalvikvm(  991): Total arena pages for JIT: 203
01-01 00:06:53.189 I/dalvikvm(  991): Total arena pages for JIT: 204
01-01 00:06:53.189 I/dalvikvm(  991): Total arena pages for JIT: 205
01-01 00:06:53.189 I/dalvikvm(  991): Total arena pages for JIT: 206
01-01 00:06:53.189 I/dalvikvm(  991): Total arena pages for JIT: 207
01-01 00:06:53.189 I/dalvikvm(  991): Total arena pages for JIT: 208
01-01 00:06:53.189 I/dalvikvm(  991): Total arena pages for JIT: 209
01-01 00:06:53.209 I/ActivityManager(  501): Delay finish: com.android.calendar/.alerts.AlertReceiver
01-01 00:06:53.329 D/AlertService( 1056): 0 Action = android.intent.action.BOOT_COMPLETED
01-01 00:06:53.409 D/AlertService( 1056): Scheduling next alarm with AlarmScheduler. sEventReminderReceived: null
01-01 00:06:53.579 D/AUD_HAL (  111): out_standby - out->standby = 0
01-01 00:06:53.579 D/AUD_HAL (  111): audio_hw_out_dev_update called
01-01 00:06:53.579 D/AUD_HAL (  111): audio_hw_device_out_route
01-01 00:06:53.579 D/AUD_HAL (  111): Active source UTA_AUDIO_SOURCE_PCM_GENERAL
01-01 00:06:53.579 W/AUD_HAL (  111): mode = AUDIO_HW_ILLEGAL_MODE for source UTA_AUDIO_SOURCE_PCM_GENERAL
01-01 00:06:53.579 D/AUD_HAL (  111): Connected route from UTA_AUDIO_SOURCE_PCM_GENERAL to UTA_AUDIO_DESTINATION_ANALOG_OUT
01-01 00:06:53.579 D/AUD_HAL (  111): UTA_AUDIO_DESTINATION_ANALOG_OUT destination configured to UTA_AUDIO_ANALOG_DEST_BACKSPEAKER
01-01 00:06:53.579 D/AUD_HAL (  111): audio_hw_uta_set_dst_for_src - uta_src 6
01-01 00:06:53.579 D/AUD_HAL (  111): nof_uta_dst 0
01-01 00:06:53.579 D/AUD_HAL (  111): uta_dst_array[0] = 0
01-01 00:06:53.579 D/AUD_HAL (  111): uta_dst_array[1] = 0
01-01 00:06:53.579 D/AUD_HAL (  111): uta_dst_array[2] = 0
01-01 00:06:53.579 D/AUD_HAL (  111): all routes are marked AUDIO_HW_UTA_ROUTE_UNCONNECTED
01-01 00:06:53.579 D/AUD_HAL (  111): Mails are pending in audio driver event queue -> sleep 20 ms
01-01 00:06:53.599 D/AUD_IMAS(  111):  AUD_ACTIVATE AFE 0
01-01 00:06:53.599 D/AUD_IMAS(  111): dsp_aud_power_save_enable:Trying to disable DSP power
01-01 00:06:53.599 I/AUD_DSP_LIB(  111): dsp_aud_handle_silent_source - modem_support = 1 hence DO call RPC to enable/disable silent src on CP side
01-01 00:06:53.609 D/AUD_HAL (  111): All mails processed in audio driver event queue - total sleep = 20 ms
01-01 00:06:53.609 D/AUD_HAL (  111): audio_hw_device_out_route returned success!
01-01 00:06:53.759 I/dalvikvm(  725): Total arena pages for JIT: 201
01-01 00:06:53.879 D/AlarmScheduler( 1056): No events found starting within 1 week.
01-01 00:06:53.989 I/dalvikvm( 1056): Total arena pages for JIT: 201
01-01 00:06:54.369 D/CallerInfoCache(  661): Caching entries are done. Total: 0
01-01 00:06:54.589 D/dalvikvm(  679): GC_CONCURRENT freed 211K, 17% free 4111K/4900K, paused 52ms+3ms, total 138ms
01-01 00:06:55.119 I/dalvikvm(  991): Total arena pages for JIT: 201
01-01 00:06:55.119 I/dalvikvm(  991): Total arena pages for JIT: 202
01-01 00:06:55.119 I/dalvikvm(  991): Total arena pages for JIT: 203
01-01 00:06:55.119 I/dalvikvm(  991): Total arena pages for JIT: 204
01-01 00:06:55.119 I/dalvikvm(  991): Total arena pages for JIT: 205
01-01 00:06:55.129 I/dalvikvm(  991): Total arena pages for JIT: 206
01-01 00:06:55.139 I/dalvikvm(  991): Total arena pages for JIT: 207
01-01 00:06:55.749 E/MetadataRetrieverClient(  111): failed to extract an album art
01-01 00:06:55.749 E/MediaMetadataRetrieverJNI(  991): getEmbeddedPicture: Call to getEmbeddedPicture failed.
01-01 00:06:55.749 D/Hantro_omx_core(  111): Component name: OMX.hantro.G1.video.decoder
01-01 00:06:55.749 D/Hantro_omx_core(  111): OMX core: component file name: libOMX.hantro.G1.video.decoder.so
01-01 00:06:55.769 W/G1 decoder(  111): [DBGT] g1dec compiled without trace support (ENABLE_DBGT_TRACE switch not enabled)
01-01 00:06:55.769 I/IMCGralloc(  111): gralloc_device_open(gpu0)
01-01 00:06:55.769 D/IMCGralloc(  111): int gralloc_device_open(const hw_module_t*, const char*, hw_device_t**): ion device already opened! fd = 41
01-01 00:06:55.769 D/G1 decoder(  111): STAT: trace decoding time: 0
