01-01 00:06:29.549 I/dalvikvm(  634): Total arena pages for JIT: 202
01-01 00:06:29.559 I/dalvikvm(  634): Total arena pages for JIT: 203
01-01 00:06:29.569 I/ActivityManager(  501): Start proc com.android.printspooler for service com.android.printspooler/.PrintSpoolerService: pid=801 uid=10047 gids={50047}
01-01 00:06:29.649 D/CallStateMonitor(  661): Adding Handler: Handler (com.android.phone.CallNotifier) {5269ff84}
01-01 00:06:29.649 D/TelephonyRegistry2(  501): listen: E pkg=com.android.phone events=0xc myUid=0 callerUid=0
01-01 00:06:29.649 I/TelephonyRegistry2(  501): listen: add new record={pkgForDebug=com.android.phone callerUid=0 events=0}
01-01 00:06:29.649 D/TelephonyRegistry2(  501): validateEventsAndUserLocked: valid=false r.callerUid=0 foregroundUser=0 r.events=12 events=16
01-01 00:06:29.649 D/TelephonyRegistry2(  501): validateEventsAndUserLocked: valid=false r.callerUid=0 foregroundUser=0 r.events=12 events=1024
01-01 00:06:29.659 D/CallNotifier(  661): CallNotifier: mSignalInfoToneGenerator created when toneplay
01-01 00:06:29.669 D/TelephonyRegistry2(  501): listen: E pkg=com.android.phone events=0xc myUid=0 callerUid=0
01-01 00:06:29.669 I/TelephonyRegistry2(  501): listen: add new record={pkgForDebug=com.android.phone callerUid=0 events=0}
01-01 00:06:29.669 D/TelephonyRegistry2(  501): validateEventsAndUserLocked: valid=false r.callerUid=0 foregroundUser=0 r.events=12 events=16
01-01 00:06:29.669 D/TelephonyRegistry2(  501): validateEventsAndUserLocked: valid=false r.callerUid=0 foregroundUser=0 r.events=12 events=1024
01-01 00:06:29.819 D/dalvikvm(  558): GC_CONCURRENT freed 104K, 4% free 5100K/5272K, paused 26ms+17ms, total 202ms
01-01 00:06:29.889 D/PhoneUtils(  661): setAudioMode()...IDLE
01-01 00:06:29.899 D/PhoneUtils(  661): setAudioMode() no change: MODE_NORMAL
01-01 00:06:29.909 D/SimWidgetApp(  668): onReceive intent_SWITCH_DATA_SIM
01-01 00:06:29.909 E/SimWidgetApp(  668): recv ACTION_DATA_SIM_SWITCH,stage: phone_creation_done,result:-1
01-01 00:06:29.909 D/ConnectivityService(  501): getPrimaryDataSim returning: 0
01-01 00:06:29.939 D/PhoneStatusBar(  558): disable: < expand icons alerts ticker system_info back home RECENT* clock SEARCH* >
01-01 00:06:29.939 D/KeyguardViewMediator(  558): handleReset
01-01 00:06:29.939 D/KeyguardViewManager(  558): reset()
01-01 00:06:29.939 D/KeyguardViewManager(  558): keyguard host is null, creating it...
01-01 00:06:30.029 D/SimSwitchingHandler(  661): mDynamicDataSimPolicy: 1
01-01 00:06:30.079 I/dalvikvm(  725): Total arena pages for JIT: 201
01-01 00:06:30.079 I/dalvikvm(  725): Total arena pages for JIT: 202
01-01 00:06:30.079 I/dalvikvm(  725): Total arena pages for JIT: 203
01-01 00:06:30.079 I/dalvikvm(  725): Total arena pages for JIT: 204
01-01 00:06:30.079 I/dalvikvm(  725): Total arena pages for JIT: 205
01-01 00:06:30.079 I/dalvikvm(  725): Total arena pages for JIT: 206
01-01 00:06:30.079 I/dalvikvm(  725): Total arena pages for JIT: 207
01-01 00:06:30.249 V/KeyguardUpdateMonitor(  558): *** register callback for com.android.keyguard.KeyguardViewManager$1@52653d3c
01-01 00:06:30.249 V/KeyguardUpdateMonitor(  558): *** unregister callback for null
01-01 00:06:30.259 I/PrintSpoolerService(  801): No existing print spooler state.
01-01 00:06:30.269 I/GNSS    (  118): LBS_AMIL-INF:lcsclient_MsSsLcsCapabilitiesIndCb - Positioning Capabilities recieved from the Modem
01-01 00:06:30.269 I/GNSS    (  118): LBS_AMIL-INF:lcsclient_MsSsLcsCapabilitiesIndCb - g_s_amil_cap_ind.agps_ms_a : 1
01-01 00:06:30.269 I/GNSS    (  118): LBS_AMIL-INF:lcsclient_MsSsLcsCapabilitiesIndCb - g_s_amil_cap_ind.agps_ms_b : 1
01-01 00:06:30.269 I/GNSS    (  118): LBS_AMIL-INF:lcsclient_MsSsLcsCapabilitiesIndCb - g_s_amil_cap_ind.gps_autonomous : 1
01-01 00:06:30.269 I/GNSS    (  118): LBS_AMIL-INF:lcsclient_MsSsLcsCapabilitiesIndCb - g_s_amil_cap_ind.rrc : 0
01-01 00:06:30.269 I/GNSS    (  118): LBS_AMIL-INF:lcsclient_MsSsLcsCapabilitiesIndCb - g_s_amil_cap_ind.rrlp : 1
01-01 00:06:30.289 D/SimWidgetApp(  668): onReceive intent_SPN_UPDATE
01-01 00:06:30.289 D/SimWidgetApp(  668): slot:0,spn:null,plmn:null
01-01 00:06:30.339 E/KeyguardHostView(  558): KeyguardHostView()
01-01 00:06:30.419 D/MobileDataStateTracker(  501): fota: Broadcast received: android.intent.action.ANY_DATA_STATE apnType=fota
01-01 00:06:30.429 D/MobileDataStateTracker(  501): fota: Received state=DISCONNECTED, old=DISCONNECTED, reason=radioTurnedOff
01-01 00:06:30.489 V/KeyguardHostView(  558): Initial transport state: 1, pbstate=0
01-01 00:06:30.509 I/dalvikvm(  501): Total arena pages for JIT: 201
01-01 00:06:30.509 I/dalvikvm(  501): Total arena pages for JIT: 202
01-01 00:06:30.509 I/dalvikvm(  501): Total arena pages for JIT: 203
01-01 00:06:30.509 I/dalvikvm(  501): Total arena pages for JIT: 204
01-01 00:06:30.509 I/dalvikvm(  501): Total arena pages for JIT: 205
01-01 00:06:30.529 I/dalvikvm(  501): Total arena pages for JIT: 206
01-01 00:06:30.539 I/dalvikvm(  501): Total arena pages for JIT: 207
01-01 00:06:30.739 V/KeyguardHostView(  558): showPrimarySecurityScreen(turningOff=false)
01-01 00:06:30.759 D/KeyguardHostView(  558): showSecurityScreen(None)
01-01 00:06:30.759 V/KeyguardHostView(  558): inflating id = 2130903057
01-01 00:06:30.889 V/KeyguardUpdateMonitor(  558): *** register callback for com.android.keyguard.KeyguardMessageArea$2@52781398
01-01 00:06:30.889 V/KeyguardUpdateMonitor(  558): *** unregister callback for null
01-01 00:06:31.649 D/dalvikvm(  558): GC_CONCURRENT freed 461K, 8% free 5852K/6336K, paused 2ms+3ms, total 35ms
01-01 00:06:31.719 V/KeyguardUpdateMonitor(  558): *** register callback for com.android.keyguard.KeyguardSelectorView$2@52780444
01-01 00:06:31.719 V/KeyguardUpdateMonitor(  558): *** unregister callback for null
01-01 00:06:31.919 D/KeyguardViewMediator(  558): handleReset
01-01 00:06:31.919 D/KeyguardViewManager(  558): reset()
01-01 00:06:31.919 D/KeyguardHostView(  558): onSaveInstanceState, tstate=1
01-01 00:06:31.929 E/KeyguardHostView(  558): KeyguardHostView()
01-01 00:06:31.949 V/KeyguardHostView(  558): Initial transport state: 1, pbstate=0
01-01 00:06:32.039 V/KeyguardHostView(  558): showPrimarySecurityScreen(turningOff=false)
01-01 00:06:32.059 D/KeyguardHostView(  558): showSecurityScreen(None)
01-01 00:06:32.059 V/KeyguardHostView(  558): inflating id = 2130903057
01-01 00:06:32.109 V/KeyguardUpdateMonitor(  558): *** register callback for com.android.keyguard.KeyguardMessageArea$2@52815680
01-01 00:06:32.109 V/KeyguardUpdateMonitor(  558): *** unregister callback for null
01-01 00:06:32.449 D/dalvikvm(  501): GC_CONCURRENT freed 1125K, 17% free 6587K/7852K, paused 28ms+21ms, total 172ms
01-01 00:06:32.449 D/dalvikvm(  501): WAIT_FOR_CONCURRENT_GC blocked 57ms
01-01 00:06:32.449 V/KeyguardUpdateMonitor(  558): *** register callback for com.android.keyguard.KeyguardSelectorView$2@52815020
01-01 00:06:32.449 V/KeyguardUpdateMonitor(  558): *** unregister callback for null
01-01 00:06:32.519 W/dalvikvm(  679): threadid=2: spin on suspend #1 threadid=11 (pcf=0)
01-01 00:06:32.519 D/dalvikvm(  679): Temporarily moving tid 712 to fg (was 0)
01-01 00:06:32.519 D/dalvikvm(  679): Temporarily raised priority on tid 712 (10 -> 0)
01-01 00:06:32.539 D/dalvikvm(  558): GC_CONCURRENT freed 1367K, 20% free 5976K/7416K, paused 2ms+24ms, total 60ms
01-01 00:06:32.579 W/dalvikvm(  679): threadid=2: spin on suspend resolved in 1055 msec
01-01 00:06:32.579 D/dalvikvm(  679): Restored policy of 712 to 0
01-01 00:06:32.579 D/dalvikvm(  679): Restored priority on 712 to 10
01-01 00:06:32.639 D/KeyguardHostView(  558): onRestoreInstanceState, transport=1
01-01 00:06:32.639 D/KeyguardHostView(  558): Show right-most page -1
01-01 00:06:32.649 D/KeyguardViewMediator(  558): handleShow
01-01 00:06:32.649 D/KeyguardViewManager(  558): show(); mKeyguardView==com.android.keyguard.KeyguardHostView{527f9128 V.E..... ......I. 0,0-0,0 #7f0a0044 app:id/keyguard_host_view}
01-01 00:06:32.649 D/KeyguardHostView(  558): onSaveInstanceState, tstate=1
01-01 00:06:32.659 D/KeyguardHostView(  558): onRestoreInstanceState, transport=1
01-01 00:06:32.659 D/KeyguardHostView(  558): Show right-most page -1
01-01 00:06:32.659 D/KeyguardViewManager(  558): Rotation sensor for lock screen Off!
01-01 00:06:32.659 V/KeyguardViewManager(  558): show:setSystemUiVisibility(200000)
01-01 00:06:32.659 D/KeyguardHostView(  558): show()
01-01 00:06:32.729 V/KeyguardHostView(  558): showPrimarySecurityScreen(turningOff=false)
01-01 00:06:32.749 D/KeyguardHostView(  558): showSecurityScreen(None)
01-01 00:06:32.899 D/KeyguardViewMediator(  558): adjustStatusBarLocked: mShowing=true mHidden=false isSecure=false --> flags=0x3000000
01-01 00:06:32.999 D/SimWidgetApp(  668): onReceive intent_SIM_STATE_CHANGED
01-01 00:06:32.999 D/SimWidgetApp(  668): sim slot:0
01-01 00:06:32.999 D/SimWidgetApp(  668): handleSimStateChange: intentValue = UNKNOWN state resolved to UNKNOWN slot = 0
01-01 00:06:32.999 D/SimWidgetApp(  668): handleSimStateChange, no real change
01-01 00:06:33.019 I/GNSS    (  118): LBS_AMIL-INF:lcsclient_MsSsLcsCapabilitiesIndCb - Positioning Capabilities recieved from the Modem
01-01 00:06:33.019 I/GNSS    (  118): LBS_AMIL-INF:lcsclient_MsSsLcsCapabilitiesIndCb - g_s_amil_cap_ind.agps_ms_a : 1
01-01 00:06:33.019 I/GNSS    (  118): LBS_AMIL-INF:lcsclient_MsSsLcsCapabilitiesIndCb - g_s_amil_cap_ind.agps_ms_b : 1
01-01 00:06:33.019 I/GNSS    (  118): LBS_AMIL-INF:lcsclient_MsSsLcsCapabilitiesIndCb - g_s_amil_cap_ind.gps_autonomous : 1
01-01 00:06:33.019 I/GNSS    (  118): LBS_AMIL-INF:lcsclient_MsSsLcsCapabilitiesIndCb - g_s_amil_cap_ind.rrc : 0
01-01 00:06:33.019 I/GNSS    (  118): LBS_AMIL-INF:lcsclient_MsSsLcsCapabilitiesIndCb - g_s_amil_cap_ind.rrlp : 1
01-01 00:06:33.039 D/dalvikvm(  679): GC_CONCURRENT freed 275K, 9% free 3811K/4152K, paused 1058ms+261ms, total 1514ms
01-01 00:06:33.069 V/KeyguardDisplayManager(  558): show
01-01 00:06:33.129 I/dalvikvm(  661): Total arena pages for JIT: 201
01-01 00:06:33.129 I/dalvikvm(  661): Total arena pages for JIT: 202
01-01 00:06:33.129 I/dalvikvm(  661): Total arena pages for JIT: 203
01-01 00:06:33.189 I/dalvikvm(  661): Total arena pages for JIT: 204
01-01 00:06:33.189 I/dalvikvm(  661): Total arena pages for JIT: 205
01-01 00:06:33.199 I/TelephonyRegistry2(  501): notifyDataConnection: state=0 isDataConnectivityPossible=false reason='radioTurnedOff' apn='null' apnType=mms networkType=0 mRecords.size()=3 mRecords=[{pkgForDebug=com.android.systemui callerUid=0 events=1e1}, {pkgForDebug=com.android.phone callerUid=0 events=c}, {pkgForDebug=com.android.phone callerUid=0 events=c}]
01-01 00:06:33.239 I/TelephonyRegistry2(  501): notifyDataConnection: state=0 isDataConnectivityPossible=false reason='radioTurnedOff' apn='null' apnType=mms networkType=0 mRecords.size()=3 mRecords=[{pkgForDebug=com.android.systemui callerUid=0 events=1e1}, {pkgForDebug=com.android.phone callerUid=0 events=c}, {pkgForDebug=com.android.phone callerUid=0 events=c}]
01-01 00:06:33.259 D/KeyguardViewMediator(  558): handleNotifyScreenOn
01-01 00:06:33.259 D/KeyguardViewManager(  558): onScreenTurnedOn()
01-01 00:06:33.259 D/KeyguardHostView(  558): screen on, instance 527f9128
01-01 00:06:33.259 V/KeyguardViewManager(  558): send wm null token: not showing
01-01 00:06:33.319 V/KeyguardHostView(  558): showPrimarySecurityScreen(turningOff=false)
01-01 00:06:33.339 I/TelephonyRegistry2(  501): notifyDataConnection: state=0 isDataConnectivityPossible=false reason='dataDetached' apn='null' apnType=mms networkType=0 mRecords.size()=3 mRecords=[{pkgForDebug=com.android.systemui callerUid=0 events=1e1}, {pkgForDebug=com.android.phone callerUid=0 events=c}, {pkgForDebug=com.android.phone callerUid=0 events=c}]
01-01 00:06:33.349 I/TelephonyRegistry2(  501): notifyDataConnection: state=0 isDataConnectivityPossible=false reason='roamingOff' apn='null' apnType=mms networkType=0 mRecords.size()=3 mRecords=[{pkgForDebug=com.android.systemui callerUid=0 events=1e1}, {pkgForDebug=com.android.phone callerUid=0 events=c}, {pkgForDebug=com.android.phone callerUid=0 events=c}]
01-01 00:06:33.379 D/KeyguardHostView(  558): showSecurityScreen(None)
01-01 00:06:33.379 V/KeyguardUpdateMonitor(  558): *** register callback for com.android.keyguard.KeyguardSelectorView$2@52815020
01-01 00:06:33.409 E/KeyguardUpdateMonitor(  558): Object tried to add another callback
01-01 00:06:33.409 E/KeyguardUpdateMonitor(  558): java.lang.Exception: Called by
01-01 00:06:33.409 E/KeyguardUpdateMonitor(  558): 	at com.android.keyguard.KeyguardUpdateMonitor.registerCallback(KeyguardUpdateMonitor.java:971)
01-01 00:06:33.409 E/KeyguardUpdateMonitor(  558): 	at com.android.keyguard.KeyguardSelectorView.onResume(KeyguardSelectorView.java:273)
01-01 00:06:33.409 E/KeyguardUpdateMonitor(  558): 	at com.android.keyguard.KeyguardHostView.onScreenTurnedOn(KeyguardHostView.java:1041)
01-01 00:06:33.409 E/KeyguardUpdateMonitor(  558): 	at com.android.keyguard.KeyguardViewManager.onScreenTurnedOn(KeyguardViewManager.java:446)
01-01 00:06:33.409 E/KeyguardUpdateMonitor(  558): 	at com.android.keyguard.KeyguardViewMediator.handleNotifyScreenOn(KeyguardViewMediator.java:1408)
01-01 00:06:33.409 E/KeyguardUpdateMonitor(  558): 	at com.android.keyguard.KeyguardViewMediator.access$2400(KeyguardViewMediator.java:103)
01-01 00:06:33.409 E/KeyguardUpdateMonitor(  558): 	at com.android.keyguard.KeyguardViewMediator$4.handleMessage(KeyguardViewMediator.java:1133)
01-01 00:06:33.409 E/KeyguardUpdateMonitor(  558): 	at android.os.Handler.dispatchMessage(Handler.java:102)
01-01 00:06:33.409 E/KeyguardUpdateMonitor(  558): 	at android.os.Looper.loop(Looper.java:136)
01-01 00:06:33.409 E/KeyguardUpdateMonitor(  558): 	at android.app.ActivityThread.main(ActivityThread.java:5001)
01-01 00:06:33.409 E/KeyguardUpdateMonitor(  558): 	at java.lang.reflect.Method.invokeNative(Native Method)
01-01 00:06:33.409 E/KeyguardUpdateMonitor(  558): 	at java.lang.reflect.Method.invoke(Method.java:515)
01-01 00:06:33.409 E/KeyguardUpdateMonitor(  558): 	at com.android.internal.os.ZygoteInit$MethodAndArgsCaller.run(ZygoteInit.java:802)
01-01 00:06:33.409 E/KeyguardUpdateMonitor(  558): 	at com.android.internal.os.ZygoteInit.main(ZygoteInit.java:618)
01-01 00:06:33.409 E/KeyguardUpdateMonitor(  558): 	at dalvik.system.NativeStart.main(Native Method)
01-01 00:06:33.429 D/SimWidgetApp(  668): onReceive intent_SIM_STATE_CHANGED
01-01 00:06:33.429 D/SimWidgetApp(  668): sim slot:1
01-01 00:06:33.429 D/SimWidgetApp(  668): handleSimStateChange: intentValue = UNKNOWN state resolved to UNKNOWN slot = 1
01-01 00:06:33.429 D/SimWidgetApp(  668): handleSimStateChange, no real change
01-01 00:06:33.459 D/ConnectivityService(  501): getPrimaryDataSim returning: 0
01-01 00:06:33.469 D/TelephonyDebugService(  661): TelephonyDebugService()
01-01 00:06:33.539 E/BluetoothPhoneService(  661): Could not get a handle on Connection object for the call
01-01 00:06:33.549 D/NotificationMgr(  661): call log query complete.
01-01 00:06:33.549 D/NotificationMgr(  661): closing call log cursor.
01-01 00:06:33.589 D/ConnectivityService(  501): getPrimaryDataSim returning: 0
01-01 00:06:33.609 D/ConnectivityService(  501): getPrimaryDataSim returning: 0
01-01 00:06:33.639 D/ConnectivityService(  501): getPrimaryDataSim returning: 0
01-01 00:06:33.699 D/ConnectivityService(  501): getPrimaryDataSim returning: 0
01-01 00:06:33.709 D/ConnectivityService(  501): getPrimaryDataSim returning: 0
01-01 00:06:33.729 D/KeyguardUpdateMonitor(  558): received broadcast android.media.RINGER_MODE_CHANGED
01-01 00:06:33.729 D/KeyguardUpdateMonitor(  558): received broadcast android.intent.action.SIM_STATE_CHANGED
01-01 00:06:33.729 V/KeyguardUpdateMonitor(  558): ACTION_SIM_STATE_CHANGED android.intent.action.SIM_STATE_CHANGED stateNOT_READY
01-01 00:06:33.729 D/KeyguardUpdateMonitor(  558): sim slot:0
01-01 00:06:33.749 D/KeyguardUpdateMonitor(  558): received broadcast com.pekall.intent.SIM_STATE_CHANGED2
01-01 00:06:33.749 V/KeyguardUpdateMonitor(  558): ACTION_SIM_STATE_CHANGED com.pekall.intent.SIM_STATE_CHANGED2 stateNOT_READY
01-01 00:06:33.749 D/KeyguardUpdateMonitor(  558): sim slot:1
01-01 00:06:33.959 D/dalvikvm(  558): GC_FOR_ALLOC freed 1348K, 22% free 5812K/7416K, paused 44ms, total 45ms
01-01 00:06:33.989 I/dalvikvm-heap(  558): Grow heap (frag case) to 8.664MB for 3072012-byte allocation
01-01 00:06:34.019 D/dalvikvm(  558): GC_FOR_ALLOC freed 4K, 16% free 8807K/10420K, paused 32ms, total 32ms
01-01 00:06:34.029 D/dalvikvm(  558): GC_CONCURRENT freed 0K, 16% free 8807K/10420K, paused 2ms+3ms, total 10ms
01-01 00:06:34.279 D/KeyguardViewMediator(  558): setHidden false
01-01 00:06:34.279 D/KeyguardUpdateMonitor(  558): sendKeyguardVisibilityChanged(true)
01-01 00:06:34.389 D/KeyguardViewMediator(  558): setHidden false
01-01 00:06:34.389 D/KeyguardUpdateMonitor(  558): sendKeyguardVisibilityChanged(true)
01-01 00:06:34.429 D/dalvikvm(  558): GC_FOR_ALLOC freed 3008K, 21% free 5802K/7272K, paused 31ms, total 36ms
01-01 00:06:34.459 I/dalvikvm-heap(  558): Grow heap (frag case) to 8.655MB for 3072012-byte allocation
01-01 00:06:34.479 D/NotificationMgr(  661): updateMwi(): false isPrimaryPhone: true
01-01 00:06:34.479 D/NotificationMgr(  661): updateCfi(): false isPrimaryPhone: true
01-01 00:06:34.479 D/NotificationMgr(  661): updateMwi(): false isPrimaryPhone: false
01-01 00:06:34.479 D/NotificationMgr(  661): updateCfi(): false isPrimaryPhone: false
01-01 00:06:34.479 D/ConnectivityService(  501): getPrimaryDataSim returning: 0
01-01 00:06:34.489 D/PhoneApp(  661): onSimStateChanged, sim state: 0,-1
01-01 00:06:34.489 D/PhoneApp(  661): onSimStateChanged, sim state: 0,0
01-01 00:06:34.489 D/ConnectivityService(  501): getPrimaryDataSim returning: 0
01-01 00:06:34.489 D/ConnectivityService(  501): getPrimaryDataSim returning: 0
01-01 00:06:34.489 D/ConnectivityService(  501): getPrimaryDataSim returning: 0
01-01 00:06:34.589 D/dalvikvm(  558): GC_FOR_ALLOC freed <1K, 15% free 8801K/10276K, paused 128ms, total 128ms
01-01 00:06:34.619 D/dalvikvm(  558): GC_CONCURRENT freed <1K, 15% free 8801K/10276K, paused 2ms+17ms, total 37ms
01-01 00:06:34.869 I/OemHookHandler(  661): Unhandled oem hook raw event, msgId: -788529152
01-01 00:06:34.869 D/NotificationMgr(  661): updateNetworkSelection()...state = 3 new network  primary true
01-01 00:06:34.879 I/dalvikvm(  661): Total arena pages for JIT: 201
01-01 00:06:34.879 I/dalvikvm(  661): Total arena pages for JIT: 202
01-01 00:06:34.879 I/dalvikvm(  661): Total arena pages for JIT: 203
01-01 00:06:34.879 I/dalvikvm(  661): Total arena pages for JIT: 204
01-01 00:06:34.929 I/dalvikvm(  661): Total arena pages for JIT: 205
01-01 00:06:34.949 D/PhoneApp(  661): onSimStateChanged, sim state: 0,0
01-01 00:06:34.949 I/dalvikvm(  661): Total arena pages for JIT: 206
01-01 00:06:34.949 I/dalvikvm(  661): Total arena pages for JIT: 207
01-01 00:06:34.949 D/ConnectivityService(  501): getPrimaryDataSim returning: 0
01-01 00:06:34.949 D/ConnectivityService(  501): getPrimaryDataSim returning: 0
01-01 00:06:35.039 D/KeyguardViewMediator(  558): setHidden false
01-01 00:06:35.039 D/KeyguardUpdateMonitor(  558): sendKeyguardVisibilityChanged(true)
01-01 00:06:35.039 D/KeyguardUpdateMonitor(  558): handleBatteryUpdate
01-01 00:06:35.069 D/KeyguardViewMediator(  558): setHidden false
01-01 00:06:35.069 D/KeyguardUpdateMonitor(  558): sendKeyguardVisibilityChanged(true)
01-01 00:06:35.119 D/PhoneApp(  661): onSimStateChanged, sim state: 0,0
01-01 00:06:35.119 I/PhoneApp(  661): Headset phone created, binding local service.
01-01 00:06:35.119 I/OemHookHandler(  661): Unhandled oem hook raw event, msgId: -771751936
01-01 00:06:35.119 D/ConnectivityService(  501): getPrimaryDataSim returning: 0
01-01 00:06:35.119 D/ConnectivityService(  501): getPrimaryDataSim returning: 0
01-01 00:06:35.139 D/SimWidgetApp(  668): onReceive intent_SPN_UPDATE
01-01 00:06:35.139 D/SimWidgetApp(  668): slot:0,spn:null,plmn:No service.
01-01 00:06:35.179 I/Choreographer(  558): Skipped 616 frames!  The application may be doing too much work on its main thread.
01-01 00:06:35.239 D/SizeAdaptiveLayout(  558): com.android.internal.widget.SizeAdaptiveLayout{526d2018 V.E..... ......I. 0,0-0,0 #7f07005d app:id/adaptive}child view android.widget.FrameLayout{526d30b8 G.E..... ......ID 0,0-0,0 #10202d6 android:id/status_bar_latest_event_content} measured out of bounds at 95px clamped to 96px
01-01 00:06:35.549 D/KeyguardViewMediator(  558): setHidden false
01-01 00:06:35.549 D/KeyguardUpdateMonitor(  558): sendKeyguardVisibilityChanged(true)
01-01 00:06:35.589 D/KeyguardViewMediator(  558): setHidden false
01-01 00:06:35.589 D/KeyguardUpdateMonitor(  558): sendKeyguardVisibilityChanged(true)
01-01 00:06:35.609 V/KeyguardUpdateMonitor(  558): *** register callback for com.android.keyguard.KeyguardHostView$1@527f9358
01-01 00:06:35.609 V/KeyguardUpdateMonitor(  558): *** unregister callback for null
01-01 00:06:35.609 V/KeyguardHostView(  558): music state changed: 0
01-01 00:06:35.609 V/KeyguardUpdateMonitor(  558): *** register callback for com.android.keyguard.CarrierText$1@5282b0c8
01-01 00:06:35.609 V/KeyguardUpdateMonitor(  558): *** unregister callback for null
01-01 00:06:35.609 D/Keyguard-CarrierText(  558): carrier:,carrier2:
01-01 00:06:35.639 D/Keyguard-CarrierText(  558): carrier:,carrier2:
01-01 00:06:35.639 D/Keyguard-CarrierText(  558): carrier:,carrier2:
01-01 00:06:35.639 D/Keyguard-CarrierText(  558): carrier:,carrier2:
01-01 00:06:35.669 V/KeyguardUpdateMonitor(  558): *** register callback for com.android.keyguard.EmergencyButton$1@5282bb08
01-01 00:06:35.669 V/KeyguardUpdateMonitor(  558): *** unregister callback for null
01-01 00:06:35.939 D/NotificationMgr(  661): hideDataDisconnectedRoaming()...
01-01 00:06:35.969 D/NotificationMgr(  661): hideDataDisconnectedRoaming()...
01-01 00:06:35.969 D/NotificationMgr(  661): hideDataDisconnectedRoaming()...
01-01 00:06:35.969 D/NotificationMgr(  661): hideDataDisconnectedRoaming()...
01-01 00:06:35.969 D/NotificationMgr(  661): hideDataDisconnectedRoaming()...
01-01 00:06:35.979 D/NotificationMgr(  661): hideDataDisconnectedRoaming()...
01-01 00:06:35.979 D/NotificationMgr(  661): hideDataDisconnectedRoaming()...
01-01 00:06:35.979 D/NotificationMgr(  661): hideDataDisconnectedRoaming()...
01-01 00:06:35.979 D/NotificationMgr(  661): hideDataDisconnectedRoaming()...
01-01 00:06:35.989 D/NotificationMgr(  661): hideDataDisconnectedRoaming()...
01-01 00:06:35.989 D/NotificationMgr(  661): hideDataDisconnectedRoaming()...
01-01 00:06:35.989 D/NotificationMgr(  661): hideDataDisconnectedRoaming()...
01-01 00:06:35.989 D/NotificationMgr(  661): hideDataDisconnectedRoaming()...
01-01 00:06:35.999 D/NotificationMgr(  661): hideDataDisconnectedRoaming()...
01-01 00:06:35.999 D/NotificationMgr(  661): hideDataDisconnectedRoaming()...
01-01 00:06:36.009 D/NotificationMgr(  661): hideDataDisconnectedRoaming()...
01-01 00:06:36.009 D/NotificationMgr(  661): hideDataDisconnectedRoaming()...
01-01 00:06:36.019 D/NotificationMgr(  661): hideDataDisconnectedRoaming()...
01-01 00:06:36.019 D/NotificationMgr(  661): hideDataDisconnectedRoaming()...
01-01 00:06:36.019 D/NotificationMgr(  661): hideDataDisconnectedRoaming()...
01-01 00:06:36.019 D/NotificationMgr(  661): hideDataDisconnectedRoaming()...
01-01 00:06:36.019 D/NotificationMgr(  661): hideDataDisconnectedRoaming()...
01-01 00:06:36.029 D/NotificationMgr(  661): hideDataDisconnectedRoaming()...
01-01 00:06:36.029 D/NotificationMgr(  661): hideDataDisconnectedRoaming()...
01-01 00:06:36.029 D/NotificationMgr(  661): hideDataDisconnectedRoaming()...
01-01 00:06:36.029 D/NotificationMgr(  661): hideDataDisconnectedRoaming()...
01-01 00:06:36.039 D/NotificationMgr(  661): hideDataDisconnectedRoaming()...
01-01 00:06:36.039 D/NotificationMgr(  661): hideDataDisconnectedRoaming()...
01-01 00:06:36.039 D/NotificationMgr(  661): hideDataDisconnectedRoaming()...
01-01 00:06:36.039 D/NotificationMgr(  661): hideDataDisconnectedRoaming()...
01-01 00:06:36.039 D/NotificationMgr(  661): hideDataDisconnectedRoaming()...
01-01 00:06:36.089 D/NotificationMgr(  661): hideDataDisconnectedRoaming()...
01-01 00:06:36.109 D/OnlyOne3gSyncer(  661): type=0
01-01 00:06:36.109 D/OnlyOne3gSyncer(  661): RATs got from phone GSM:0
01-01 00:06:36.129 D/dalvikvm(  501): GC_CONCURRENT freed 1347K, 19% free 6626K/8128K, paused 144ms+56ms, total 331ms
01-01 00:06:36.129 D/dalvikvm(  501): WAIT_FOR_CONCURRENT_GC blocked 100ms
01-01 00:06:36.169 D/KeyguardViewMediator(  558): setHidden false
01-01 00:06:36.169 D/KeyguardUpdateMonitor(  558): sendKeyguardVisibilityChanged(true)
01-01 00:06:36.179 D/KeyguardViewMediator(  558): setHidden false
01-01 00:06:36.179 D/KeyguardUpdateMonitor(  558): sendKeyguardVisibilityChanged(true)
01-01 00:06:36.209 D/PhoneApp(  661): EVENT_DELAY_PRIMARY_ABSENT_NOTIFICATION
01-01 00:06:36.209 D/PhoneApp(  661): primarySimAbsent:false,switchingNotify:false
01-01 00:06:36.209 D/NotificationMgr(  661): updatePrimarySimAbsent,false
01-01 00:06:36.209 D/ConnectivityService(  501): getPrimaryDataSim returning: 0
01-01 00:06:36.229 D/NotificationMgr(  661): updateNetworkSelection()...state = 1 new network  primary true
01-01 00:06:36.239 D/OnlyOne3gSyncer(  661): type=1
01-01 00:06:36.239 D/OnlyOne3gSyncer(  661): RATs got from phone GSM2:1
01-01 00:06:36.239 D/OnlyOne3gSyncer(  661): RATs perfect match.
01-01 00:06:36.529 D/SimWidgetApp(  668): onReceive intent_SIM_STATE_CHANGED
01-01 00:06:36.539 I/dalvikvm(  668): Total arena pages for JIT: 201
01-01 00:06:36.539 D/SimWidgetApp(  668): sim slot:0
01-01 00:06:36.539 D/SimWidgetApp(  668): handleSimStateChange: intentValue = ABSENT state resolved to ABSENT slot = 0
01-01 00:06:36.559 D/SimWidgetApp(  668): slot 0 enabled: 1
01-01 00:06:36.559 D/SimWidgetApp(  668): onReceive intent_SIM_STATE_CHANGED
01-01 00:06:36.559 D/SimWidgetApp(  668): sim slot:1
01-01 00:06:36.559 D/SimWidgetApp(  668): handleSimStateChange: intentValue = ABSENT state resolved to ABSENT slot = 1
01-01 00:06:36.559 D/PhoneApp(  661): onSimStateChanged, sim state: 1,0
01-01 00:06:36.559 D/ConnectivityService(  501): getPrimaryDataSim returning: 0
01-01 00:06:36.559 D/ConnectivityService(  501): getPrimaryDataSim returning: 0
01-01 00:06:36.559 D/ConnectivityService(  501): getPrimaryDataSim returning: 0
01-01 00:06:36.569 D/PhoneApp(  661): onSimStateChanged, sim state: 1,1
01-01 00:06:36.569 W/Settings(  661): Setting airplane_mode_on has moved from android.provider.Settings.System to android.provider.Settings.Global, returning read-only value.
01-01 00:06:36.569 D/PhoneApp(  661): trySimSwitchingNotify, reason:SIM_INIT_COMPLETED
01-01 00:06:36.569 W/Settings(  661): Setting airplane_mode_on has moved from android.provider.Settings.System to android.provider.Settings.Global, returning read-only value.
01-01 00:06:36.569 D/ConnectivityService(  501): getPrimaryDataSim returning: 0
01-01 00:06:36.579 D/PhoneApp(  661): No SimSwitchingNotify, isAirplaneMode:false
01-01 00:06:36.579 D/NotificationMgr(  661): updatePrimarySimSwitching, slot:-1
01-01 00:06:36.579 D/PhoneApp(  661): primarySimAbsent:true,switchingNotify:false
01-01 00:06:36.579 D/NotificationMgr(  661): updatePrimarySimAbsent,true
01-01 00:06:36.579 D/ConnectivityService(  501): getPrimaryDataSim returning: 0
01-01 00:06:36.579 D/ConnectivityService(  501): getPrimaryDataSim returning: 0
01-01 00:06:36.579 D/ConnectivityService(  501): getPrimaryDataSim returning: 0
01-01 00:06:36.649 D/KeyguardUpdateMonitor(  558): received broadcast android.intent.action.BATTERY_CHANGED
01-01 00:06:36.789 D/KeyguardActivityLauncher(  558): getCameraWidgetInfo(): resolved: ResolveInfo{527d977c com.android.camera2/com.android.camera.CameraActivity m=0x108000}
01-01 00:06:36.789 D/CameraWidgetFrame(  558): inflateWidgetView: com.android.camera2
01-01 00:06:36.929 V/KeyguardUpdateMonitor(  558): *** register callback for com.android.keyguard.CameraWidgetFrame$7@52838cd4
01-01 00:06:36.929 V/KeyguardUpdateMonitor(  558): *** unregister callback for null
01-01 00:06:36.929 D/CameraWidgetFrame(  558): new CameraWidgetFrame instance 5283705c
01-01 00:06:36.929 V/KeyguardUpdateMonitor(  558): *** register callback for com.android.keyguard.KeyguardWidgetFrame$1@52837470
01-01 00:06:36.929 V/KeyguardUpdateMonitor(  558): *** unregister callback for null
01-01 00:06:36.979 V/KeyguardStatusView(  558): Enable transport text marquee
01-01 00:06:37.019 V/KeyguardUpdateMonitor(  558): *** register callback for com.android.keyguard.KeyguardWidgetFrame$1@5283f8c0
01-01 00:06:37.019 V/KeyguardUpdateMonitor(  558): *** unregister callback for null
01-01 00:06:37.019 V/KeyguardUpdateMonitor(  558): *** register callback for com.android.keyguard.KeyguardStatusView$1@5283fed0
01-01 00:06:37.019 V/KeyguardUpdateMonitor(  558): *** unregister callback for null
01-01 00:06:37.079 D/KeyguardHostView(  558): Show right-most page 0
01-01 00:06:37.109 D/StatusBar.NetworkControllerDualSIM(  558): dataSimId: 0
01-01 00:06:37.109 D/MobileDataStateTracker(  501): ia: Broadcast received: android.intent.action.ANY_DATA_STATE apnType=ia
01-01 00:06:37.119 D/KeyguardHostView(  558): Window is focused
01-01 00:06:37.119 D/KeyguardUpdateMonitor(  558): received broadcast android.provider.Telephony.SPN_STRINGS_UPDATED
01-01 00:06:37.119 D/KeyguardUpdateMonitor(  558): received SPN_STRINGS_UPDATED_ACTION on slot:0
01-01 00:06:37.129 D/MobileDataStateTracker(  501): ia: Received state=DISCONNECTED, old=DISCONNECTED, reason=radioTurnedOff
01-01 00:06:37.129 D/MobileDataStateTracker(  501): supl: Broadcast received: android.intent.action.ANY_DATA_STATE apnType=supl
01-01 00:06:37.149 D/MobileDataStateTracker(  501): supl: Received state=DISCONNECTED, old=DISCONNECTED, reason=radioTurnedOff
01-01 00:06:37.149 D/MobileDataStateTracker(  501): hipri: Broadcast received: android.intent.action.ANY_DATA_STATE apnType=hipri
01-01 00:06:37.149 D/MobileDataStateTracker(  501): hipri: Received state=DISCONNECTED, old=DISCONNECTED, reason=radioTurnedOff
01-01 00:06:37.149 D/MobileDataStateTracker(  501): default: Broadcast received: android.intent.action.ANY_DATA_STATE apnType=default
01-01 00:06:37.169 D/ConnectivityService(  501): getPrimaryDataSim returning: 0
01-01 00:06:37.169 D/MobileDataStateTracker(  501): default: Received state=DISCONNECTED, old=DISCONNECTED, reason=radioTurnedOff
01-01 00:06:37.169 D/MobileDataStateTracker(  501): mms: Broadcast received: android.intent.action.ANY_DATA_STATE apnType=mms
01-01 00:06:37.169 D/MobileDataStateTracker(  501): mms: Broadcast received: android.intent.action.ANY_DATA_STATE apnType=mms
01-01 00:06:37.179 D/MobileDataStateTracker(  501): mms: Received state=DISCONNECTED, old=DISCONNECTED, reason=radioTurnedOff
01-01 00:06:37.199 D/MobileDataStateTracker(  501): cbs: Broadcast received: android.intent.action.ANY_DATA_STATE apnType=cbs
01-01 00:06:37.199 D/MobileDataStateTracker(  501): cbs: Received state=DISCONNECTED, old=DISCONNECTED, reason=radioTurnedOff
01-01 00:06:37.199 D/MobileDataStateTracker(  501): fota: Broadcast received: android.intent.action.ANY_DATA_STATE apnType=fota
01-01 00:06:37.199 D/MobileDataStateTracker(  501): fota: Received state=DISCONNECTED, old=DISCONNECTED, reason=radioTurnedOff
01-01 00:06:37.199 D/MobileDataStateTracker(  501): ia: Broadcast received: android.intent.action.ANY_DATA_STATE apnType=ia
01-01 00:06:37.209 D/MobileDataStateTracker(  501): ia: Received state=DISCONNECTED, old=DISCONNECTED, reason=radioTurnedOff
01-01 00:06:37.209 D/MobileDataStateTracker(  501): supl: Broadcast received: android.intent.action.ANY_DATA_STATE apnType=supl
01-01 00:06:37.219 D/MobileDataStateTracker(  501): supl: Received state=DISCONNECTED, old=DISCONNECTED, reason=radioTurnedOff
01-01 00:06:37.219 D/MobileDataStateTracker(  501): hipri: Broadcast received: android.intent.action.ANY_DATA_STATE apnType=hipri
01-01 00:06:37.219 D/MobileDataStateTracker(  501): hipri: Received state=DISCONNECTED, old=DISCONNECTED, reason=radioTurnedOff
01-01 00:06:37.219 D/MobileDataStateTracker(  501): default: Broadcast received: android.intent.action.ANY_DATA_STATE apnType=default
01-01 00:06:37.229 D/KeyguardUpdateMonitor(  558): received broadcast android.intent.action.SIM_STATE_CHANGED
01-01 00:06:37.229 V/KeyguardUpdateMonitor(  558): ACTION_SIM_STATE_CHANGED android.intent.action.SIM_STATE_CHANGED stateUNKNOWN
01-01 00:06:37.229 D/KeyguardUpdateMonitor(  558): sim slot:0
01-01 00:06:37.229 D/KeyguardUpdateMonitor(  558): received broadcast com.pekall.intent.SIM_STATE_CHANGED2
01-01 00:06:37.229 V/KeyguardUpdateMonitor(  558): ACTION_SIM_STATE_CHANGED com.pekall.intent.SIM_STATE_CHANGED2 stateUNKNOWN
01-01 00:06:37.229 D/KeyguardUpdateMonitor(  558): sim slot:1
01-01 00:06:37.239 D/MobileDataStateTracker(  501): default: Received state=DISCONNECTED, old=DISCONNECTED, reason=radioTurnedOff
01-01 00:06:37.239 D/MobileDataStateTracker(  501): mms: Broadcast received: android.intent.action.ANY_DATA_STATE apnType=mms
01-01 00:06:37.239 D/MobileDataStateTracker(  501): mms: Broadcast received: android.intent.action.ANY_DATA_STATE apnType=mms
01-01 00:06:37.249 D/MobileDataStateTracker(  501): mms: Received state=DISCONNECTED, old=DISCONNECTED, reason=radioTurnedOff
01-01 00:06:37.249 D/MobileDataStateTracker(  501): cbs: Broadcast received: android.intent.action.ANY_DATA_STATE apnType=cbs
01-01 00:06:37.269 D/MobileDataStateTracker(  501): cbs: Received state=DISCONNECTED, old=DISCONNECTED, reason=radioTurnedOff
01-01 00:06:37.299 D/KeyguardUpdateMonitor(  558): handleRingerModeChange(2)
01-01 00:06:37.299 D/KeyguardUpdateMonitor(  558): handleSimStateChange: intentValue = NOT_READY state resolved to NOT_READY slot = 0
01-01 00:06:37.299 D/KeyguardUpdateMonitor(  558): handleSimStateChange: intentValue = NOT_READY state resolved to NOT_READY slot = 1
01-01 00:06:37.299 D/MobileDataStateTracker(  501): fota: Broadcast received: android.intent.action.ANY_DATA_STATE apnType=fota
01-01 00:06:37.339 D/KeyguardViewMediator(  558): setHidden false
01-01 00:06:37.339 D/KeyguardUpdateMonitor(  558): sendKeyguardVisibilityChanged(true)
01-01 00:06:37.339 D/MobileDataStateTracker(  501): fota: Received state=DISCONNECTED, old=DISCONNECTED, reason=dataDetached
01-01 00:06:37.349 D/KeyguardUpdateMonitor(  558): handleKeyguardVisibilityChanged(1)
01-01 00:06:37.349 D/CameraWidgetFrame(  558): onKeyguardVisibilityChanged true at 52565
01-01 00:06:37.349 V/KeyguardStatusView(  558): refresh statusview showing:true
01-01 00:06:37.359 D/KeyguardViewMediator(  558): setHidden false
01-01 00:06:37.359 D/KeyguardUpdateMonitor(  558): sendKeyguardVisibilityChanged(true)
01-01 00:06:37.369 D/KeyguardUpdateMonitor(  558): handleKeyguardVisibilityChanged(1)
01-01 00:06:37.369 D/KeyguardUpdateMonitor(  558): handleKeyguardVisibilityChanged(1)
01-01 00:06:37.369 D/KeyguardUpdateMonitor(  558): handleKeyguardVisibilityChanged(1)
01-01 00:06:37.369 D/KeyguardUpdateMonitor(  558): received broadcast android.provider.Telephony.SPN_STRINGS_UPDATED
01-01 00:06:37.369 D/KeyguardUpdateMonitor(  558): received SPN_STRINGS_UPDATED_ACTION on slot:0
01-01 00:06:37.369 D/MobileDataStateTracker(  501): ia: Broadcast received: android.intent.action.ANY_DATA_STATE apnType=ia
01-01 00:06:37.399 D/MobileDataStateTracker(  501): ia: Received state=DISCONNECTED, old=DISCONNECTED, reason=dataDetached
01-01 00:06:37.399 D/MobileDataStateTracker(  501): supl: Broadcast received: android.intent.action.ANY_DATA_STATE apnType=supl
01-01 00:06:37.399 D/MobileDataStateTracker(  501): supl: Received state=DISCONNECTED, old=DISCONNECTED, reason=dataDetached
01-01 00:06:37.399 D/MobileDataStateTracker(  501): hipri: Broadcast received: android.intent.action.ANY_DATA_STATE apnType=hipri
01-01 00:06:37.409 D/MobileDataStateTracker(  501): hipri: Received state=DISCONNECTED, old=DISCONNECTED, reason=dataDetached
01-01 00:06:37.409 D/MobileDataStateTracker(  501): default: Broadcast received: android.intent.action.ANY_DATA_STATE apnType=default
01-01 00:06:37.409 D/MobileDataStateTracker(  501): default: Received state=DISCONNECTED, old=DISCONNECTED, reason=dataDetached
01-01 00:06:37.409 D/MobileDataStateTracker(  501): mms: Broadcast received: android.intent.action.ANY_DATA_STATE apnType=mms
01-01 00:06:37.409 D/MobileDataStateTracker(  501): mms: Broadcast received: android.intent.action.ANY_DATA_STATE apnType=mms
01-01 00:06:37.429 D/PhoneApp(  661): EVENT_DELAY_PRIMARY_ABSENT_NOTIFICATION
01-01 00:06:37.439 D/PhoneApp(  661): primarySimAbsent:true,switchingNotify:false
01-01 00:06:37.439 D/NotificationMgr(  661): updatePrimarySimAbsent,true
01-01 00:06:37.439 D/ConnectivityService(  501): getPrimaryDataSim returning: 0
01-01 00:06:37.439 D/MobileDataStateTracker(  501): mms: Received state=DISCONNECTED, old=DISCONNECTED, reason=dataDetached
01-01 00:06:37.439 D/MobileDataStateTracker(  501): cbs: Broadcast received: android.intent.action.ANY_DATA_STATE apnType=cbs
01-01 00:06:37.439 D/MobileDataStateTracker(  501): cbs: Received state=DISCONNECTED, old=DISCONNECTED, reason=dataDetached
01-01 00:06:37.439 D/MobileDataStateTracker(  501): fota: Broadcast received: android.intent.action.ANY_DATA_STATE apnType=fota
01-01 00:06:37.449 V/KeyguardServiceDelegate(  501): **** SHOWN CALLED ****
01-01 00:06:37.449 I/Choreographer(  558): Skipped 135 frames!  The application may be doing too much work on its main thread.
01-01 00:06:37.449 D/MobileDataStateTracker(  501): fota: Received state=DISCONNECTED, old=DISCONNECTED, reason=roamingOff
01-01 00:06:37.449 D/MobileDataStateTracker(  501): ia: Broadcast received: android.intent.action.ANY_DATA_STATE apnType=ia
01-01 00:06:37.459 D/MobileDataStateTracker(  501): ia: Received state=DISCONNECTED, old=DISCONNECTED, reason=roamingOff
01-01 00:06:37.459 D/MobileDataStateTracker(  501): supl: Broadcast received: android.intent.action.ANY_DATA_STATE apnType=supl
01-01 00:06:37.459 D/MobileDataStateTracker(  501): supl: Received state=DISCONNECTED, old=DISCONNECTED, reason=roamingOff
01-01 00:06:37.459 D/MobileDataStateTracker(  501): hipri: Broadcast received: android.intent.action.ANY_DATA_STATE apnType=hipri
01-01 00:06:37.479 D/KeyguardViewMediator(  558): setHidden false
01-01 00:06:37.479 D/KeyguardUpdateMonitor(  558): sendKeyguardVisibilityChanged(true)
01-01 00:06:37.479 D/MobileDataStateTracker(  501): hipri: Received state=DISCONNECTED, old=DISCONNECTED, reason=roamingOff
01-01 00:06:37.489 D/MobileDataStateTracker(  501): default: Broadcast received: android.intent.action.ANY_DATA_STATE apnType=default
01-01 00:06:37.519 D/MobileDataStateTracker(  501): default: Received state=DISCONNECTED, old=DISCONNECTED, reason=roamingOff
01-01 00:06:37.519 D/MobileDataStateTracker(  501): mms: Broadcast received: android.intent.action.ANY_DATA_STATE apnType=mms
01-01 00:06:37.519 D/MobileDataStateTracker(  501): mms: Broadcast received: android.intent.action.ANY_DATA_STATE apnType=mms
01-01 00:06:37.519 D/MobileDataStateTracker(  501): mms: Received state=DISCONNECTED, old=DISCONNECTED, reason=roamingOff
01-01 00:06:37.529 D/MobileDataStateTracker(  501): cbs: Broadcast received: android.intent.action.ANY_DATA_STATE apnType=cbs
01-01 00:06:37.529 D/MobileDataStateTracker(  501): cbs: Received state=DISCONNECTED, old=DISCONNECTED, reason=roamingOff
01-01 00:06:37.529 D/MobileDataStateTracker(  501): mms: Broadcast received: com.pekall.intent.ANY_DATA_STATE2 apnType=mms
01-01 00:06:37.539 D/MobileDataStateTracker(  501): mms: Received state=DISCONNECTED, old=DISCONNECTED, reason=radioTurnedOff
01-01 00:06:37.539 D/MobileDataStateTracker(  501): mms: Broadcast received: com.pekall.intent.ANY_DATA_STATE2 apnType=mms
01-01 00:06:37.539 D/MobileDataStateTracker(  501): mms: Broadcast received: com.pekall.intent.ANY_DATA_STATE2 apnType=mms
01-01 00:06:37.549 D/MobileDataStateTracker(  501): mms: Received state=DISCONNECTED, old=DISCONNECTED, reason=radioTurnedOff
01-01 00:06:37.549 D/MobileDataStateTracker(  501): mms: Broadcast received: com.pekall.intent.ANY_DATA_STATE2 apnType=mms
01-01 00:06:37.549 D/MobileDataStateTracker(  501): mms: Broadcast received: com.pekall.intent.ANY_DATA_STATE2 apnType=mms
01-01 00:06:37.559 D/MobileDataStateTracker(  501): mms: Received state=DISCONNECTED, old=DISCONNECTED, reason=dataDetached
01-01 00:06:37.559 D/MobileDataStateTracker(  501): mms: Broadcast received: com.pekall.intent.ANY_DATA_STATE2 apnType=mms
01-01 00:06:37.569 D/MobileDataStateTracker(  501): mms: Broadcast received: com.pekall.intent.ANY_DATA_STATE2 apnType=mms
01-01 00:06:37.579 D/MobileDataStateTracker(  501): mms: Received state=DISCONNECTED, old=DISCONNECTED, reason=roamingOff
01-01 00:06:37.579 D/MobileDataStateTracker(  501): mms: Broadcast received: com.pekall.intent.ANY_DATA_STATE2 apnType=mms
01-01 00:06:37.609 I/FusedLocation(  501): engine stopped (com.android.location.fused)
01-01 00:06:37.609 I/FusedLocation(  501): engine started (com.android.location.fused)
01-01 00:06:37.709 D/KeyguardViewMediator(  558): setHidden false
01-01 00:06:37.709 D/KeyguardUpdateMonitor(  558): sendKeyguardVisibilityChanged(true)
01-01 00:06:37.719 D/CameraWidgetFrame(  558): setInsets: Rect(0, 38 - 0, 0)
01-01 00:06:37.719 D/CameraWidgetFrame(  558): onSizeChanged new=644x1108 old=0x0 at 52939
01-01 00:06:37.729 W/View    (  558): requestLayout() improperly called by android.widget.TextClock{529d14ac V.ED.... ......ID 161,0-459,160 #7f0a0059 app:id/clock_view} during layout: running second layout pass
01-01 00:06:37.729 W/View    (  558): requestLayout() improperly called by android.widget.TextClock{529d1e64 V.ED.... ......ID 227,0-392,29 #7f0a005e app:id/date_view} during layout: running second layout pass
01-01 00:06:37.909 I/dalvikvm(  501): Total arena pages for JIT: 201
01-01 00:06:37.909 I/dalvikvm(  501): Total arena pages for JIT: 202
01-01 00:06:37.909 I/dalvikvm(  501): Total arena pages for JIT: 203
01-01 00:06:37.909 I/dalvikvm(  501): Total arena pages for JIT: 204
01-01 00:06:37.909 I/dalvikvm(  501): Total arena pages for JIT: 205
01-01 00:06:37.909 I/dalvikvm(  501): Total arena pages for JIT: 206
01-01 00:06:37.909 I/dalvikvm(  501): Total arena pages for JIT: 207
01-01 00:06:37.909 I/dalvikvm(  501): Total arena pages for JIT: 208
01-01 00:06:37.909 I/dalvikvm(  501): Total arena pages for JIT: 209
01-01 00:06:37.909 I/dalvikvm(  501): Total arena pages for JIT: 210
01-01 00:06:37.909 I/dalvikvm(  501): Total arena pages for JIT: 211
01-01 00:06:37.909 I/dalvikvm(  501): Total arena pages for JIT: 212
01-01 00:06:37.909 I/dalvikvm(  501): Total arena pages for JIT: 213
01-01 00:06:37.909 I/dalvikvm(  501): Total arena pages for JIT: 214
01-01 00:06:37.909 I/dalvikvm(  501): Total arena pages for JIT: 215
01-01 00:06:37.909 I/dalvikvm(  501): Total arena pages for JIT: 216
01-01 00:06:37.919 I/dalvikvm(  501): Total arena pages for JIT: 217
01-01 00:06:37.919 I/dalvikvm(  501): Total arena pages for JIT: 218
01-01 00:06:37.939 I/dalvikvm(  501): Total arena pages for JIT: 219
01-01 00:06:37.979 I/FusedLocation(  501): engine started (com.android.location.fused)
01-01 00:06:37.989 D/KeyguardViewMediator(  558): setHidden false
01-01 00:06:37.989 D/KeyguardUpdateMonitor(  558): sendKeyguardVisibilityChanged(true)
01-01 00:06:37.999 D/KeyguardUpdateMonitor(  558): handleKeyguardVisibilityChanged(1)
01-01 00:06:37.999 D/KeyguardUpdateMonitor(  558): handleKeyguardVisibilityChanged(1)
01-01 00:06:37.999 D/ConnectivityService(  501): getPrimaryDataSim returning: 0
01-01 00:06:38.009 D/KeyguardViewMediator(  558): setHidden false
01-01 00:06:38.009 D/KeyguardUpdateMonitor(  558): sendKeyguardVisibilityChanged(true)
01-01 00:06:38.009 I/SurfaceFlinger(  108): Boot is finished (39686 ms)
01-01 00:06:38.019 D/KeyguardViewMediator(  558): setHidden false
01-01 00:06:38.019 D/KeyguardUpdateMonitor(  558): sendKeyguardVisibilityChanged(true)
01-01 00:06:38.019 D/KeyguardViewMediator(  558): setHidden false
01-01 00:06:38.019 D/KeyguardUpdateMonitor(  558): sendKeyguardVisibilityChanged(true)
01-01 00:06:38.029 D/KeyguardViewMediator(  558): setHidden false
01-01 00:06:38.029 D/KeyguardUpdateMonitor(  558): sendKeyguardVisibilityChanged(true)
01-01 00:06:38.039 D/KeyguardUpdateMonitor(  558): handleKeyguardVisibilityChanged(1)
01-01 00:06:38.039 D/KeyguardUpdateMonitor(  558): handleKeyguardVisibilityChanged(1)
01-01 00:06:38.059 D/KeyguardViewMediator(  558): setHidden false
01-01 00:06:38.059 D/KeyguardUpdateMonitor(  558): sendKeyguardVisibilityChanged(true)
01-01 00:06:38.059 D/KeyguardUpdateMonitor(  558): received broadcast android.intent.action.SIM_STATE_CHANGED
01-01 00:06:38.059 V/KeyguardUpdateMonitor(  558): ACTION_SIM_STATE_CHANGED android.intent.action.SIM_STATE_CHANGED stateABSENT
01-01 00:06:38.059 D/KeyguardUpdateMonitor(  558): sim slot:0
01-01 00:06:38.089 D/KeyguardUpdateMonitor(  558): received broadcast com.pekall.intent.SIM_STATE_CHANGED2
01-01 00:06:38.089 V/KeyguardUpdateMonitor(  558): ACTION_SIM_STATE_CHANGED com.pekall.intent.SIM_STATE_CHANGED2 stateABSENT
01-01 00:06:38.089 D/KeyguardUpdateMonitor(  558): sim slot:1
01-01 00:06:38.129 D/KeyguardUpdateMonitor(  558): handleBatteryUpdate
01-01 00:06:38.229 D/KeyguardUpdateMonitor(  558): handleCarrierInfoUpdate: plmn = No service., spn = null
01-01 00:06:38.229 D/Keyguard-CarrierText(  558): carrier:,carrier2:
01-01 00:06:38.269 D/KeyguardUpdateMonitor(  558): handleSimStateChange: intentValue = UNKNOWN state resolved to UNKNOWN slot = 0
01-01 00:06:38.269 D/KeyguardUpdateMonitor(  558): handleSimStateChange: intentValue = UNKNOWN state resolved to UNKNOWN slot = 1
01-01 00:06:38.269 D/KeyguardUpdateMonitor(  558): handleKeyguardVisibilityChanged(1)
01-01 00:06:38.269 D/KeyguardUpdateMonitor(  558): handleKeyguardVisibilityChanged(1)
01-01 00:06:38.269 D/KeyguardUpdateMonitor(  558): handleCarrierInfoUpdate: plmn = No service., spn = null
01-01 00:06:38.269 D/Keyguard-CarrierText(  558): carrier:,carrier2:
01-01 00:06:38.279 I/Choreographer(  558): Skipped 49 frames!  The application may be doing too much work on its main thread.
01-01 00:06:38.879 D/SimConfigWidgetProvider(  668): on receive : action android.location.PROVIDERS_CHANGED
01-01 00:06:38.889 D/KeyguardUpdateMonitor(  558): handleKeyguardVisibilityChanged(1)
01-01 00:06:38.889 V/KeyguardStatusView(  558): refresh statusview showing:true
01-01 00:06:38.909 D/dalvikvm(  843): Try to disable coredump for pid 843
01-01 00:06:38.909 D/dalvikvm(  843): Process 843 nice name: com.android.settings
01-01 00:06:38.909 D/dalvikvm(  843): Extra Options: not specified
01-01 00:06:38.919 D/KeyguardUpdateMonitor(  558): received broadcast android.intent.action.BATTERY_CHANGED
01-01 00:06:38.919 I/ActivityManager(  501): Start proc com.android.settings for broadcast com.android.settings/.widget.SettingsAppWidgetProvider: pid=843 uid=1000 gids={41000, 1028, 1015, 3002, 3001, 3003}
01-01 00:06:38.929 D/KeyguardUpdateMonitor(  558): received broadcast android.intent.action.BATTERY_CHANGED
01-01 00:06:39.099 D/dalvikvm(  558): GC_CONCURRENT freed 1230K, 12% free 10029K/11328K, paused 3ms+16ms, total 29ms
01-01 00:06:39.159 D/KeyguardUpdateMonitor(  558): handleKeyguardVisibilityChanged(1)
01-01 00:06:39.159 D/PhoneStatusBar(  558): disable: < expand icons alerts ticker system_info BACK* HOME* RECENT CLOCK* SEARCH >
01-01 00:06:39.169 D/CameraWidgetFrame(  558): Rendered camera widget size=720x1280 84% instance=5283705c
01-01 00:06:39.169 D/KeyguardViewMediator(  558): handleKeyguardDoneDrawing
01-01 00:06:39.169 D/KeyguardUpdateMonitor(  558): handleKeyguardVisibilityChanged(1)
01-01 00:06:39.169 D/KeyguardUpdateMonitor(  558): handleKeyguardVisibilityChanged(1)
01-01 00:06:39.169 D/KeyguardUpdateMonitor(  558): handleKeyguardVisibilityChanged(1)
01-01 00:06:39.169 D/KeyguardUpdateMonitor(  558): handleKeyguardVisibilityChanged(1)
01-01 00:06:39.169 D/KeyguardUpdateMonitor(  558): handleKeyguardVisibilityChanged(1)
01-01 00:06:39.169 D/KeyguardUpdateMonitor(  558): handleKeyguardVisibilityChanged(1)
01-01 00:06:39.169 D/KeyguardUpdateMonitor(  558): handleSimStateChange: intentValue = ABSENT state resolved to ABSENT slot = 0
01-01 00:06:39.169 D/KeyguardViewMediator(  558): onSimStateChanged: ABSENT slot:0
01-01 00:06:39.169 D/KeyguardViewMediator(  558): Other SIM is not absent,continue
01-01 00:06:39.219 D/Keyguard-CarrierText(  558): carrier:No SIM card  No service.,carrier2:
01-01 00:06:39.399 D/KeyguardUpdateMonitor(  558): handleSimStateChange: intentValue = ABSENT state resolved to ABSENT slot = 1
01-01 00:06:39.399 D/KeyguardViewMediator(  558): onSim2StateChanged,simState:ABSENT
01-01 00:06:39.399 D/KeyguardViewMediator(  558): onSimStateChanged: ABSENT slot:1
01-01 00:06:39.469 E/KeyguardViewMediator(  558): resetStateLocked
01-01 00:06:39.529 D/dalvikvm(  501): GC_CONCURRENT freed 1487K, 20% free 6577K/8176K, paused 3ms+5ms, total 105ms
01-01 00:06:39.529 D/dalvikvm(  501): WAIT_FOR_CONCURRENT_GC blocked 37ms
01-01 00:06:39.539 D/Keyguard-CarrierText(  558): carrier:No SIM card  No service.,carrier2:No SIM card  No service.
01-01 00:06:39.599 D/KeyguardUpdateMonitor(  558): setPowerOnPinCheckComplete,SIM 0:ABSENT,SIM 1:ABSENT
01-01 00:06:39.599 D/KeyguardUpdateMonitor(  558): Both SIM are not locked during power on
01-01 00:06:39.599 D/KeyguardUpdateMonitor(  558): reportIccPinCheckDone
01-01 00:06:39.639 I/Choreographer(  558): Skipped 67 frames!  The application may be doing too much work on its main thread.
01-01 00:06:39.839 D/KeyguardViewMediator(  558): handleKeyguardDoneDrawing
01-01 00:06:39.839 D/KeyguardUpdateMonitor(  558): handleBatteryUpdate
01-01 00:06:39.839 D/KeyguardUpdateMonitor(  558): handleBatteryUpdate
01-01 00:06:39.849 D/KeyguardViewMediator(  558): handleReset
