01-01 00:06:39.849 D/KeyguardViewManager(  558): reset()
01-01 00:06:39.849 D/KeyguardHostView(  558): onSaveInstanceState, tstate=1
01-01 00:06:39.859 V/KeyguardUpdateMonitor(  558): *** unregister callback for com.android.keyguard.KeyguardStatusView$1@5283fed0
01-01 00:06:39.859 V/KeyguardUpdateMonitor(  558): *** unregister callback for com.android.keyguard.KeyguardWidgetFrame$1@5283f8c0
01-01 00:06:39.859 D/CameraWidgetFrame(  558): onDetachedFromWindow: instance 5283705c at 55077
01-01 00:06:39.869 V/KeyguardUpdateMonitor(  558): *** unregister callback for com.android.keyguard.KeyguardWidgetFrame$1@52837470
01-01 00:06:39.869 V/KeyguardUpdateMonitor(  558): *** unregister callback for com.android.keyguard.CameraWidgetFrame$7@52838cd4
01-01 00:06:39.869 D/CameraWidgetFrame(  558): cancelTransitionToCamera at 55080
01-01 00:06:39.869 V/KeyguardUpdateMonitor(  558): *** unregister callback for com.android.keyguard.CarrierText$1@5282b0c8
01-01 00:06:39.869 V/KeyguardUpdateMonitor(  558): *** unregister callback for com.android.keyguard.EmergencyButton$1@5282bb08
01-01 00:06:39.879 V/KeyguardUpdateMonitor(  558): *** unregister callback for com.android.keyguard.KeyguardHostView$1@527f9358
01-01 00:06:39.879 E/KeyguardHostView(  558): KeyguardHostView()
01-01 00:06:39.889 V/KeyguardHostView(  558): Initial transport state: 1, pbstate=0
01-01 00:06:39.959 D/KeyguardActivityLauncher(  558): getCameraWidgetInfo(): resolved: ResolveInfo{5283ebdc com.android.camera2/com.android.camera.CameraActivity m=0x108000}
01-01 00:06:39.959 D/CameraWidgetFrame(  558): inflateWidgetView: com.android.camera2
01-01 00:06:39.969 V/KeyguardUpdateMonitor(  558): *** register callback for com.android.keyguard.CameraWidgetFrame$7@5278ddd8
01-01 00:06:39.969 V/KeyguardUpdateMonitor(  558): *** unregister callback for null
01-01 00:06:39.969 D/CameraWidgetFrame(  558): new CameraWidgetFrame instance 5278dadc
01-01 00:06:39.989 V/KeyguardStatusView(  558): Enable transport text marquee
01-01 00:06:40.029 D/KeyguardHostView(  558): Show right-most page 0
01-01 00:06:40.059 V/KeyguardHostView(  558): showPrimarySecurityScreen(turningOff=false)
01-01 00:06:40.059 D/KeyguardHostView(  558): showSecurityScreen(None)
01-01 00:06:40.069 V/KeyguardHostView(  558): inflating id = 2130903057
01-01 00:06:40.069 V/KeyguardUpdateMonitor(  558): *** register callback for com.android.keyguard.KeyguardMessageArea$2@52a71a14
01-01 00:06:40.069 V/KeyguardUpdateMonitor(  558): *** unregister callback for null
01-01 00:06:40.269 V/KeyguardUpdateMonitor(  558): *** register callback for com.android.keyguard.KeyguardSelectorView$2@52a7139c
01-01 00:06:40.269 V/KeyguardUpdateMonitor(  558): *** unregister callback for null
01-01 00:06:40.369 V/KeyguardUpdateMonitor(  558): *** register callback for com.android.keyguard.KeyguardHostView$1@52817ac4
01-01 00:06:40.369 V/KeyguardUpdateMonitor(  558): *** unregister callback for null
01-01 00:06:40.369 V/KeyguardHostView(  558): music state changed: 0
01-01 00:06:40.369 V/KeyguardUpdateMonitor(  558): *** register callback for com.android.keyguard.KeyguardWidgetFrame$1@52846d44
01-01 00:06:40.369 V/KeyguardUpdateMonitor(  558): *** unregister callback for null
01-01 00:06:40.369 V/KeyguardUpdateMonitor(  558): *** register callback for com.android.keyguard.KeyguardStatusView$1@52846fac
01-01 00:06:40.369 V/KeyguardUpdateMonitor(  558): *** unregister callback for null
01-01 00:06:40.409 D/dalvikvm(  558): GC_CONCURRENT freed 2202K, 18% free 10660K/12928K, paused 3ms+12ms, total 50ms
01-01 00:06:40.439 V/KeyguardUpdateMonitor(  558): *** register callback for com.android.keyguard.KeyguardWidgetFrame$1@5278dd54
01-01 00:06:40.439 V/KeyguardUpdateMonitor(  558): *** unregister callback for null
01-01 00:06:40.449 V/KeyguardUpdateMonitor(  558): *** register callback for com.android.keyguard.CarrierText$1@52abb1f4
01-01 00:06:40.449 V/KeyguardUpdateMonitor(  558): *** unregister callback for null
01-01 00:06:40.449 D/Keyguard-CarrierText(  558): carrier:,carrier2:
01-01 00:06:40.449 D/Keyguard-CarrierText(  558): carrier:,carrier2:
01-01 00:06:40.449 D/Keyguard-CarrierText(  558): carrier:No SIM card  No service.,carrier2:
01-01 00:06:40.469 D/Keyguard-CarrierText(  558): carrier:No SIM card  No service.,carrier2:No SIM card  No service.
01-01 00:06:40.479 V/KeyguardUpdateMonitor(  558): *** register callback for com.android.keyguard.EmergencyButton$1@52abd5fc
01-01 00:06:40.479 V/KeyguardUpdateMonitor(  558): *** unregister callback for null
01-01 00:06:40.629 D/CameraWidgetFrame(  558): setInsets: Rect(0, 38 - 0, 0)
01-01 00:06:40.639 D/KeyguardHostView(  558): onRestoreInstanceState, transport=1
01-01 00:06:40.639 D/KeyguardHostView(  558): Show right-most page 0
01-01 00:06:40.709 D/dalvikvm(  501): GC_FOR_ALLOC freed 1067K, 18% free 6726K/8176K, paused 33ms, total 44ms
01-01 00:06:40.749 I/Choreographer(  558): Skipped 65 frames!  The application may be doing too much work on its main thread.
01-01 00:06:40.819 D/KeyguardViewMediator(  558): setHidden false
01-01 00:06:40.819 D/KeyguardUpdateMonitor(  558): sendKeyguardVisibilityChanged(true)
01-01 00:06:40.819 D/CameraWidgetFrame(  558): onSizeChanged new=644x1108 old=0x0 at 56037
01-01 00:06:40.839 W/View    (  558): requestLayout() improperly called by android.widget.TextClock{528471f0 V.ED.... ......ID 161,0-459,160 #7f0a0059 app:id/clock_view} during layout: running second layout pass
01-01 00:06:40.839 W/View    (  558): requestLayout() improperly called by android.widget.TextClock{52847a84 V.ED.... ......ID 227,0-392,29 #7f0a005e app:id/date_view} during layout: running second layout pass
01-01 00:06:40.869 I/dalvikvm(  558): Could not compile trace for Ljava/util/Arrays;fill, offset 7
01-01 00:06:40.869 I/dalvikvm(  558): ++++++++++++++++++++++++++++++++++++++++++++
01-01 00:06:40.869 I/dalvikvm(  558): JIT_INFO: ME Issues while compiling trace  Ljava/util/Arrays;fill, offset 7
01-01 00:06:40.869 I/dalvikvm(  558): 	The trace provoked a spill.
01-01 00:06:40.869 I/dalvikvm(  558): Trying less registerization from 1 to 0
01-01 00:06:40.939 D/KeyguardViewMediator(  558): handleKeyguardDoneDrawing
01-01 00:06:40.939 D/KeyguardUpdateMonitor(  558): handleKeyguardVisibilityChanged(1)
01-01 00:06:40.939 D/CameraWidgetFrame(  558): onKeyguardVisibilityChanged true at 56159
01-01 00:06:40.939 V/KeyguardStatusView(  558): refresh statusview showing:true
01-01 00:06:40.959 D/CameraWidgetFrame(  558): Rendered camera widget size=720x1280 84% instance=5278dadc
01-01 00:06:41.109 D/KeyguardViewMediator(  558): handleKeyguardDoneDrawing
01-01 00:06:41.209 D/KeyguardViewMediator(  558): handleKeyguardDoneDrawing
01-01 00:06:41.889 D/dalvikvm(  634): GC_CONCURRENT freed 157K, 8% free 2975K/3200K, paused 58ms+338ms, total 437ms
01-01 00:06:41.969 D/MtpService(  634): updating state; isCurrentUser=true, mMtpLocked=false
01-01 00:06:41.989 D/MtpService(  634): addStorageLocked 65537 /storage/emulated/0
01-01 00:06:42.079 D/MtpService(  634): updating state; isCurrentUser=true, mMtpLocked=false
01-01 00:06:42.109 D/MtpService(  634): starting MTP server in MTP mode
01-01 00:06:42.109 D/MtpService(  634): addStorageLocked 65537 /storage/emulated/0
01-01 00:06:42.139 I/dalvikvm(  843): Total arena pages for JIT: 201
01-01 00:06:42.179 D/BluetoothAdapter(  843): 1382286484: getState() :  mService = null. Returning STATE_OFF
01-01 00:06:42.209 W/ContextImpl(  843): Calling a method in the system process without a qualified user: android.app.ContextImpl.bindService:1563 android.content.ContextWrapper.bindService:517 android.bluetooth.BluetoothInputDevice.doBind:245 android.bluetooth.BluetoothInputDevice.<init>:238 android.bluetooth.BluetoothAdapter.getProfileProxy:1367 
01-01 00:06:42.249 I/dalvikvm(  634): Total arena pages for JIT: 201
01-01 00:06:42.249 I/dalvikvm(  634): Total arena pages for JIT: 202
01-01 00:06:42.249 I/dalvikvm(  634): Total arena pages for JIT: 203
01-01 00:06:42.249 I/dalvikvm(  634): Total arena pages for JIT: 204
01-01 00:06:42.249 I/dalvikvm(  634): Total arena pages for JIT: 205
01-01 00:06:42.259 W/ContextImpl(  843): Calling a method in the system process without a qualified user: android.app.ContextImpl.bindService:1563 android.content.ContextWrapper.bindService:517 android.bluetooth.BluetoothPan.doBind:149 android.bluetooth.BluetoothPan.<init>:141 android.bluetooth.BluetoothAdapter.getProfileProxy:1370 
01-01 00:06:42.269 D/LocalBluetoothProfileManager(  843): Adding local MAP profile
01-01 00:06:42.269 D/BluetoothMap(  843): Create BluetoothMap proxy object
01-01 00:06:42.279 W/ContextImpl(  843): Calling a method in the system process without a qualified user: android.app.ContextImpl.bindService:1563 android.content.ContextWrapper.bindService:517 android.bluetooth.BluetoothMap.doBind:109 android.bluetooth.BluetoothMap.<init>:102 android.bluetooth.BluetoothAdapter.getProfileProxy:1376 
01-01 00:06:42.299 W/ContextImpl(  843): Calling a method in the system process without a qualified user: android.app.ContextImpl.bindService:1563 android.content.ContextWrapper.bindService:517 android.bluetooth.BluetoothPbap.doBind:164 android.bluetooth.BluetoothPbap.<init>:157 com.android.settings.bluetooth.PbapServerProfile.<init>:68 
01-01 00:06:42.309 D/LocalBluetoothProfileManager(  843): LocalBluetoothProfileManager construction complete
01-01 00:06:42.309 D/BluetoothAdapter(  843): 1382286484: getState() :  mService = null. Returning STATE_OFF
01-01 00:06:42.309 D/BluetoothAdapter(  843): 1382286484: getState() :  mService = null. Returning STATE_OFF
01-01 00:06:42.309 I/dalvikvm(  634): Total arena pages for JIT: 206
01-01 00:06:42.309 I/dalvikvm(  634): Total arena pages for JIT: 207
01-01 00:06:42.389 D/dalvikvm(  869): Try to disable coredump for pid 869
01-01 00:06:42.389 D/dalvikvm(  869): Process 869 nice name: com.android.music
01-01 00:06:42.389 D/dalvikvm(  869): Extra Options: not specified
01-01 00:06:42.389 I/ActivityManager(  501): Start proc com.android.music for broadcast com.android.music/.MediaButtonIntentReceiver: pid=869 uid=10038 gids={50038, 3003, 1028, 1015}
01-01 00:06:42.439 I/dalvikvm(  869): CheckJNI enabled: not enabling JNI app bug workarounds.
01-01 00:06:42.519 D/KeyguardUpdateMonitor(  558): received broadcast android.intent.action.BOOT_COMPLETED
01-01 00:06:42.549 D/dalvikvm(  882): Try to disable coredump for pid 882
01-01 00:06:42.549 D/dalvikvm(  882): Process 882 nice name: com.android.dialer
01-01 00:06:42.549 D/dalvikvm(  882): Extra Options: not specified
01-01 00:06:42.549 I/ActivityManager(  501): Start proc com.android.dialer for broadcast com.android.dialer/.calllog.CallLogReceiver: pid=882 uid=10004 gids={50004, 3003, 1028, 1015}
01-01 00:06:42.559 I/MediaFocusControl(  501):   Remote Control   registerMediaButtonIntent() for PendingIntent{527499f0: PendingIntentRecord{52658338 com.android.music broadcastIntent}}
01-01 00:06:42.559 V/KeyguardUpdateMonitor(  558): handleSetGenerationId(g=2, clear=true)
01-01 00:06:42.559 V/KeyguardHostView(  558): hide transport, gen:2
01-01 00:06:42.559 V/KeyguardHostView(  558): update widget: transport state changed
01-01 00:06:42.559 D/KeyguardHostView(  558): Show right-most page 0
01-01 00:06:42.659 V/KeyguardUpdateMonitor(  558): handleSetGenerationId(g=3, clear=true)
01-01 00:06:42.659 V/KeyguardHostView(  558): hide transport, gen:3
01-01 00:06:42.759 D/ExtensionsFactory(  882): No custom extensions.
01-01 00:06:42.779 I/ThermalManager(  501): iTUX Version:2.5
01-01 00:06:42.779 I/ThermalUtils(  501): Reading thermal config files from /system/etc/
01-01 00:06:42.779 I/ThermalService(  501): property persist.thermal.turbo.dynamic not present
01-01 00:06:42.779 I/ThermalCooling(  501): Thermal Cooling manager init() called
01-01 00:06:42.789 I/ThermalCooling(  501): StartDocument
01-01 00:06:42.819 I/ThermalManager(  501): zone id:0 coolingDevID  mapped:1,2,
01-01 00:06:42.819 I/ThermalManager(  501): zone id:1 coolingDevID  mapped:1,3,
01-01 00:06:42.819 I/ThermalManager(  501): zone id:2 coolingDevID  mapped:2,3,
01-01 00:06:42.819 I/ThermalCooling(  501): Parsing Finished..
01-01 00:06:42.829 I/ThermalService(  501): StartDocument
01-01 00:06:42.849 I/ThermalSensor(  501): Sensor:coretemp0 path:autotemp is invalid...deactivaing Sensor
01-01 00:06:42.849 I/ThermalSensor(  501): Cannot build UEvent path for sensor:coretemp0
01-01 00:06:42.849 I/ThermalSensor(  501): Sensor:coretemp1 path:autotemp is invalid...deactivaing Sensor
01-01 00:06:42.849 I/ThermalSensor(  501): Cannot build UEvent path for sensor:coretemp1
01-01 00:06:42.849 I/ThermalSensor(  501): Sensor:battery path:autotemp is invalid...deactivaing Sensor
01-01 00:06:42.849 I/ThermalSensor(  501): Cannot build UEvent path for sensor:battery
01-01 00:06:42.859 I/ThermalService(  501): Zones under Profile: Default
01-01 00:06:42.859 I/ThermalZone(  501): mZoneID:0
01-01 00:06:42.859 I/ThermalZone(  501): mDBInterval: 2000
01-01 00:06:42.859 I/ThermalZone(  501): mZoneName:CPU0
01-01 00:06:42.859 I/ThermalZone(  501): mSupportsUEvent:true
01-01 00:06:42.859 I/ThermalZone(  501): mZoneLogic:Raw
01-01 00:06:42.859 I/ThermalZone(  501): mOffset:0
01-01 00:06:42.859 I/ThermalZone(  501): mPollDelay[]:[30000, 30000, 30000, 30000, 30000]
01-01 00:06:42.859 I/ThermalZone(  501): mZoneTempThresholds[]: [0, 60000, 90000, 90000, 95000]
01-01 00:06:42.859 I/ThermalZone(  501): mNumberOfInstances[]: null
01-01 00:06:42.859 I/ThermalZone(  501): mEmulTempFlag:false
01-01 00:06:42.859 I/ThermalZone(  501): MaxStates:5
01-01 00:06:42.869 I/ThermalZone(  501): states-threshold map:[State0<60000];[60000<=State1<90000];[90000<=State2<90000];[90000<=State3<95000];
01-01 00:06:42.869 I/ThermalZone(  501): zoneID: 0 sensors mapped:coretemp0,
01-01 00:06:42.869 I/ThermalSensorAttrib(  501): SensorAttrib: coretemp0
01-01 00:06:42.869 I/ThermalSensorAttrib(  501): mWeights[]: null
01-01 00:06:42.869 I/ThermalSensorAttrib(  501): mOrder[]: null
01-01 00:06:42.869 I/ThermalZone(  501): mZoneID:1
01-01 00:06:42.869 I/ThermalZone(  501): mDBInterval: 1000
01-01 00:06:42.879 I/ThermalZone(  501): mZoneName:CPU1
01-01 00:06:42.879 I/ThermalZone(  501): mSupportsUEvent:true
01-01 00:06:42.879 I/ThermalZone(  501): mZoneLogic:Raw
01-01 00:06:42.879 I/ThermalZone(  501): mOffset:0
01-01 00:06:42.879 I/ThermalZone(  501): mPollDelay[]:[30000, 30000, 30000, 30000, 30000]
01-01 00:06:42.879 I/ThermalZone(  501): mZoneTempThresholds[]: [0, 60000, 90000, 90000, 95000]
01-01 00:06:42.879 I/ThermalZone(  501): mNumberOfInstances[]: null
01-01 00:06:42.879 I/ThermalZone(  501): mEmulTempFlag:false
01-01 00:06:42.879 I/ThermalZone(  501): MaxStates:5
01-01 00:06:42.879 I/ThermalZone(  501): states-threshold map:[State0<60000];[60000<=State1<90000];[90000<=State2<90000];[90000<=State3<95000];
01-01 00:06:42.879 I/ThermalZone(  501): zoneID: 1 sensors mapped:coretemp1,
01-01 00:06:42.879 I/ThermalSensorAttrib(  501): SensorAttrib: coretemp1
01-01 00:06:42.879 I/ThermalSensorAttrib(  501): mWeights[]: null
01-01 00:06:42.879 I/ThermalSensorAttrib(  501): mOrder[]: null
01-01 00:06:42.879 I/ThermalZone(  501): mZoneID:2
01-01 00:06:42.879 I/ThermalZone(  501): mDBInterval: 2000
01-01 00:06:42.879 I/ThermalZone(  501): mZoneName:Battery
01-01 00:06:42.879 I/ThermalZone(  501): mSupportsUEvent:false
01-01 00:06:42.879 I/ThermalZone(  501): mZoneLogic:Raw
01-01 00:06:42.879 I/ThermalZone(  501): mOffset:0
01-01 00:06:42.879 I/ThermalZone(  501): mPollDelay[]:[20000, 20000, 20000, 20000, 20000]
01-01 00:06:42.879 I/ThermalZone(  501): mZoneTempThresholds[]: [0, 48000, 54000, 60000, 65000]
01-01 00:06:42.879 I/ThermalZone(  501): mNumberOfInstances[]: null
01-01 00:06:42.879 I/ThermalZone(  501): mEmulTempFlag:false
01-01 00:06:42.879 I/ThermalZone(  501): MaxStates:5
01-01 00:06:42.889 I/ThermalZone(  501): states-threshold map:[State0<48000];[48000<=State1<54000];[54000<=State2<60000];[60000<=State3<65000];
01-01 00:06:42.889 I/ThermalZone(  501): zoneID: 2 sensors mapped:battery,
01-01 00:06:42.889 I/ThermalSensorAttrib(  501): SensorAttrib: battery
01-01 00:06:42.889 I/ThermalSensorAttrib(  501): mWeights[]: null
01-01 00:06:42.889 I/ThermalSensorAttrib(  501): mOrder[]: null
01-01 00:06:42.899 I/ThermalManager(  501): profile name list:Default 
01-01 00:06:42.899 I/ThermalManager(  501): profile count:1
01-01 00:06:42.899 I/ThermalManager(  501): deactivating inactive zone:CPU0
01-01 00:06:42.899 I/ThermalManager(  501): deactivating inactive zone:CPU1
01-01 00:06:42.899 I/ThermalManager(  501): deactivating inactive zone:Battery
01-01 00:06:42.899 I/ThermalManager(  501): 0 zones found active in profile Default
01-01 00:06:42.899 W/ContextImpl(  501): Calling a method in the system process without a qualified user: android.app.ContextImpl.sendStickyBroadcast:1301 com.android.server.thermal.ThermalManager.sendQueryProfileIntent:742 com.android.server.thermal.ThermalManager.startNewProfile:551 com.android.server.thermal.ThermalManager.startDefaultProfile:585 com.android.server.thermal.ThermalService$BootCompReceiver.onReceive:578 
01-01 00:06:42.919 W/ContextImpl(  501): Calling a method in the system process without a qualified user: android.app.ContextImpl.bindService:1563 android.bluetooth.BluetoothHeadset.doBind:283 android.bluetooth.BluetoothHeadset.<init>:276 android.bluetooth.BluetoothAdapter.getProfileProxy:1361 android.media.AudioService.getBluetoothHeadset:2268 
01-01 00:06:42.929 W/ContextImpl(  501): Calling a method in the system process without a qualified user: android.app.ContextImpl.bindService:1563 android.bluetooth.BluetoothA2dp.doBind:165 android.bluetooth.BluetoothA2dp.<init>:158 android.bluetooth.BluetoothAdapter.getProfileProxy:1364 android.media.AudioService$AudioServiceBroadcastReceiver.onReceive:4252 
01-01 00:06:42.929 V/WiredAccessoryManager(  501): init()
01-01 00:06:42.979 D/dalvikvm(  501): GC_CONCURRENT freed 1474K, 19% free 6756K/8300K, paused 15ms+15ms, total 109ms
01-01 00:06:42.979 D/dalvikvm(  501): WAIT_FOR_CONCURRENT_GC blocked 34ms
01-01 00:06:42.989 I/PowerManagerService(  501): Boot animation finished.
01-01 00:06:43.019 D/dalvikvm(  904): Try to disable coredump for pid 904
01-01 00:06:43.019 D/dalvikvm(  904): Process 904 nice name: com.android.providers.calendar
01-01 00:06:43.019 D/dalvikvm(  904): Extra Options: not specified
01-01 00:06:43.019 I/RecoverySystem(  501): No recovery log file
01-01 00:06:43.019 I/ActivityManager(  501): Start proc com.android.providers.calendar for broadcast com.android.providers.calendar/.CalendarReceiver: pid=904 uid=10001 gids={50001, 3003, 1028, 1015}
01-01 00:06:43.039 I/BootReceiver(  501): Copying audit failures to DropBox
01-01 00:06:43.039 I/BootReceiver(  501): Checking for fsck errors
01-01 00:06:43.189 I/dalvikvm(  501): Total arena pages for JIT: 201
01-01 00:06:43.189 I/dalvikvm(  501): Total arena pages for JIT: 202
01-01 00:06:43.189 I/dalvikvm(  501): Total arena pages for JIT: 203
01-01 00:06:43.189 I/dalvikvm(  501): Total arena pages for JIT: 204
01-01 00:06:43.189 I/dalvikvm(  501): Total arena pages for JIT: 205
01-01 00:06:43.199 I/dalvikvm(  501): Total arena pages for JIT: 206
01-01 00:06:43.219 I/dalvikvm(  501): Total arena pages for JIT: 207
01-01 00:06:43.229 I/dalvikvm(  501): Total arena pages for JIT: 208
01-01 00:06:43.239 I/dalvikvm(  501): Total arena pages for JIT: 209
01-01 00:06:44.359 I/CalendarProvider2(  904): Created com.android.providers.calendar.CalendarAlarmManager@52644564(com.android.providers.calendar.CalendarProvider2@5263fffc)
01-01 00:06:44.499 I/ActivityManager(  501): Delay finish: com.android.providers.media/.MediaScannerReceiver
01-01 00:06:44.599 I/ActivityManager(  501): Resuming delayed broadcast
01-01 00:06:44.699 I/ActivityManager(  501): Delay finish: com.android.providers.media/.MtpReceiver
01-01 00:06:44.739 D/MtpService(  634): updating state; isCurrentUser=true, mMtpLocked=false
01-01 00:06:44.809 I/dalvikvm(  904): Total arena pages for JIT: 201
01-01 00:06:44.809 I/dalvikvm(  904): Total arena pages for JIT: 202
01-01 00:06:44.809 I/dalvikvm(  904): Total arena pages for JIT: 203
01-01 00:06:44.809 I/dalvikvm(  904): Total arena pages for JIT: 204
01-01 00:06:44.819 I/dalvikvm(  904): Total arena pages for JIT: 205
01-01 00:06:44.819 I/dalvikvm(  904): Total arena pages for JIT: 206
01-01 00:06:44.829 I/dalvikvm(  904): Total arena pages for JIT: 207
01-01 00:06:45.479 D/dalvikvm(  558): GC_CONCURRENT freed 1794K, 23% free 10048K/12928K, paused 2ms+4ms, total 63ms
01-01 00:06:45.639 I/CalendarProvider2(  904): Sending notification intent: Intent { act=android.intent.action.PROVIDER_CHANGED dat=content://com.android.calendar }
01-01 00:06:45.639 W/ContentResolver(  904): Failed to get type for: content://com.android.calendar (Unknown URL content://com.android.calendar)
01-01 00:06:45.649 I/ActivityManager(  501): Resuming delayed broadcast
01-01 00:06:45.669 D/dalvikvm(  951): Try to disable coredump for pid 951
01-01 00:06:45.669 D/dalvikvm(  951): Process 951 nice name: com.android.mms
01-01 00:06:45.669 D/dalvikvm(  951): Extra Options: not specified
01-01 00:06:45.669 I/ActivityManager(  501): Start proc com.android.mms for broadcast com.android.mms/.transaction.MmsSystemEventReceiver: pid=951 uid=10009 gids={50009, 3003, 1028, 1015}
01-01 00:06:45.689 D/KeyguardViewMediator(  558): setHidden false
01-01 00:06:45.689 D/KeyguardUpdateMonitor(  558): sendKeyguardVisibilityChanged(true)
01-01 00:06:45.689 D/KeyguardUpdateMonitor(  558): handleKeyguardVisibilityChanged(1)
01-01 00:06:45.689 V/KeyguardStatusView(  558): refresh statusview showing:true
01-01 00:06:45.769 D/KeyguardViewMediator(  558): handleKeyguardDoneDrawing
01-01 00:06:45.989 I/GNSS    (  501): LBS_CLIENT-INF:gpsClient_Disable() Sending SOCKET_AGPS_SWITCH_OFF_GPS to socket server
01-01 00:06:45.989 D/GNSS    (  118): LBS_SERVER-DBG:Activity on connection
01-01 00:06:45.989 D/GNSS    (  118): LBS_SERVER-DBG:Events on handle 14 - <0x1>
01-01 00:06:45.989 D/GNSS    (  118): LBS_SERVER-DBG:Recvd Command SOCKET_AGPS_SWITCH_OFF_GPS
01-01 00:06:45.989 D/GNSS    (  118): LBS_SERVER-DBG:Calling Switch off GPS
01-01 00:06:45.989 D/GNSS    (  118): LBS_SERVER-DBG:Switch off GPS returned 0
01-01 00:06:45.989 D/GNSS    (  118): LBS_SERVER-DBG:Command : SOCKET_AGPS_STATUS , Payload Len : 12 , buffer size 25 , fd  14
01-01 00:06:45.989 D/GNSS    (  118): LBS_SERVER-DBG:Sent Command : 
01-01 00:06:45.989 I/GNSS    (  118): LBS_LCS_ENV-INF:SuplHandler
01-01 00:06:45.989 I/GNSS    (  118): LBS_LCS_ENV-INF:GN_SUPL_Set_Config:
01-01 00:06:45.989 I/GNSS    (  118): LBS_LCS_ENV-INF:GN_SUPL_Set_Config : Received Config params are : PT_agpsSETBased [1], PT_agpsSETAssisted[1], PM_preferredMethod[0]
01-01 00:06:45.989 I/GNSS    (  118): LBS_LCS_ENV-INF:GN_SUPL_Set_Config : BOTH MSA+MSB Supported. Setting posmethod to UTA_LCS_POS_MODE_MS_BASED based on PrefMethod
01-01 00:06:45.989 I/GNSS    (  118): LBS_LCS_ENV-INF:GN_SUPL_Set_Config : Not received SLP Address. Defaulting to AUTO HSLP Mode
01-01 00:06:45.989 I/GNSS    (  118): LBS_LCS_ENV-INF:GN_SUPL_Set_Config : Seting Auto SLP Addr mcc, mnc = 0,0
01-01 00:06:45.989 I/GNSS    (  118): LBS_LCS_ENV-INF:GN_SUPL_Set_Config : Received IMSI length : [0] 
01-01 00:06:45.989 I/GNSS    (  118): LBS_LCS_ENV-INF:GN_SUPL_Set_Config : Received IMSI : 
01-01 00:06:45.989 I/GNSS    (  118): LBS_LCS_ENV-INF:GN_SUPL_Set_Config :0. number_len : 0
01-01 00:06:45.989 I/GNSS    (  118): LBS_LCS_ENV-INF:GN_SUPL_Set_Config: IMSI length received is 0. Returning FALSE
01-01 00:06:45.989 I/GNSS    (  118): LBS_LCS_ENV-INF:GN_SUPL_Extd_Set_Config:
01-01 00:06:45.989 D/GNSS    (  501): LBS_CLIENT-DBG:Select returned with 1 events
01-01 00:06:45.999 I/GNSS    (  501): LBS_CLIENT-INF:StopGpsState(): Setting ExitGpsThread to 1, to indicate the GpsThread to exit and wait for thread to exit.
01-01 00:06:45.999 I/GNSS    (  501): LBS_CLIENT-INF:StopGpsState(): Closing connection to the socket
01-01 00:06:45.999 D/GNSS    (  118): LBS_SERVER-DBG:Activity on connection
01-01 00:06:45.999 D/GNSS    (  118): LBS_SERVER-DBG:Events on handle 14 - <0x1>
01-01 00:06:45.999 D/GNSS    (  118): LBS_SERVER-DBG:14 closed connection
01-01 00:06:45.999 D/GNSS    (  501): LBS_CLIENT-DBG:Select returned with 1 events
01-01 00:06:45.999 D/GNSS    (  501): LBS_CLIENT-DBG:Socket closed at agpsd
01-01 00:06:45.999 I/GNSS    (  501): LBS_CLIENT-INF:StopGpsState(): Waiting for thread to exit
01-01 00:06:45.999 I/GNSS    (  501): LBS_CLIENT-INF:StopGpsState(): Thread exit finish
01-01 00:06:45.999 I/GNSS    (  501): LBS_CLIENT-INF:GPSINTERFACE: gps_init().
01-01 00:06:45.999 I/GNSS    (  501): 
01-01 00:06:45.999 I/GNSS    (  501): LBS_CLIENT-INF:Entering gpsClient_Init()
01-01 00:06:45.999 D/GNSS    (  118): LBS_SERVER-DBG:Connection Event occured
01-01 00:06:45.999 D/GNSS    (  118): LBS_SERVER-DBG:Connection Accepted, childFd = 14
01-01 00:06:45.999 D/GNSS    (  118): LBS_SERVER-DBG:Client is added to the client list
01-01 00:06:46.009 D/CountryDetector(  501): The first listener is added
01-01 00:06:46.029 I/GNSS    (  501): LBS_CLIENT-INF:gps state initialized
01-01 00:06:46.029 D/GNSS    (  501): LBS_CLIENT-DBG:Sending SOCKET_AGPS_REGISTER_CLIENT to Socket server
01-01 00:06:46.029 D/GNSS    (  118): LBS_SERVER-DBG:Activity on connection
01-01 00:06:46.029 D/GNSS    (  118): LBS_SERVER-DBG:Events on handle 14 - <0x1>
01-01 00:06:46.029 D/GNSS    (  118): LBS_SERVER-DBG:Recvd Command SOCKET_AGPS_REGISTER_CLIENT
01-01 00:06:46.029 D/GNSS    (  118): LBS_SERVER-DBG:Processing command SOCKET_AGPS_REGISTER_CLIENT , Mask : 6f
01-01 00:06:46.029 D/GNSS    (  118): LBS_SERVER-DBG:Enabling GPS for AGPS Use cases, Config Mask set to 0
01-01 00:06:46.029 I/GNSS    (  118): LBS_SERVER-INF:config.v_ConfigMaskValidity = 67108864
01-01 00:06:46.029 I/GNSS    (  118): LBS_SERVER-INF:config.v_ConfigMask = 0
01-01 00:06:46.029 I/GNSS    (  118): LBS_SERVER-INF:config.v_Config2Mask = 0
01-01 00:06:46.029 I/GNSS    (  118): LBS_SERVER-INF:config.v_PowerPref = 0
01-01 00:06:46.029 I/GNSS    (  118): LBS_SERVER-INF:config.v_SensMode = 0
01-01 00:06:46.029 I/GNSS    (  118): LBS_SERVER-INF:config.v_SensTtff = 0
01-01 00:06:46.029 I/GNSS    (  118): LBS_SERVER-INF:config.v_ColdStart = 0
01-01 00:06:46.029 I/GNSS    (  118): LBS_SERVER-INF:config.v_PrefMode = 0
01-01 00:06:46.029 I/GNSS    (  118): LBS_SERVER-INF:config.v_SimIndex = 0
01-01 00:06:46.029 I/GNSS    (  118): LBS_SERVER-INF:Sending configuration parameters to CGPS
01-01 00:06:46.039 D/GNSS    (  118): LBS_SERVER-DBG:Enabling GPS for AGPS Use cases, result is 0
01-01 00:06:46.039 D/GNSS    (  118): LBS_SERVER-DBG:Command : SOCKET_AGPS_STATUS , Payload Len : 12 , buffer size 25 , fd  14
01-01 00:06:46.039 D/GNSS    (  118): LBS_SERVER-DBG:Sent Command : 
01-01 00:06:46.039 I/GNSS    (  118): LBS_SERVER-INF:GpsEventNotificationCallback. Callback done! vp_Result 1 
01-01 00:06:46.039 D/GNSS    (  118): LBS_SERVER-DBG:Client fd 14 , capability mask 6f
01-01 00:06:46.039 D/GNSS    (  118): LBS_SERVER-DBG:Encoding SOCKET_AGPS_NI_NOTIFICATION
01-01 00:06:46.039 D/GNSS    (  118): LBS_SERVER-DBG:Command : SOCKET_AGPS_NI_NOTIFICATION , Payload Len : 1 , buffer size 14 , fd  14
01-01 00:06:46.039 D/GNSS    (  118): LBS_SERVER-DBG:Sent Command : 
01-01 00:06:46.039 I/GNSS    (  118): LBS_LCS_ENV-INF:GN_SUPL_Set_Config:
01-01 00:06:46.039 I/GNSS    (  118): LBS_LCS_ENV-INF:GN_SUPL_Set_Config : Received Config params are : PT_agpsSETBased [1], PT_agpsSETAssisted[1], PM_preferredMethod[0]
01-01 00:06:46.039 I/GNSS    (  118): LBS_LCS_ENV-INF:GN_SUPL_Set_Config : BOTH MSA+MSB Supported. Setting posmethod to UTA_LCS_POS_MODE_MS_BASED based on PrefMethod
01-01 00:06:46.039 I/GNSS    (  118): LBS_LCS_ENV-INF:GN_SUPL_Set_Config : Not received SLP Address. Defaulting to AUTO HSLP Mode
01-01 00:06:46.039 I/GNSS    (  118): LBS_LCS_ENV-INF:GN_SUPL_Set_Config : Seting Auto SLP Addr mcc, mnc = 0,0
01-01 00:06:46.039 I/GNSS    (  118): LBS_LCS_ENV-INF:GN_SUPL_Set_Config : Received IMSI length : [0] 
01-01 00:06:46.039 I/GNSS    (  118): LBS_LCS_ENV-INF:GN_SUPL_Set_Config : Received IMSI : 
01-01 00:06:46.039 I/GNSS    (  118): LBS_LCS_ENV-INF:GN_SUPL_Set_Config :0. number_len : 0
01-01 00:06:46.039 I/GNSS    (  118): LBS_LCS_ENV-INF:GN_SUPL_Set_Config: IMSI length received is 0. Returning FALSE
01-01 00:06:46.039 I/GNSS    (  118): LBS_LCS_ENV-INF:GN_SUPL_Extd_Set_Config:
01-01 00:06:46.049 D/GNSS    (  501): LBS_CLIENT-DBG:TlsInit : Entry
01-01 00:06:46.049 D/GNSS    (  501): LBS_CLIENT-DBG:TlsInit : Certificate /etc/spirent-lcs.cer
01-01 00:06:46.049 D/GNSS    (  501): 
01-01 00:06:46.049 E/GNSS    (  501): LBS_CLIENT-ERR:SSL_CTX_load_verify_locations failed!
01-01 00:06:46.049 E/GNSS    (  501): 
01-01 00:06:46.049 D/GNSS    (  501): LBS_CLIENT-DBG:Sending SOCKET_AGPS_DEBUG_LOG_START to Socket server
01-01 00:06:46.049 D/GNSS    (  118): LBS_SERVER-DBG:Activity on connection
01-01 00:06:46.049 D/GNSS    (  118): LBS_SERVER-DBG:Events on handle 14 - <0x1>
01-01 00:06:46.049 D/GNSS    (  118): LBS_SERVER-DBG:Recvd Command SOCKET_AGPS_DEBUG_LOG_START
01-01 00:06:46.049 E/GNSS    (  118): LBS_SERVER-ERR:ERROR : Unknown command! : 64
01-01 00:06:46.049 D/GNSS    (  118): LBS_SERVER-DBG:Command : SOCKET_AGPS_STATUS , Payload Len : 12 , buffer size 25 , fd  14
01-01 00:06:46.049 D/GNSS    (  118): LBS_SERVER-DBG:Sent Command : 
01-01 00:06:46.059 I/GNSS    (  501): LBS_CLIENT-INF:gps thread running, value of gpsState.ExitGpsThread : 0
01-01 00:06:46.059 D/GNSS    (  501): LBS_CLIENT-DBG:Select returned with 1 events
01-01 00:06:46.059 D/GNSS    (  501): LBS_SERVER-DBG:Decoding SOCKET_AGPS_NI_NOTIFICATION
01-01 00:06:46.059 D/GNSS    (  501): LBS_CLIENT-DBG:Received NI Notification callback, sending it for processing
01-01 00:06:46.059 D/GNSS    (  501): LBS_CLIENT-DBG:GPSINTERFACE: gps_ProcessNetworkInitiatedCallback 1
01-01 00:06:46.059 D/GNSS    (  501): LBS_CLIENT-DBG:GPSINTERFACE: gps_ProcessNetworkInitiatedCallback GPSCLIENT_GPS_ENGINE_OFF
01-01 00:06:46.079 V/MmsConfig(  951): mnc/mcc: 
01-01 00:06:46.079 V/MmsConfig(  951): tag: bool value: enabledMMS - true
01-01 00:06:46.079 V/MmsConfig(  951): tag: int value: maxMessageSize - 307200
01-01 00:06:46.079 V/MmsConfig(  951): tag: int value: maxImageHeight - 480
01-01 00:06:46.079 V/MmsConfig(  951): tag: int value: maxImageWidth - 640
01-01 00:06:46.079 V/MmsConfig(  951): tag: int value: defaultSMSMessagesPerThread - 10000
01-01 00:06:46.079 V/MmsConfig(  951): tag: int value: defaultMMSMessagesPerThread - 1000
01-01 00:06:46.079 V/MmsConfig(  951): tag: int value: minMessageCountPerThread - 10
01-01 00:06:46.079 V/MmsConfig(  951): tag: int value: maxMessageCountPerThread - 5000
01-01 00:06:46.079 V/MmsConfig(  951): tag: string value: uaProfUrl - http://www.google.com/oha/rdf/ua-profile-kila.xml
01-01 00:06:46.079 V/MmsConfig(  951): tag: int value: recipientLimit - -1
01-01 00:06:46.079 V/MmsConfig(  951): tag: bool value: enableMultipartSMS - true
01-01 00:06:46.079 V/MmsConfig(  951): tag: int value: smsToMmsTextThreshold - -1
01-01 00:06:46.079 V/MmsConfig(  951): tag: bool value: enableSlideDuration - true
01-01 00:06:46.079 V/MmsConfig(  951): tag: int value: maxMessageTextSize - -1
01-01 00:06:46.079 V/MmsConfig(  951): tag: string value: secondary_sim_mms_download_policy - follow_preference
01-01 00:06:46.079 D/GNSS    (  501): LBS_CLIENT-DBG:GPSINTERFACE: gpsThread_CallbackEventHandler Pending callback value 2
01-01 00:06:46.109 D/GNSS    (  501): LBS_CLIENT-DBG:GPSINTERFACE: agps_init
01-01 00:06:46.109 I/GNSS    (  501): LBS_CLIENT-INF:gpsClient_AgpsInit Called!
01-01 00:06:46.109 D/GNSS    (  501): LBS_CLIENT-DBG:GPSINTERFACE: agps_init : value[0]
01-01 00:06:46.109 I/GNSS    (  501): LBS_CLIENT-INF:gpsClient_Data_Sim_Info() : Sending SOCKET_AGPS_DATA_SIM_INFO to Socket server
01-01 00:06:46.109 I/GNSS    (  501): LBS_CLIENT-INF:gpsClient_Data_Sim_Info() : SIM ID [0]
01-01 00:06:46.109 D/GNSS    (  118): LBS_SERVER-DBG:Activity on connection
01-01 00:06:46.109 D/GNSS    (  118): LBS_SERVER-DBG:Events on handle 14 - <0x1>
01-01 00:06:46.109 D/GNSS    (  118): LBS_SERVER-DBG:Recvd Command SOCKET_AGPS_DATA_SIM_INFO
01-01 00:06:46.109 D/GNSS    (  118): LBS_SERVER-DBG:Processing command SOCKET_AGPS_DATA_SIM_INFO SIMID[0]
01-01 00:06:46.109 D/GNSS    (  118): LBS_SERVER-DBG:Command : SOCKET_AGPS_STATUS , Payload Len : 12 , buffer size 25 , fd  14
01-01 00:06:46.109 D/GNSS    (  118): LBS_SERVER-DBG:Sent Command : 
01-01 00:06:46.109 D/GNSS    (  501): LBS_CLIENT-DBG:Select returned with 1 events
01-01 00:06:46.119 I/ContactLocale(  725): AddressBook Labels [en_US]: [, A, B, C, D, E, F, G, H, I, J, K, L, M, N, O, P, Q, R, S, T, U, V, W, X, Y, Z, , , , , , , , , , , , , , , , , , , , , , , , , , , , , , , , , , , , , , , , , , , , , , , , , , , , , , , , , , , , , , , , , , , , , , , , , , , , , , , , , , , , , , , , , , , , , , , , , , , , , , , , , , , , , , , , , , , , , , , , , , , , , , , , , , , , , , , , , , , , , , , , , , , , , , , , , , , , , , , , , , , , , , , , , , , , , , , , , , , , , , #, ]
01-01 00:06:46.119 D/GNSS    (  501): LBS_CLIENT-DBG:GPSINTERFACE: agps_init : SimId[0]
01-01 00:06:46.119 I/GNSS    (  501): LBS_CLIENT-INF:gpsclient_NotificationInit
01-01 00:06:46.139 D/GNSS    (  501): LBS_CLIENT-DBG:GPSINTERFACE: gpsThread_CallbackEventHandler Pending callback value 2
01-01 00:06:46.429 I/dalvikvm(  634): Total arena pages for JIT: 201
01-01 00:06:46.429 I/dalvikvm(  634): Total arena pages for JIT: 202
01-01 00:06:46.429 I/dalvikvm(  634): Total arena pages for JIT: 203
01-01 00:06:46.429 I/dalvikvm(  634): Total arena pages for JIT: 204
01-01 00:06:46.499 I/dalvikvm(  501): Total arena pages for JIT: 201
01-01 00:06:46.509 I/dalvikvm(  501): Total arena pages for JIT: 202
01-01 00:06:46.509 I/dalvikvm(  501): Total arena pages for JIT: 203
01-01 00:06:46.509 I/dalvikvm(  501): Total arena pages for JIT: 204
01-01 00:06:46.509 I/dalvikvm(  501): Total arena pages for JIT: 205
01-01 00:06:46.509 I/dalvikvm(  501): Total arena pages for JIT: 206
01-01 00:06:46.509 I/dalvikvm(  501): Total arena pages for JIT: 207
01-01 00:06:46.509 I/dalvikvm(  501): Total arena pages for JIT: 208
01-01 00:06:46.509 I/dalvikvm(  501): Total arena pages for JIT: 209
01-01 00:06:46.509 I/dalvikvm(  501): Total arena pages for JIT: 210
01-01 00:06:46.509 I/dalvikvm(  501): Total arena pages for JIT: 211
01-01 00:06:46.509 I/dalvikvm(  501): Total arena pages for JIT: 212
01-01 00:06:46.509 I/dalvikvm(  501): Total arena pages for JIT: 213
01-01 00:06:46.509 I/dalvikvm(  501): Total arena pages for JIT: 214
01-01 00:06:46.509 I/dalvikvm(  501): Total arena pages for JIT: 215
01-01 00:06:46.509 I/dalvikvm(  501): Total arena pages for JIT: 216
01-01 00:06:46.509 I/dalvikvm(  501): Total arena pages for JIT: 217
01-01 00:06:46.509 I/dalvikvm(  501): Total arena pages for JIT: 218
01-01 00:06:46.519 I/dalvikvm(  501): Total arena pages for JIT: 219
01-01 00:06:46.519 I/dalvikvm(  501): Total arena pages for JIT: 220
01-01 00:06:46.519 I/dalvikvm(  501): Total arena pages for JIT: 221
01-01 00:06:46.519 I/dalvikvm(  501): Total arena pages for JIT: 222
01-01 00:06:46.519 I/dalvikvm(  501): Total arena pages for JIT: 223
01-01 00:06:46.519 I/dalvikvm(  501): Total arena pages for JIT: 224
01-01 00:06:46.519 I/dalvikvm(  501): Total arena pages for JIT: 225
01-01 00:06:46.519 I/dalvikvm(  501): Total arena pages for JIT: 226
01-01 00:06:46.519 I/dalvikvm(  501): Total arena pages for JIT: 227
01-01 00:06:46.519 I/dalvikvm(  501): Total arena pages for JIT: 228
01-01 00:06:46.519 I/dalvikvm(  501): Total arena pages for JIT: 229
01-01 00:06:46.519 I/dalvikvm(  501): Total arena pages for JIT: 230
01-01 00:06:46.519 D/KeyguardHostView(  558): showNextSecurityScreenOrFinish(false)
01-01 00:06:46.539 I/dalvikvm(  501): Total arena pages for JIT: 231
01-01 00:06:46.539 I/dalvikvm(  501): Total arena pages for JIT: 232
01-01 00:06:46.539 I/dalvikvm(  501): Total arena pages for JIT: 233
01-01 00:06:46.539 I/dalvikvm(  501): Total arena pages for JIT: 234
01-01 00:06:46.539 I/dalvikvm(  501): Total arena pages for JIT: 235
01-01 00:06:46.559 I/dalvikvm(  501): Total arena pages for JIT: 236
01-01 00:06:46.559 I/dalvikvm(  501): Total arena pages for JIT: 237
01-01 00:06:46.559 I/dalvikvm(  501): Total arena pages for JIT: 238
01-01 00:06:46.559 I/dalvikvm(  501): Total arena pages for JIT: 239
01-01 00:06:46.559 I/dalvikvm(  501): Total arena pages for JIT: 240
01-01 00:06:46.569 I/dalvikvm(  501): Total arena pages for JIT: 241
01-01 00:06:46.579 D/KeyguardViewMediator(  558): keyguardDone(true)
01-01 00:06:46.589 I/dalvikvm(  501): Total arena pages for JIT: 242
01-01 00:06:46.589 I/dalvikvm(  501): Total arena pages for JIT: 243
01-01 00:06:46.589 I/dalvikvm(  501): Total arena pages for JIT: 244
01-01 00:06:46.589 I/dalvikvm(  501): Total arena pages for JIT: 245
01-01 00:06:46.589 I/dalvikvm(  501): Total arena pages for JIT: 246
01-01 00:06:46.589 I/dalvikvm(  501): Total arena pages for JIT: 247
01-01 00:06:46.589 I/dalvikvm(  501): Total arena pages for JIT: 248
01-01 00:06:46.589 I/dalvikvm(  501): Total arena pages for JIT: 249
01-01 00:06:46.589 I/dalvikvm(  501): Total arena pages for JIT: 250
01-01 00:06:46.589 I/dalvikvm(  501): Total arena pages for JIT: 251
01-01 00:06:46.599 I/dalvikvm(  501): Total arena pages for JIT: 252
01-01 00:06:46.599 I/dalvikvm(  501): Total arena pages for JIT: 253
01-01 00:06:46.599 I/dalvikvm(  501): Total arena pages for JIT: 254
01-01 00:06:46.599 I/dalvikvm(  501): Total arena pages for JIT: 255
01-01 00:06:46.599 I/dalvikvm(  501): Total arena pages for JIT: 256
01-01 00:06:46.599 I/dalvikvm(  501): Total arena pages for JIT: 257
01-01 00:06:46.599 I/dalvikvm(  501): Total arena pages for JIT: 258
01-01 00:06:46.599 I/dalvikvm(  501): Total arena pages for JIT: 259
01-01 00:06:46.599 I/dalvikvm(  501): Total arena pages for JIT: 260
01-01 00:06:46.599 I/dalvikvm(  501): Total arena pages for JIT: 261
01-01 00:06:46.599 I/dalvikvm(  501): Total arena pages for JIT: 262
01-01 00:06:46.609 I/dalvikvm(  501): Total arena pages for JIT: 263
01-01 00:06:46.609 I/dalvikvm(  501): Total arena pages for JIT: 264
01-01 00:06:46.609 I/dalvikvm(  501): Total arena pages for JIT: 265
01-01 00:06:46.619 I/dalvikvm(  501): Total arena pages for JIT: 266
01-01 00:06:46.619 I/dalvikvm(  501): Total arena pages for JIT: 267
01-01 00:06:46.619 I/dalvikvm(  501): Total arena pages for JIT: 268
01-01 00:06:46.619 I/dalvikvm(  501): Total arena pages for JIT: 269
01-01 00:06:46.619 I/ActivityManager(  501): Delay finish: com.android.mms/.transaction.MmsSystemEventReceiver
01-01 00:06:46.649 I/dalvikvm(  501): Total arena pages for JIT: 270
01-01 00:06:46.649 I/dalvikvm(  501): Total arena pages for JIT: 271
01-01 00:06:46.649 I/dalvikvm(  501): Total arena pages for JIT: 272
01-01 00:06:46.649 I/dalvikvm(  501): Total arena pages for JIT: 273
01-01 00:06:46.649 I/dalvikvm(  501): Total arena pages for JIT: 274
01-01 00:06:46.649 I/dalvikvm(  501): Total arena pages for JIT: 275
01-01 00:06:46.659 D/KeyguardUpdateMonitor(  558): received broadcast android.intent.action.BATTERY_CHANGED
01-01 00:06:46.669 I/dalvikvm(  501): Total arena pages for JIT: 276
01-01 00:06:46.669 I/dalvikvm(  501): Total arena pages for JIT: 277
01-01 00:06:46.679 D/KeyguardViewMediator(  558): handleKeyguardDone
01-01 00:06:46.679 D/KeyguardViewMediator(  558): handleHide
01-01 00:06:46.679 I/dalvikvm(  501): Total arena pages for JIT: 278
01-01 00:06:46.679 I/dalvikvm(  501): Total arena pages for JIT: 279
01-01 00:06:46.679 I/dalvikvm(  501): Total arena pages for JIT: 280
01-01 00:06:46.679 I/dalvikvm(  501): Total arena pages for JIT: 281
01-01 00:06:46.709 I/dalvikvm(  501): Total arena pages for JIT: 282
01-01 00:06:46.719 I/dalvikvm(  501): Total arena pages for JIT: 283
01-01 00:06:46.719 I/dalvikvm(  501): Total arena pages for JIT: 284
01-01 00:06:46.719 I/dalvikvm(  501): Total arena pages for JIT: 285
01-01 00:06:46.719 I/dalvikvm(  501): Total arena pages for JIT: 286
01-01 00:06:46.719 I/dalvikvm(  501): Total arena pages for JIT: 287
01-01 00:06:46.719 I/dalvikvm(  501): Total arena pages for JIT: 288
01-01 00:06:46.719 I/dalvikvm(  501): Total arena pages for JIT: 289
01-01 00:06:46.719 I/dalvikvm(  501): Total arena pages for JIT: 290
01-01 00:06:46.719 I/dalvikvm(  501): Total arena pages for JIT: 291
01-01 00:06:46.719 I/dalvikvm(  501): Total arena pages for JIT: 292
01-01 00:06:46.719 I/dalvikvm(  501): Total arena pages for JIT: 293
01-01 00:06:46.729 I/dalvikvm(  501): Total arena pages for JIT: 294
01-01 00:06:46.729 I/dalvikvm(  501): Total arena pages for JIT: 295
01-01 00:06:46.729 I/dalvikvm(  501): Total arena pages for JIT: 296
01-01 00:06:46.729 I/dalvikvm(  501): Total arena pages for JIT: 297
01-01 00:06:46.729 I/dalvikvm(  501): Total arena pages for JIT: 298
01-01 00:06:46.729 I/dalvikvm(  501): Total arena pages for JIT: 299
01-01 00:06:46.729 I/dalvikvm(  501): Total arena pages for JIT: 300
01-01 00:06:46.729 I/dalvikvm(  501): Total arena pages for JIT: 301
01-01 00:06:46.729 I/dalvikvm(  501): Total arena pages for JIT: 302
01-01 00:06:46.729 I/dalvikvm(  501): Total arena pages for JIT: 303
01-01 00:06:46.739 I/dalvikvm(  501): Total arena pages for JIT: 304
01-01 00:06:46.739 I/dalvikvm(  501): Total arena pages for JIT: 305
01-01 00:06:46.739 I/dalvikvm(  501): Total arena pages for JIT: 306
01-01 00:06:46.739 I/dalvikvm(  501): Total arena pages for JIT: 307
01-01 00:06:46.739 I/dalvikvm(  501): Total arena pages for JIT: 308
01-01 00:06:46.739 I/dalvikvm(  501): Total arena pages for JIT: 309
01-01 00:06:46.739 I/dalvikvm(  501): Total arena pages for JIT: 310
01-01 00:06:46.749 I/dalvikvm(  501): Total arena pages for JIT: 311
01-01 00:06:46.749 I/dalvikvm(  501): Total arena pages for JIT: 312
01-01 00:06:46.749 I/dalvikvm(  501): Total arena pages for JIT: 313
01-01 00:06:46.749 I/dalvikvm(  501): Total arena pages for JIT: 314
01-01 00:06:46.749 I/dalvikvm(  501): Total arena pages for JIT: 315
01-01 00:06:46.749 I/dalvikvm(  501): Total arena pages for JIT: 316
01-01 00:06:46.749 I/dalvikvm(  501): Total arena pages for JIT: 317
01-01 00:06:46.759 I/dalvikvm(  501): Total arena pages for JIT: 318
01-01 00:06:46.759 I/dalvikvm(  501): Total arena pages for JIT: 319
01-01 00:06:46.759 I/dalvikvm(  501): Total arena pages for JIT: 320
01-01 00:06:46.759 I/dalvikvm(  501): Total arena pages for JIT: 321
01-01 00:06:46.759 I/dalvikvm(  501): Total arena pages for JIT: 322
01-01 00:06:46.769 I/dalvikvm(  501): Total arena pages for JIT: 323
01-01 00:06:46.769 I/dalvikvm(  501): Total arena pages for JIT: 324
01-01 00:06:46.769 I/dalvikvm(  501): Total arena pages for JIT: 325
01-01 00:06:46.769 I/dalvikvm(  501): Total arena pages for JIT: 326
01-01 00:06:46.769 I/dalvikvm(  501): Total arena pages for JIT: 327
01-01 00:06:46.769 I/dalvikvm(  501): Total arena pages for JIT: 328
01-01 00:06:46.769 I/dalvikvm(  501): Total arena pages for JIT: 329
01-01 00:06:46.779 I/dalvikvm(  501): Total arena pages for JIT: 330
01-01 00:06:46.779 I/dalvikvm(  501): Total arena pages for JIT: 331
01-01 00:06:46.779 I/dalvikvm(  501): Total arena pages for JIT: 332
01-01 00:06:46.779 I/dalvikvm(  501): Total arena pages for JIT: 333
01-01 00:06:46.779 I/dalvikvm(  501): Total arena pages for JIT: 334
01-01 00:06:46.779 I/dalvikvm(  501): Total arena pages for JIT: 335
01-01 00:06:46.779 I/dalvikvm(  501): Total arena pages for JIT: 336
01-01 00:06:46.789 I/dalvikvm(  501): Total arena pages for JIT: 337
01-01 00:06:46.789 I/dalvikvm(  501): Total arena pages for JIT: 338
01-01 00:06:46.789 I/dalvikvm(  501): Total arena pages for JIT: 339
01-01 00:06:46.789 I/dalvikvm(  501): Total arena pages for JIT: 340
01-01 00:06:46.789 I/dalvikvm(  501): Total arena pages for JIT: 341
01-01 00:06:46.789 I/dalvikvm(  501): Total arena pages for JIT: 342
01-01 00:06:46.799 I/dalvikvm(  501): Total arena pages for JIT: 343
01-01 00:06:46.799 I/dalvikvm(  501): Total arena pages for JIT: 344
01-01 00:06:46.799 I/dalvikvm(  501): Total arena pages for JIT: 345
01-01 00:06:46.799 I/dalvikvm(  501): Total arena pages for JIT: 346
01-01 00:06:46.799 I/dalvikvm(  501): Total arena pages for JIT: 347
01-01 00:06:46.799 I/dalvikvm(  501): Total arena pages for JIT: 348
01-01 00:06:46.809 I/dalvikvm(  501): Total arena pages for JIT: 349
01-01 00:06:46.809 I/dalvikvm(  501): Total arena pages for JIT: 350
01-01 00:06:46.809 I/dalvikvm(  501): Total arena pages for JIT: 351
01-01 00:06:46.809 I/dalvikvm(  501): Total arena pages for JIT: 352
01-01 00:06:46.809 I/dalvikvm(  501): Total arena pages for JIT: 353
01-01 00:06:46.809 I/dalvikvm(  634): Total arena pages for JIT: 205
01-01 00:06:46.819 I/dalvikvm(  501): Total arena pages for JIT: 354
01-01 00:06:46.819 I/dalvikvm(  501): Total arena pages for JIT: 355
01-01 00:06:46.819 I/dalvikvm(  501): Total arena pages for JIT: 356
01-01 00:06:46.819 I/dalvikvm(  501): Total arena pages for JIT: 357
01-01 00:06:46.819 I/dalvikvm(  501): Total arena pages for JIT: 358
01-01 00:06:46.819 I/dalvikvm(  501): Total arena pages for JIT: 359
01-01 00:06:46.829 I/dalvikvm(  501): Total arena pages for JIT: 360
01-01 00:06:46.829 I/dalvikvm(  501): Total arena pages for JIT: 361
01-01 00:06:46.829 I/dalvikvm(  501): Total arena pages for JIT: 362
01-01 00:06:46.829 I/dalvikvm(  501): Total arena pages for JIT: 363
01-01 00:06:46.829 I/dalvikvm(  501): Total arena pages for JIT: 364
01-01 00:06:46.829 I/dalvikvm(  501): Total arena pages for JIT: 365
01-01 00:06:46.829 I/dalvikvm(  501): Total arena pages for JIT: 366
01-01 00:06:46.839 I/dalvikvm(  501): Total arena pages for JIT: 367
01-01 00:06:46.839 I/dalvikvm(  501): Total arena pages for JIT: 368
01-01 00:06:46.839 I/dalvikvm(  501): Total arena pages for JIT: 369
01-01 00:06:46.849 I/dalvikvm(  501): Total arena pages for JIT: 370
01-01 00:06:46.849 I/dalvikvm(  501): Total arena pages for JIT: 371
01-01 00:06:46.849 I/dalvikvm(  501): Total arena pages for JIT: 372
01-01 00:06:46.849 I/dalvikvm(  501): Total arena pages for JIT: 373
01-01 00:06:46.859 I/dalvikvm(  501): Total arena pages for JIT: 374
01-01 00:06:46.859 I/dalvikvm(  501): Total arena pages for JIT: 375
01-01 00:06:46.859 I/dalvikvm(  501): Total arena pages for JIT: 376
01-01 00:06:46.869 I/dalvikvm(  501): Total arena pages for JIT: 377
01-01 00:06:46.869 I/dalvikvm(  501): Total arena pages for JIT: 378
01-01 00:06:46.869 D/AUD_HAL (  111): out_set_parameters - kvpairs = routing=2
01-01 00:06:46.869 D/AUD_HAL (  111): out_set_parameters - old adev->out_device 1, new out_device 2
01-01 00:06:46.869 D/AUD_HAL (  111): audio_hw_out_dev_update called
01-01 00:06:46.869 D/AUD_HAL (  111): audio_hw_device_out_route
01-01 00:06:46.869 D/AUD_HAL (  111): all routes are marked AUDIO_HW_UTA_ROUTE_UNCONNECTED
01-01 00:06:46.869 D/AUD_HAL (  111): all routes are marked AUDIO_HW_UTA_ROUTE_UNCONNECTED
01-01 00:06:46.869 D/AUD_HAL (  111): All mails processed in audio driver event queue - total sleep = 0 ms
01-01 00:06:46.869 D/AUD_HAL (  111): audio_hw_device_out_route returned success!
01-01 00:06:46.869 D/AUD_HAL (  111): audio_hw_out_dev_update called
01-01 00:06:46.869 D/AUD_HAL (  111): audio_hw_device_out_route
01-01 00:06:46.869 D/AUD_HAL (  111): all routes are marked AUDIO_HW_UTA_ROUTE_UNCONNECTED
01-01 00:06:46.869 D/AUD_HAL (  111): all routes are marked AUDIO_HW_UTA_ROUTE_UNCONNECTED
01-01 00:06:46.869 D/AUD_HAL (  111): All mails processed in audio driver event queue - total sleep = 0 ms
01-01 00:06:46.869 D/AUD_HAL (  111): audio_hw_device_out_route returned success!
01-01 00:06:46.869 D/AUD_HAL (  111): out_set_parameters - out_device updated to - 0x00000002
01-01 00:06:46.869 D/KeyguardViewManager(  558): hide()
01-01 00:06:46.879 D/AUD_HAL (  111): Output stream is in standby => call audio_hw_open_out_stream()
01-01 00:06:46.889 D/AUD_HAL (  111): audio_hw_out_dev_update called
01-01 00:06:46.889 D/AUD_HAL (  111): audio_hw_device_out_route
01-01 00:06:46.889 D/AUD_HAL (  111): all routes are marked AUDIO_HW_UTA_ROUTE_UNCONNECTED
01-01 00:06:46.889 D/AUD_HAL (  111): output device bit 1 found
01-01 00:06:46.889 D/AUD_HAL (  111): audio_hw_uta_set_dst_for_src - uta_src 6
01-01 00:06:46.889 D/AUD_HAL (  111): nof_uta_dst 0
01-01 00:06:46.889 D/AUD_HAL (  111): uta_dst_array[0] = 0
01-01 00:06:46.889 D/AUD_HAL (  111): uta_dst_array[1] = 0
01-01 00:06:46.889 D/AUD_HAL (  111): uta_dst_array[2] = 0
01-01 00:06:46.889 D/AUD_HAL (  111): audio_hw_uta_set_dst_for_src - uta_src 6
01-01 00:06:46.889 D/AUD_HAL (  111): nof_uta_dst 1
01-01 00:06:46.889 D/AUD_HAL (  111): uta_dst_array[0] = 1
01-01 00:06:46.889 D/AUD_HAL (  111): uta_dst_array[1] = 0
01-01 00:06:46.889 D/AUD_HAL (  111): uta_dst_array[2] = 0
01-01 00:06:46.889 W/AUD_IMAS(  111): UtaAudioSetDestinationsForSource - aud_src = 6, destinations = 2
01-01 00:06:46.889 E/AUD_DSP_LIB(  111): dsp_aud_power_save_disable: Trying to enable DSP power via RPC
01-01 00:06:46.889 I/AUD_DSP_LIB(  111): dsp_aud_handle_silent_source - modem_support = 1 hence DO call RPC to enable/disable silent src on CP side
01-01 00:06:46.889 D/AUD_HAL (  111): Active source UTA_AUDIO_SOURCE_PCM_GENERAL
01-01 00:06:46.889 W/AUD_HAL (  111): mode = AUDIO_HW_ILLEGAL_MODE for source UTA_AUDIO_SOURCE_PCM_GENERAL
01-01 00:06:46.889 D/AUD_HAL (  111): Connected route from UTA_AUDIO_SOURCE_PCM_GENERAL to UTA_AUDIO_DESTINATION_ANALOG_OUT
01-01 00:06:46.889 D/AUD_HAL (  111): UTA_AUDIO_DESTINATION_ANALOG_OUT destination configured to UTA_AUDIO_ANALOG_DEST_BACKSPEAKER
01-01 00:06:46.889 D/AUD_HAL (  111): Mails are pending in audio driver event queue -> sleep 20 ms
01-01 00:06:46.909 D/AUD_HAL (  111): Mails are pending in audio driver event queue -> sleep 20 ms
